Archive member included to satisfy reference by file (symbol)

C:/Users/jwhz0/.pico-sdk/toolchain/14_2_Rel1/bin/../lib/gcc/arm-none-eabi/14.2.1/thumb/v6-m/nofp\libgcc.a(_dvmd_tls.o)
                              CMakeFiles/Ultrasonic.dir/C_/Users/jwhz0/.pico-sdk/sdk/2.2.0/src/rp2_common/pico_divider/divider_hardware.S.obj (__aeabi_idiv0)
C:/Users/jwhz0/.pico-sdk/toolchain/14_2_Rel1/bin/../lib/gcc/arm-none-eabi/14.2.1/thumb/v6-m/nofp\libg.a(libc_a-atoi.o)
                              CMakeFiles/Ultrasonic.dir/C_/Users/jwhz0/.pico-sdk/sdk/2.2.0/lib/lwip/src/core/netif.c.obj (atoi)
C:/Users/jwhz0/.pico-sdk/toolchain/14_2_Rel1/bin/../lib/gcc/arm-none-eabi/14.2.1/thumb/v6-m/nofp\libg.a(libc_a-calloc.o)
                              CMakeFiles/Ultrasonic.dir/C_/Users/jwhz0/.pico-sdk/sdk/2.2.0/src/rp2_common/pico_malloc/malloc.c.obj (calloc)
C:/Users/jwhz0/.pico-sdk/toolchain/14_2_Rel1/bin/../lib/gcc/arm-none-eabi/14.2.1/thumb/v6-m/nofp\libg.a(libc_a-callocr.o)
                              C:/Users/jwhz0/.pico-sdk/toolchain/14_2_Rel1/bin/../lib/gcc/arm-none-eabi/14.2.1/thumb/v6-m/nofp\libg.a(libc_a-calloc.o) (_calloc_r)
C:/Users/jwhz0/.pico-sdk/toolchain/14_2_Rel1/bin/../lib/gcc/arm-none-eabi/14.2.1/thumb/v6-m/nofp\libg.a(libc_a-malloc.o)
                              CMakeFiles/Ultrasonic.dir/C_/Users/jwhz0/.pico-sdk/sdk/2.2.0/src/rp2_common/pico_malloc/malloc.c.obj (malloc)
C:/Users/jwhz0/.pico-sdk/toolchain/14_2_Rel1/bin/../lib/gcc/arm-none-eabi/14.2.1/thumb/v6-m/nofp\libg.a(libc_a-mallocr.o)
                              C:/Users/jwhz0/.pico-sdk/toolchain/14_2_Rel1/bin/../lib/gcc/arm-none-eabi/14.2.1/thumb/v6-m/nofp\libg.a(libc_a-callocr.o) (_malloc_r)
C:/Users/jwhz0/.pico-sdk/toolchain/14_2_Rel1/bin/../lib/gcc/arm-none-eabi/14.2.1/thumb/v6-m/nofp\libg.a(libc_a-mlock.o)
                              C:/Users/jwhz0/.pico-sdk/toolchain/14_2_Rel1/bin/../lib/gcc/arm-none-eabi/14.2.1/thumb/v6-m/nofp\libg.a(libc_a-mallocr.o) (__malloc_lock)
C:/Users/jwhz0/.pico-sdk/toolchain/14_2_Rel1/bin/../lib/gcc/arm-none-eabi/14.2.1/thumb/v6-m/nofp\libg.a(libc_a-realloc.o)
                              CMakeFiles/Ultrasonic.dir/C_/Users/jwhz0/.pico-sdk/sdk/2.2.0/src/rp2_common/pico_malloc/malloc.c.obj (realloc)
C:/Users/jwhz0/.pico-sdk/toolchain/14_2_Rel1/bin/../lib/gcc/arm-none-eabi/14.2.1/thumb/v6-m/nofp\libg.a(libc_a-reallocr.o)
                              C:/Users/jwhz0/.pico-sdk/toolchain/14_2_Rel1/bin/../lib/gcc/arm-none-eabi/14.2.1/thumb/v6-m/nofp\libg.a(libc_a-realloc.o) (_realloc_r)
C:/Users/jwhz0/.pico-sdk/toolchain/14_2_Rel1/bin/../lib/gcc/arm-none-eabi/14.2.1/thumb/v6-m/nofp\libg.a(libc_a-strtol.o)
                              C:/Users/jwhz0/.pico-sdk/toolchain/14_2_Rel1/bin/../lib/gcc/arm-none-eabi/14.2.1/thumb/v6-m/nofp\libg.a(libc_a-atoi.o) (_strtol_r)
C:/Users/jwhz0/.pico-sdk/toolchain/14_2_Rel1/bin/../lib/gcc/arm-none-eabi/14.2.1/thumb/v6-m/nofp\libg.a(libc_a-ctype_.o)
                              CMakeFiles/Ultrasonic.dir/C_/Users/jwhz0/.pico-sdk/sdk/2.2.0/lib/lwip/src/core/dns.c.obj (_ctype_)
C:/Users/jwhz0/.pico-sdk/toolchain/14_2_Rel1/bin/../lib/gcc/arm-none-eabi/14.2.1/thumb/v6-m/nofp\libg.a(libc_a-memcmp.o)
                              CMakeFiles/Ultrasonic.dir/C_/Users/jwhz0/.pico-sdk/sdk/2.2.0/src/rp2_common/pico_atomic/atomic.c.obj (memcmp)
C:/Users/jwhz0/.pico-sdk/toolchain/14_2_Rel1/bin/../lib/gcc/arm-none-eabi/14.2.1/thumb/v6-m/nofp\libg.a(libc_a-memmove.o)
                              CMakeFiles/Ultrasonic.dir/C_/Users/jwhz0/.pico-sdk/sdk/2.2.0/lib/lwip/src/core/def.c.obj (memmove)
C:/Users/jwhz0/.pico-sdk/toolchain/14_2_Rel1/bin/../lib/gcc/arm-none-eabi/14.2.1/thumb/v6-m/nofp\libg.a(libc_a-strncmp.o)
                              CMakeFiles/Ultrasonic.dir/C_/Users/jwhz0/.pico-sdk/sdk/2.2.0/lib/lwip/src/core/def.c.obj (strncmp)
C:/Users/jwhz0/.pico-sdk/toolchain/14_2_Rel1/bin/../lib/gcc/arm-none-eabi/14.2.1/thumb/v6-m/nofp\libg.a(libc_a-lcltime_r.o)
                              CMakeFiles/Ultrasonic.dir/C_/Users/jwhz0/.pico-sdk/sdk/2.2.0/src/common/pico_util/datetime.c.obj (localtime_r)
C:/Users/jwhz0/.pico-sdk/toolchain/14_2_Rel1/bin/../lib/gcc/arm-none-eabi/14.2.1/thumb/v6-m/nofp\libg.a(libc_a-mktime.o)
                              CMakeFiles/Ultrasonic.dir/C_/Users/jwhz0/.pico-sdk/sdk/2.2.0/src/common/pico_util/datetime.c.obj (mktime)
C:/Users/jwhz0/.pico-sdk/toolchain/14_2_Rel1/bin/../lib/gcc/arm-none-eabi/14.2.1/thumb/v6-m/nofp\libg.a(libc_a-month_lengths.o)
                              C:/Users/jwhz0/.pico-sdk/toolchain/14_2_Rel1/bin/../lib/gcc/arm-none-eabi/14.2.1/thumb/v6-m/nofp\libg.a(libc_a-lcltime_r.o) (__month_lengths)
C:/Users/jwhz0/.pico-sdk/toolchain/14_2_Rel1/bin/../lib/gcc/arm-none-eabi/14.2.1/thumb/v6-m/nofp\libg.a(libc_a-tzcalc_limits.o)
                              C:/Users/jwhz0/.pico-sdk/toolchain/14_2_Rel1/bin/../lib/gcc/arm-none-eabi/14.2.1/thumb/v6-m/nofp\libg.a(libc_a-lcltime_r.o) (__tzcalc_limits)
[...]
Memory Configuration

Name             Origin             Length             Attributes
FLASH            0x10000000         0x00200000         xr
RAM              0x20000000         0x00040000         xrw
SCRATCH_X        0x20040000         0x00001000         xrw
SCRATCH_Y        0x20041000         0x00001000         xrw
*default*        0x00000000         0xffffffff

Linker script and memory map

LOAD C:/Users/jwhz0/.pico-sdk/toolchain/14_2_Rel1/bin/../lib/gcc/arm-none-eabi/14.2.1/thumb/v6-m/nofp/crti.o
LOAD C:/Users/jwhz0/.pico-sdk/toolchain/14_2_Rel1/bin/../lib/gcc/arm-none-eabi/14.2.1/thumb/v6-m/nofp/crtbegin.o
LOAD C:/Users/jwhz0/.pico-sdk/toolchain/14_2_Rel1/bin/../lib/gcc/arm-none-eabi/14.2.1/thumb/v6-m/nofp/crt0.o

.flash_begin    0x10000000        0x0
                0x10000000                        __flash_binary_start = .

.boot2          0x10000000      0x100
                0x10000000                        __boot2_start__ = .
 *(.boot2)
 .boot2         0x10000000      0x100 pico-sdk/src/rp2040/boot_stage2/CMakeFiles/bs2_default_library.dir/./bs2_default_padded_checksummed.S.obj
                0x10000100                        __boot2_end__ = .
                0x00000001                        ASSERT (((__boot2_end__ - __boot2_start__) == 0x100), ERROR: Pico second stage bootloader must be 256 bytes in size)

.text           0x10000100    0x19fcc
                0x10000100                        __logical_binary_start = .
 *(.vectors)
 .vectors       0x10000100       0xd4 CMakeFiles/Ultrasonic.dir/C_/Users/jwhz0/.pico-sdk/sdk/2.2.0/src/rp2_common/pico_crt0/crt0.S.obj
                0x10000100                __VECTOR_TABLE
                0x10000100                __vectors
                0x100001c0                isr_irq13
                0x100001c0                isr_irq27
                0x100001c0                isr_irq31
                0x100001c0                isr_irq12
                0x100001c0                isr_irq5
                0x100001c0                isr_irq11
                0x100001c0                isr_irq3
                0x100001c0                isr_irq23
                0x100001c0                __unhandled_user_irq
                0x100001c0                isr_irq26
                0x100001c0                isr_irq28
                0x100001c0                isr_irq19
                0x100001c0                isr_irq0
                0x100001c0                isr_irq6
                0x100001c0                isr_irq29
                0x100001c0                isr_irq16
                0x100001c0                isr_irq22
                0x100001c0                isr_irq18
                0x100001c0                isr_irq17
                0x100001c0                isr_irq14
                0x100001c0                __vectors_end
                0x100001c0                __default_isrs_start
                0x100001c0                isr_irq2
                0x100001c0                isr_irq10
                0x100001c0                isr_irq8
                0x100001c0                isr_irq24
                0x100001c0                isr_irq1
                0x100001c0                isr_irq7
                0x100001c0                isr_irq21
                0x100001c0                isr_irq20
                0x100001c0                isr_irq15
                0x100001c0                isr_irq25
                0x100001c0                isr_irq4
                0x100001c0                isr_irq30
                0x100001c0                isr_irq9
                0x100001c6                unhandled_user_irq_num_in_r0
                0x100001c8                isr_invalid
                0x100001ca                isr_nmi
                0x100001cc                isr_hardfault
                0x100001ce                isr_svcall
                0x100001d0                isr_pendsv
                0x100001d2                isr_systick
                0x100001d4                __default_isrs_end
 *(.binary_info_header)
 .binary_info_header
                0x100001d4       0x14 CMakeFiles/Ultrasonic.dir/C_/Users/jwhz0/.pico-sdk/sdk/2.2.0/src/rp2_common/pico_crt0/crt0.S.obj
                0x100001e8                        __binary_info_header_end = .
 *(.embedded_block)
                0x100001e8                        __embedded_block_end = .
 *(.reset)
 .reset         0x100001e8       0x9c CMakeFiles/Ultrasonic.dir/C_/Users/jwhz0/.pico-sdk/sdk/2.2.0/src/rp2_common/pico_crt0/crt0.S.obj
                0x100001e8                _entry_point
 *(.init)
 .init          0x10000284        0x4 C:/Users/jwhz0/.pico-sdk/toolchain/14_2_Rel1/bin/../lib/gcc/arm-none-eabi/14.2.1/thumb/v6-m/nofp/crti.o
                0x10000284                _init
 *(EXCLUDE_FILE(*libm.a: *libc.a:*lib_a-mem*.o *libgcc.a:) .text*)
 .text.register_tm_clones
                0x10000288       0x28 C:/Users/jwhz0/.pico-sdk/toolchain/14_2_Rel1/bin/../lib/gcc/arm-none-eabi/14.2.1/thumb/v6-m/nofp/crtbegin.o
 .text.frame_dummy
                0x100002b0       0x24 C:/Users/jwhz0/.pico-sdk/toolchain/14_2_Rel1/bin/../lib/gcc/arm-none-eabi/14.2.1/thumb/v6-m/nofp/crtbegin.o
 .text.print_system_info
                0x100002d4      0x15c CMakeFiles/Ultrasonic.dir/main.c.obj
                0x100002d4                print_system_info
 .text.check_forward_path
                0x10000430       0x8c CMakeFiles/Ultrasonic.dir/main.c.obj
                0x10000430                check_forward_path
 .text.demo_obstacle_avoidance
                0x100004bc      0x270 CMakeFiles/Ultrasonic.dir/main.c.obj
                0x100004bc                demo_obstacle_avoidance
 .text.startup.main
                0x1000072c      0x124 CMakeFiles/Ultrasonic.dir/main.c.obj
                0x1000072c                main
 .text.ultrasonic_init
                0x10000850       0x24 CMakeFiles/Ultrasonic.dir/ultrasonic.c.obj
                0x10000850                ultrasonic_init
 .text.ultrasonic_get_distance
                0x10000874       0xf0 CMakeFiles/Ultrasonic.dir/ultrasonic.c.obj
                0x10000874                ultrasonic_get_distance
 .text.servo_init
                0x10000964       0x68 CMakeFiles/Ultrasonic.dir/servo.c.obj
                0x10000964                servo_init
 .text.servo_set_angle
                0x100009cc       0x90 CMakeFiles/Ultrasonic.dir/servo.c.obj
                0x100009cc                servo_set_angle
 .text.timer_manager_init
                0x10000a5c       0x38 CMakeFiles/Ultrasonic.dir/timer_manager.c.obj
                0x10000a5c                timer_manager_init
 .text.timer_wait_ms
                0x10000a94       0x34 CMakeFiles/Ultrasonic.dir/timer_manager.c.obj
                0x10000a94                timer_wait_ms
 .text.scanner_init
                0x10000ac8       0x2c CMakeFiles/Ultrasonic.dir/obstacle_scanner.c.obj
                0x10000ac8                scanner_init
 .text.scanner_enable_telemetry
                0x10000af4       0x18 CMakeFiles/Ultrasonic.dir/obstacle_scanner.c.obj
                0x10000af4                scanner_enable_telemetry
 .text.scanner_perform_scan
                0x10000b0c      0x9dc CMakeFiles/Ultrasonic.dir/obstacle_scanner.c.obj
                0x10000b0c                scanner_perform_scan
 .text.scanner_print_results
                0x100014e8       0xb4 CMakeFiles/Ultrasonic.dir/obstacle_scanner.c.obj
                0x100014e8                scanner_print_results
 .text.mqtt_connection_cb
                0x1000159c       0x2c CMakeFiles/Ultrasonic.dir/telemetry.c.obj
 .text.mqtt_pub_request_cb
                0x100015c8       0x14 CMakeFiles/Ultrasonic.dir/telemetry.c.obj
 .text.telemetry_init
                0x100015dc      0x144 CMakeFiles/Ultrasonic.dir/telemetry.c.obj
                0x100015dc                telemetry_init
 .text.telemetry_publish_obstacle_width
                0x10001720       0x9c CMakeFiles/Ultrasonic.dir/telemetry.c.obj
                0x10001720                telemetry_publish_obstacle_width
 .text.telemetry_publish_obstacle_count
                0x100017bc       0x80 CMakeFiles/Ultrasonic.dir/telemetry.c.obj
                0x100017bc                telemetry_publish_obstacle_count
 .text.telemetry_publish_obstacle_distance
                0x1000183c       0x88 CMakeFiles/Ultrasonic.dir/telemetry.c.obj
                0x1000183c                telemetry_publish_obstacle_distance
 .text.telemetry_publish_obstacle_angles
                0x100018c4       0x8c CMakeFiles/Ultrasonic.dir/telemetry.c.obj
                0x100018c4                telemetry_publish_obstacle_angles
 .text.telemetry_publish_obstacle
                0x10001950       0xc4 CMakeFiles/Ultrasonic.dir/telemetry.c.obj
                0x10001950                telemetry_publish_obstacle
 .text.telemetry_publish_scan_results
                0x10001a14      0x11c CMakeFiles/Ultrasonic.dir/telemetry.c.obj
                0x10001a14                telemetry_publish_scan_results
 .text.telemetry_publish_status
                0x10001b30       0x98 CMakeFiles/Ultrasonic.dir/telemetry.c.obj
                0x10001b30                telemetry_publish_status
 .text.telemetry_is_connected
                0x10001bc8       0x24 CMakeFiles/Ultrasonic.dir/telemetry.c.obj
                0x10001bc8                telemetry_is_connected
 .text.telemetry_process
                0x10001bec       0x18 CMakeFiles/Ultrasonic.dir/telemetry.c.obj
                0x10001bec                telemetry_process
 .text.motor_init
                0x10001c04       0x84 CMakeFiles/Ultrasonic.dir/motor.c.obj
                0x10001c04                motor_init
 .text.motor_drive
                0x10001c88      0x184 CMakeFiles/Ultrasonic.dir/motor.c.obj
                0x10001c88                motor_drive
 .text.motor_stop
                0x10001e0c       0x70 CMakeFiles/Ultrasonic.dir/motor.c.obj
                0x10001e0c                motor_stop
 .text.gpio_set_function
                0x10001e7c       0x34 CMakeFiles/Ultrasonic.dir/C_/Users/jwhz0/.pico-sdk/sdk/2.2.0/src/rp2_common/hardware_gpio/gpio.c.obj
                0x10001e7c                gpio_set_function
 .text.gpio_set_pulls
                0x10001eb0       0x28 CMakeFiles/Ultrasonic.dir/C_/Users/jwhz0/.pico-sdk/sdk/2.2.0/src/rp2_common/hardware_gpio/gpio.c.obj
                0x10001eb0                gpio_set_pulls
 .text.gpio_set_input_hysteresis_enabled
                0x10001ed8       0x28 CMakeFiles/Ultrasonic.dir/C_/Users/jwhz0/.pico-sdk/sdk/2.2.0/src/rp2_common/hardware_gpio/gpio.c.obj
                0x10001ed8                gpio_set_input_hysteresis_enabled
 .text.gpio_set_irq_enabled
                0x10001f00       0x58 CMakeFiles/Ultrasonic.dir/C_/Users/jwhz0/.pico-sdk/sdk/2.2.0/src/rp2_common/hardware_gpio/gpio.c.obj
                0x10001f00                gpio_set_irq_enabled
 .text.gpio_add_raw_irq_handler_with_order_priority_masked
                0x10001f58       0x44 CMakeFiles/Ultrasonic.dir/C_/Users/jwhz0/.pico-sdk/sdk/2.2.0/src/rp2_common/hardware_gpio/gpio.c.obj
                0x10001f58                gpio_add_raw_irq_handler_with_order_priority_masked
 .text.gpio_remove_raw_irq_handler_masked
                0x10001f9c       0x20 CMakeFiles/Ultrasonic.dir/C_/Users/jwhz0/.pico-sdk/sdk/2.2.0/src/rp2_common/hardware_gpio/gpio.c.obj
                0x10001f9c                gpio_remove_raw_irq_handler_masked
 .text.gpio_init
                0x10001fbc       0x40 CMakeFiles/Ultrasonic.dir/C_/Users/jwhz0/.pico-sdk/sdk/2.2.0/src/rp2_common/hardware_gpio/gpio.c.obj
                0x10001fbc                gpio_init
 .text.rp2040_chip_version
                0x10001ffc        0xc CMakeFiles/Ultrasonic.dir/C_/Users/jwhz0/.pico-sdk/sdk/2.2.0/src/rp2040/pico_platform/platform.c.obj
                0x10001ffc                rp2040_chip_version
 .text.panic    0x10002008       0x30 CMakeFiles/Ultrasonic.dir/C_/Users/jwhz0/.pico-sdk/sdk/2.2.0/src/rp2_common/pico_platform_panic/panic.c.obj
                0x10002008                panic
 .text.hw_claim_lock
                0x10002038       0x18 CMakeFiles/Ultrasonic.dir/C_/Users/jwhz0/.pico-sdk/sdk/2.2.0/src/common/hardware_claim/claim.c.obj
                0x10002038                hw_claim_lock
 .text.hw_claim_unlock
                0x10002050       0x14 CMakeFiles/Ultrasonic.dir/C_/Users/jwhz0/.pico-sdk/sdk/2.2.0/src/common/hardware_claim/claim.c.obj
                0x10002050                hw_claim_unlock
 .text.hw_claim_or_assert
                0x10002064       0x44 CMakeFiles/Ultrasonic.dir/C_/Users/jwhz0/.pico-sdk/sdk/2.2.0/src/common/hardware_claim/claim.c.obj
                0x10002064                hw_claim_or_assert
 .text.hw_claim_unused_from_range
                0x100020a8       0x88 CMakeFiles/Ultrasonic.dir/C_/Users/jwhz0/.pico-sdk/sdk/2.2.0/src/common/hardware_claim/claim.c.obj
                0x100020a8                hw_claim_unused_from_range
 .text.hw_claim_clear
                0x10002130       0x38 CMakeFiles/Ultrasonic.dir/C_/Users/jwhz0/.pico-sdk/sdk/2.2.0/src/common/hardware_claim/claim.c.obj
                0x10002130                hw_claim_clear
 .text.next_striped_spin_lock_num
                0x10002168       0x18 CMakeFiles/Ultrasonic.dir/C_/Users/jwhz0/.pico-sdk/sdk/2.2.0/src/rp2_common/hardware_sync/sync.c.obj
                0x10002168                next_striped_spin_lock_num
 .text.spin_lock_claim_unused
                0x10002180       0x24 CMakeFiles/Ultrasonic.dir/C_/Users/jwhz0/.pico-sdk/sdk/2.2.0/src/rp2_common/hardware_sync/sync.c.obj
                0x10002180                spin_lock_claim_unused
 .text.spin_locks_reset
                0x100021a4       0x1c CMakeFiles/Ultrasonic.dir/C_/Users/jwhz0/.pico-sdk/sdk/2.2.0/src/rp2_common/hardware_sync_spin_lock/sync_spin_lock.c.obj
                0x100021a4                spin_locks_reset
 .text.runtime_init_per_core_irq_priorities
                0x100021c0       0x24 CMakeFiles/Ultrasonic.dir/C_/Users/jwhz0/.pico-sdk/sdk/2.2.0/src/rp2_common/hardware_irq/irq.c.obj
                0x100021c0                runtime_init_per_core_irq_priorities
 .text.irq_set_enabled
                0x100021e4       0x24 CMakeFiles/Ultrasonic.dir/C_/Users/jwhz0/.pico-sdk/sdk/2.2.0/src/rp2_common/hardware_irq/irq.c.obj
                0x100021e4                irq_set_enabled
 .text.irq_is_enabled
                0x10002208       0x18 CMakeFiles/Ultrasonic.dir/C_/Users/jwhz0/.pico-sdk/sdk/2.2.0/src/rp2_common/hardware_irq/irq.c.obj
                0x10002208                irq_is_enabled
 .text.irq_set_pending
                0x10002220       0x10 CMakeFiles/Ultrasonic.dir/C_/Users/jwhz0/.pico-sdk/sdk/2.2.0/src/rp2_common/hardware_irq/irq.c.obj
                0x10002220                irq_set_pending
 .text.irq_has_shared_handler
                0x10002230       0x24 CMakeFiles/Ultrasonic.dir/C_/Users/jwhz0/.pico-sdk/sdk/2.2.0/src/rp2_common/hardware_irq/irq.c.obj
                0x10002230                irq_has_shared_handler
 .text.irq_set_exclusive_handler
                0x10002254       0x54 CMakeFiles/Ultrasonic.dir/C_/Users/jwhz0/.pico-sdk/sdk/2.2.0/src/rp2_common/hardware_irq/irq.c.obj
                0x10002254                irq_set_exclusive_handler
 .text.irq_add_shared_handler
                0x100022a8      0x1f4 CMakeFiles/Ultrasonic.dir/C_/Users/jwhz0/.pico-sdk/sdk/2.2.0/src/rp2_common/hardware_irq/irq.c.obj
                0x100022a8                irq_add_shared_handler
 .text.irq_remove_handler
                0x1000249c      0x1d4 CMakeFiles/Ultrasonic.dir/C_/Users/jwhz0/.pico-sdk/sdk/2.2.0/src/rp2_common/hardware_irq/irq.c.obj
                0x1000249c                irq_remove_handler
 .text.irq_set_priority
                0x10002670       0x28 CMakeFiles/Ultrasonic.dir/C_/Users/jwhz0/.pico-sdk/sdk/2.2.0/src/rp2_common/hardware_irq/irq.c.obj
                0x10002670                irq_set_priority
 .text.irq_add_tail_to_free_list
                0x10002698       0xb4 CMakeFiles/Ultrasonic.dir/C_/Users/jwhz0/.pico-sdk/sdk/2.2.0/src/rp2_common/hardware_irq/irq.c.obj
                0x10002698                irq_add_tail_to_free_list
 .text.user_irq_unclaim
                0x1000274c       0x14 CMakeFiles/Ultrasonic.dir/C_/Users/jwhz0/.pico-sdk/sdk/2.2.0/src/rp2_common/hardware_irq/irq.c.obj
                0x1000274c                user_irq_unclaim
 .text.user_irq_claim_unused
                0x10002760       0x2c CMakeFiles/Ultrasonic.dir/C_/Users/jwhz0/.pico-sdk/sdk/2.2.0/src/rp2_common/hardware_irq/irq.c.obj
                0x10002760                user_irq_claim_unused
 .text.sem_init
                0x1000278c       0x20 CMakeFiles/Ultrasonic.dir/C_/Users/jwhz0/.pico-sdk/sdk/2.2.0/src/common/pico_sync/sem.c.obj
                0x1000278c                sem_init
 .text.lock_init
                0x100027ac       0x10 CMakeFiles/Ultrasonic.dir/C_/Users/jwhz0/.pico-sdk/sdk/2.2.0/src/common/pico_sync/lock_core.c.obj
                0x100027ac                lock_init
 .text.runtime_init_mutex
                0x100027bc       0x50 CMakeFiles/Ultrasonic.dir/C_/Users/jwhz0/.pico-sdk/sdk/2.2.0/src/common/pico_sync/mutex.c.obj
                0x100027bc                runtime_init_mutex
 .text.mutex_init
                0x1000280c       0x1c CMakeFiles/Ultrasonic.dir/C_/Users/jwhz0/.pico-sdk/sdk/2.2.0/src/common/pico_sync/mutex.c.obj
                0x1000280c                mutex_init
 .text.recursive_mutex_init
                0x10002828       0x1c CMakeFiles/Ultrasonic.dir/C_/Users/jwhz0/.pico-sdk/sdk/2.2.0/src/common/pico_sync/mutex.c.obj
                0x10002828                recursive_mutex_init
 .text.critical_section_init
                0x10002844       0x1c CMakeFiles/Ultrasonic.dir/C_/Users/jwhz0/.pico-sdk/sdk/2.2.0/src/common/pico_sync/critical_section.c.obj
                0x10002844                critical_section_init
 .text.critical_section_init_with_lock_num
                0x10002860       0x14 CMakeFiles/Ultrasonic.dir/C_/Users/jwhz0/.pico-sdk/sdk/2.2.0/src/common/pico_sync/critical_section.c.obj
                0x10002860                critical_section_init_with_lock_num
 .text.sleep_until_callback
                0x10002874       0x30 CMakeFiles/Ultrasonic.dir/C_/Users/jwhz0/.pico-sdk/sdk/2.2.0/src/common/pico_time/time.c.obj
 .text.alarm_pool_irq_handler
                0x100028a4      0x300 CMakeFiles/Ultrasonic.dir/C_/Users/jwhz0/.pico-sdk/sdk/2.2.0/src/common/pico_time/time.c.obj
 .text.runtime_init_default_alarm_pool
                0x10002ba4       0xdc CMakeFiles/Ultrasonic.dir/C_/Users/jwhz0/.pico-sdk/sdk/2.2.0/src/common/pico_time/time.c.obj
                0x10002ba4                runtime_init_default_alarm_pool
 .text.alarm_pool_get_default
                0x10002c80        0x8 CMakeFiles/Ultrasonic.dir/C_/Users/jwhz0/.pico-sdk/sdk/2.2.0/src/common/pico_time/time.c.obj
                0x10002c80                alarm_pool_get_default
 .text.alarm_pool_add_alarm_at
                0x10002c88       0xd0 CMakeFiles/Ultrasonic.dir/C_/Users/jwhz0/.pico-sdk/sdk/2.2.0/src/common/pico_time/time.c.obj
                0x10002c88                alarm_pool_add_alarm_at
 .text.alarm_pool_add_alarm_at_force_in_context
                0x10002d58       0xb0 CMakeFiles/Ultrasonic.dir/C_/Users/jwhz0/.pico-sdk/sdk/2.2.0/src/common/pico_time/time.c.obj
                0x10002d58                alarm_pool_add_alarm_at_force_in_context
 .text.alarm_pool_cancel_alarm
                0x10002e08       0x74 CMakeFiles/Ultrasonic.dir/C_/Users/jwhz0/.pico-sdk/sdk/2.2.0/src/common/pico_time/time.c.obj
                0x10002e08                alarm_pool_cancel_alarm
 .text.alarm_pool_core_num
                0x10002e7c        0x4 CMakeFiles/Ultrasonic.dir/C_/Users/jwhz0/.pico-sdk/sdk/2.2.0/src/common/pico_time/time.c.obj
                0x10002e7c                alarm_pool_core_num
 .text.sleep_until
                0x10002e80       0xd0 CMakeFiles/Ultrasonic.dir/C_/Users/jwhz0/.pico-sdk/sdk/2.2.0/src/common/pico_time/time.c.obj
                0x10002e80                sleep_until
 .text.sleep_us
                0x10002f50       0xec CMakeFiles/Ultrasonic.dir/C_/Users/jwhz0/.pico-sdk/sdk/2.2.0/src/common/pico_time/time.c.obj
                0x10002f50                sleep_us
 .text.sleep_ms
                0x1000303c       0xfc CMakeFiles/Ultrasonic.dir/C_/Users/jwhz0/.pico-sdk/sdk/2.2.0/src/common/pico_time/time.c.obj
                0x1000303c                sleep_ms
 .text.best_effort_wfe_or_timeout
                0x10003138      0x10c CMakeFiles/Ultrasonic.dir/C_/Users/jwhz0/.pico-sdk/sdk/2.2.0/src/common/pico_time/time.c.obj
                0x10003138                best_effort_wfe_or_timeout
 .text.timer_hardware_alarm_claim
                0x10003244       0x14 CMakeFiles/Ultrasonic.dir/C_/Users/jwhz0/.pico-sdk/sdk/2.2.0/src/rp2_common/hardware_timer/timer.c.obj
                0x10003244                timer_hardware_alarm_claim
 .text.timer_time_us_64
                0x10003258       0x10 CMakeFiles/Ultrasonic.dir/C_/Users/jwhz0/.pico-sdk/sdk/2.2.0/src/rp2_common/hardware_timer/timer.c.obj
                0x10003258                timer_time_us_64
 .text.time_us_64
                0x10003268       0x14 CMakeFiles/Ultrasonic.dir/C_/Users/jwhz0/.pico-sdk/sdk/2.2.0/src/rp2_common/hardware_timer/timer.c.obj
                0x10003268                time_us_64
 .text.busy_wait_until
                0x1000327c       0x20 CMakeFiles/Ultrasonic.dir/C_/Users/jwhz0/.pico-sdk/sdk/2.2.0/src/rp2_common/hardware_timer/timer.c.obj
                0x1000327c                busy_wait_until
 .text.clock_configure_int_divider
                0x1000329c       0xf4 CMakeFiles/Ultrasonic.dir/C_/Users/jwhz0/.pico-sdk/sdk/2.2.0/src/rp2_common/hardware_clocks/clocks.c.obj
                0x1000329c                clock_configure_int_divider
 .text.clock_configure_undivided
                0x10003390       0xe8 CMakeFiles/Ultrasonic.dir/C_/Users/jwhz0/.pico-sdk/sdk/2.2.0/src/rp2_common/hardware_clocks/clocks.c.obj
                0x10003390                clock_configure_undivided
 .text.clock_get_hz
                0x10003478        0xc CMakeFiles/Ultrasonic.dir/C_/Users/jwhz0/.pico-sdk/sdk/2.2.0/src/rp2_common/hardware_clocks/clocks.c.obj
                0x10003478                clock_get_hz
 .text.pll_init
                0x10003484       0xa4 CMakeFiles/Ultrasonic.dir/C_/Users/jwhz0/.pico-sdk/sdk/2.2.0/src/rp2_common/hardware_pll/pll.c.obj
                0x10003484                pll_init
 .text.watchdog_reboot
                0x10003528       0x9c CMakeFiles/Ultrasonic.dir/C_/Users/jwhz0/.pico-sdk/sdk/2.2.0/src/rp2_common/hardware_watchdog/watchdog.c.obj
                0x10003528                watchdog_reboot
 .text.tick_start
                0x100035c4       0x10 CMakeFiles/Ultrasonic.dir/C_/Users/jwhz0/.pico-sdk/sdk/2.2.0/src/rp2_common/hardware_ticks/ticks.c.obj
                0x100035c4                tick_start
 .text.rom_func_lookup
                0x100035d4       0x10 CMakeFiles/Ultrasonic.dir/C_/Users/jwhz0/.pico-sdk/sdk/2.2.0/src/rp2_common/pico_bootrom/bootrom.c.obj
                0x100035d4                rom_func_lookup
 .text.rom_data_lookup
                0x100035e4       0x10 CMakeFiles/Ultrasonic.dir/C_/Users/jwhz0/.pico-sdk/sdk/2.2.0/src/rp2_common/pico_bootrom/bootrom.c.obj
                0x100035e4                rom_data_lookup
 .text.rom_funcs_lookup
                0x100035f4       0x44 CMakeFiles/Ultrasonic.dir/C_/Users/jwhz0/.pico-sdk/sdk/2.2.0/src/rp2_common/pico_bootrom/bootrom.c.obj
                0x100035f4                rom_funcs_lookup
 .text.rom_reset_usb_boot_extra
                0x10003638       0x24 CMakeFiles/Ultrasonic.dir/C_/Users/jwhz0/.pico-sdk/sdk/2.2.0/src/rp2_common/pico_bootrom/bootrom.c.obj
                0x10003638                rom_reset_usb_boot_extra
 .text.xosc_init
                0x1000365c       0x28 CMakeFiles/Ultrasonic.dir/C_/Users/jwhz0/.pico-sdk/sdk/2.2.0/src/rp2_common/hardware_xosc/xosc.c.obj
                0x1000365c                xosc_init
 .text.first_per_core_initializer
                0x10003684        0x4 CMakeFiles/Ultrasonic.dir/C_/Users/jwhz0/.pico-sdk/sdk/2.2.0/src/rp2_common/pico_runtime/runtime.c.obj
 .text.hard_assertion_failure
                0x10003688        0xc CMakeFiles/Ultrasonic.dir/C_/Users/jwhz0/.pico-sdk/sdk/2.2.0/src/rp2_common/pico_runtime/runtime.c.obj
                0x10003688                hard_assertion_failure
 .text.runtime_run_initializers
                0x10003694       0x28 CMakeFiles/Ultrasonic.dir/C_/Users/jwhz0/.pico-sdk/sdk/2.2.0/src/rp2_common/pico_runtime/runtime.c.obj
                0x10003694                runtime_run_initializers
 .text.runtime_init_early_resets
                0x100036bc       0x2c CMakeFiles/Ultrasonic.dir/C_/Users/jwhz0/.pico-sdk/sdk/2.2.0/src/rp2_common/pico_runtime_init/runtime_init.c.obj
                0x100036bc                runtime_init_early_resets
 .text.runtime_init_usb_power_down
                0x100036e8       0x1c CMakeFiles/Ultrasonic.dir/C_/Users/jwhz0/.pico-sdk/sdk/2.2.0/src/rp2_common/pico_runtime_init/runtime_init.c.obj
                0x100036e8                runtime_init_usb_power_down
 .text.runtime_init_post_clock_resets
                0x10003704       0x20 CMakeFiles/Ultrasonic.dir/C_/Users/jwhz0/.pico-sdk/sdk/2.2.0/src/rp2_common/pico_runtime_init/runtime_init.c.obj
                0x10003704                runtime_init_post_clock_resets
 .text.runtime_init_rp2040_gpio_ie_disable
                0x10003724       0x14 CMakeFiles/Ultrasonic.dir/C_/Users/jwhz0/.pico-sdk/sdk/2.2.0/src/rp2_common/pico_runtime_init/runtime_init.c.obj
                0x10003724                runtime_init_rp2040_gpio_ie_disable
 .text.runtime_init_spin_locks_reset
                0x10003738        0x8 CMakeFiles/Ultrasonic.dir/C_/Users/jwhz0/.pico-sdk/sdk/2.2.0/src/rp2_common/pico_runtime_init/runtime_init.c.obj
                0x10003738                runtime_init_spin_locks_reset
 .text.runtime_init_install_ram_vector_table
                0x10003740       0xb4 CMakeFiles/Ultrasonic.dir/C_/Users/jwhz0/.pico-sdk/sdk/2.2.0/src/rp2_common/pico_runtime_init/runtime_init.c.obj
                0x10003740                runtime_init_install_ram_vector_table
 .text.runtime_init_clocks
                0x100037f4       0xd8 CMakeFiles/Ultrasonic.dir/C_/Users/jwhz0/.pico-sdk/sdk/2.2.0/src/rp2_common/pico_runtime_init/runtime_init_clocks.c.obj
                0x100037f4                runtime_init_clocks
 .text          0x100038cc       0x10 CMakeFiles/Ultrasonic.dir/C_/Users/jwhz0/.pico-sdk/sdk/2.2.0/src/rp2_common/pico_bit_ops/bit_ops_aeabi.S.obj
 .text.ctzsi    0x100038dc        0xc CMakeFiles/Ultrasonic.dir/C_/Users/jwhz0/.pico-sdk/sdk/2.2.0/src/rp2_common/pico_bit_ops/bit_ops_aeabi.S.obj
                0x100038dc                __wrap___ctzsi2
 .text.__wrap___aeabi_idiv
                0x100038e8       0x50 CMakeFiles/Ultrasonic.dir/C_/Users/jwhz0/.pico-sdk/sdk/2.2.0/src/rp2_common/pico_divider/divider_hardware.S.obj
                0x100038e8                __wrap___aeabi_idivmod
                0x100038e8                divmod_s32s32
                0x100038e8                div_s32s32
                0x100038e8                __wrap___aeabi_idiv
                0x100038f0                divmod_s32s32_unsafe
                0x1000391c                divmod_s32s32_savestate
 .text.__wrap___aeabi_uidiv
                0x10003938       0x4c CMakeFiles/Ultrasonic.dir/C_/Users/jwhz0/.pico-sdk/sdk/2.2.0/src/rp2_common/pico_divider/divider_hardware.S.obj
                0x10003938                __wrap___aeabi_uidiv
                0x10003938                __wrap___aeabi_uidivmod
                0x10003938                div_u32u32
                0x10003938                divmod_u32u32
                0x10003940                divmod_u32u32_unsafe
                0x10003968                divmod_u32u32_savestate
 .text.__wrap___aeabi_ldiv
                0x10003984      0x424 CMakeFiles/Ultrasonic.dir/C_/Users/jwhz0/.pico-sdk/sdk/2.2.0/src/rp2_common/pico_divider/divider_hardware.S.obj
                0x10003984                div_s64s64
                0x10003984                divmod_s64s64
                0x10003984                __wrap___aeabi_ldivmod
                0x100039b4                divmod_u64u64
                0x100039b4                div_u64u64
                0x100039b4                __wrap___aeabi_uldivmod
                0x100039c4                divmod_u64u64_savestate
                0x100039e4                divmod_s64s64_unsafe
                0x10003a6c                divmod_u64u64_unsafe
 .text.__wrap___aeabi_darithmetic
                0x10003da8       0x60 CMakeFiles/Ultrasonic.dir/C_/Users/jwhz0/.pico-sdk/sdk/2.2.0/src/rp2_common/pico_double/double_aeabi_rp2040.S.obj
                0x10003da8                __wrap___aeabi_drsub
                0x10003dae                __wrap___aeabi_dsub
                0x10003db8                __wrap___aeabi_dadd
                0x10003dc2                __wrap___aeabi_ddiv
                0x10003df6                __wrap___aeabi_dmul
 .text.__wrap___aeabi_cdcmple
                0x10003e08       0x6c CMakeFiles/Ultrasonic.dir/C_/Users/jwhz0/.pico-sdk/sdk/2.2.0/src/rp2_common/pico_double/double_aeabi_rp2040.S.obj
                0x10003e08                __wrap___aeabi_cdrcmple
                0x10003e18                __wrap___aeabi_cdcmpeq
                0x10003e18                __wrap___aeabi_cdcmple
 .text.__wrap___aeabi_dcmplt
                0x10003e74        0xc CMakeFiles/Ultrasonic.dir/C_/Users/jwhz0/.pico-sdk/sdk/2.2.0/src/rp2_common/pico_double/double_aeabi_rp2040.S.obj
                0x10003e74                __wrap___aeabi_dcmplt
 .text.__wrap___aeabi_dcmple
                0x10003e80       0x10 CMakeFiles/Ultrasonic.dir/C_/Users/jwhz0/.pico-sdk/sdk/2.2.0/src/rp2_common/pico_double/double_aeabi_rp2040.S.obj
                0x10003e80                __wrap___aeabi_dcmple
 .text.__wrap___aeabi_dcmpge
                0x10003e90       0x10 CMakeFiles/Ultrasonic.dir/C_/Users/jwhz0/.pico-sdk/sdk/2.2.0/src/rp2_common/pico_double/double_aeabi_rp2040.S.obj
                0x10003e90                __wrap___aeabi_dcmpge
 .text.__wrap___aeabi_dcmpgt
                0x10003ea0        0xa CMakeFiles/Ultrasonic.dir/C_/Users/jwhz0/.pico-sdk/sdk/2.2.0/src/rp2_common/pico_double/double_aeabi_rp2040.S.obj
                0x10003ea0                __wrap___aeabi_dcmpgt
 .text.__wrap___aeabi_dcmpun
                0x10003eaa       0x18 CMakeFiles/Ultrasonic.dir/C_/Users/jwhz0/.pico-sdk/sdk/2.2.0/src/rp2_common/pico_double/double_aeabi_rp2040.S.obj
                0x10003eaa                __wrap___aeabi_dcmpun
 *fill*         0x10003ec2        0x2 
 .text.__wrap___aeabi_i2d
                0x10003ec4       0x38 CMakeFiles/Ultrasonic.dir/C_/Users/jwhz0/.pico-sdk/sdk/2.2.0/src/rp2_common/pico_double/double_aeabi_rp2040.S.obj
                0x10003ec4                uint2double
                0x10003ec4                __wrap___aeabi_ui2d
                0x10003ecc                int2double
                0x10003ecc                __wrap___aeabi_i2d
 .text.__wrap___aeabi_d2iz
                0x10003efc       0x48 CMakeFiles/Ultrasonic.dir/C_/Users/jwhz0/.pico-sdk/sdk/2.2.0/src/rp2_common/pico_double/double_aeabi_rp2040.S.obj
                0x10003efc                double2int_z
                0x10003efc                __wrap___aeabi_d2iz
 .text.__wrap___aeabi_d2uiz
                0x10003f44       0x10 CMakeFiles/Ultrasonic.dir/C_/Users/jwhz0/.pico-sdk/sdk/2.2.0/src/rp2_common/pico_double/double_aeabi_rp2040.S.obj
                0x10003f44                double2uint
                0x10003f44                __wrap___aeabi_d2uiz
                0x10003f44                double2uint_z
 .text.missing_double_func_shim
                0x10003f54        0xc CMakeFiles/Ultrasonic.dir/C_/Users/jwhz0/.pico-sdk/sdk/2.2.0/src/rp2_common/pico_double/double_init_rom_rp2040.c.obj
 .text.__aeabi_double_init
                0x10003f60       0xa0 CMakeFiles/Ultrasonic.dir/C_/Users/jwhz0/.pico-sdk/sdk/2.2.0/src/rp2_common/pico_double/double_init_rom_rp2040.c.obj
                0x10003f60                __aeabi_double_init
 .text.double_table_shim_on_use_helper
                0x10004000       0x2c CMakeFiles/Ultrasonic.dir/C_/Users/jwhz0/.pico-sdk/sdk/2.2.0/src/rp2_common/pico_double/double_v1_rom_shim_rp2040.S.obj
                0x10004000                double_table_shim_on_use_helper
 .text.__aeabi_lmul
                0x1000402c       0x32 CMakeFiles/Ultrasonic.dir/C_/Users/jwhz0/.pico-sdk/sdk/2.2.0/src/rp2_common/pico_int64_ops/pico_int64_ops_aeabi.S.obj
                0x1000402c                __wrap___aeabi_lmul
 *fill*         0x1000405e        0x2 
 .text.__wrap___aeabi_farithmetic
                0x10004060       0x48 CMakeFiles/Ultrasonic.dir/C_/Users/jwhz0/.pico-sdk/sdk/2.2.0/src/rp2_common/pico_float/float_aeabi_rp2040.S.obj
                0x10004060                __wrap___aeabi_frsub
                0x10004066                __wrap___aeabi_fsub
                0x1000406c                __wrap___aeabi_fadd
                0x10004072                __wrap___aeabi_fdiv
                0x1000409a                __wrap___aeabi_fmul
 .text.__wrap___aeabi_ui2f
                0x100040a8        0xa CMakeFiles/Ultrasonic.dir/C_/Users/jwhz0/.pico-sdk/sdk/2.2.0/src/rp2_common/pico_float/float_aeabi_rp2040.S.obj
                0x100040a8                __wrap___aeabi_ui2f
                0x100040a8                uint2float
 *fill*         0x100040b2        0x2 
 .text.__wrap___aeabi_i2f
                0x100040b4       0x44 CMakeFiles/Ultrasonic.dir/C_/Users/jwhz0/.pico-sdk/sdk/2.2.0/src/rp2_common/pico_float/float_aeabi_rp2040.S.obj
                0x100040b4                __wrap___aeabi_i2f
                0x100040b4                int2float
 .text.fix2float
                0x100040f8        0xc CMakeFiles/Ultrasonic.dir/C_/Users/jwhz0/.pico-sdk/sdk/2.2.0/src/rp2_common/pico_float/float_aeabi_rp2040.S.obj
                0x100040f8                fix2float
 .text.__wrap___aeabi_ul2f
                0x10004104       0x18 CMakeFiles/Ultrasonic.dir/C_/Users/jwhz0/.pico-sdk/sdk/2.2.0/src/rp2_common/pico_float/float_aeabi_rp2040.S.obj
                0x10004108                uint642float
                0x10004108                __wrap___aeabi_ul2f
 .text.__wrap___aeabi_f2d
                0x1000411c        0xc CMakeFiles/Ultrasonic.dir/C_/Users/jwhz0/.pico-sdk/sdk/2.2.0/src/rp2_common/pico_float/float_aeabi_rp2040.S.obj
                0x1000411c                __wrap___aeabi_f2d
 .text.__wrap_sinf
                0x10004128       0x24 CMakeFiles/Ultrasonic.dir/C_/Users/jwhz0/.pico-sdk/sdk/2.2.0/src/rp2_common/pico_float/float_aeabi_rp2040.S.obj
                0x10004128                __wrap_sinf
 .text.missing_float_func_shim
                0x1000414c        0xc CMakeFiles/Ultrasonic.dir/C_/Users/jwhz0/.pico-sdk/sdk/2.2.0/src/rp2_common/pico_float/float_init_rom_rp2040.c.obj
 .text.__aeabi_float_init
                0x10004158       0x5c CMakeFiles/Ultrasonic.dir/C_/Users/jwhz0/.pico-sdk/sdk/2.2.0/src/rp2_common/pico_float/float_init_rom_rp2040.c.obj
                0x10004158                __aeabi_float_init
 .text.__wrap_remquof
                0x100041b4      0x148 CMakeFiles/Ultrasonic.dir/C_/Users/jwhz0/.pico-sdk/sdk/2.2.0/src/rp2_common/pico_float/float_math.c.obj
                0x100041b4                __wrap_remquof
 .text.__wrap_remainderf
                0x100042fc        0xc CMakeFiles/Ultrasonic.dir/C_/Users/jwhz0/.pico-sdk/sdk/2.2.0/src/rp2_common/pico_float/float_math.c.obj
                0x100042fc                __wrap_remainderf
 .text          0x10004308       0x10 CMakeFiles/Ultrasonic.dir/C_/Users/jwhz0/.pico-sdk/sdk/2.2.0/src/rp2_common/pico_mem_ops/mem_ops_aeabi.S.obj
                0x10004308                __aeabi_mem_init
 .text.memset   0x10004318        0xc CMakeFiles/Ultrasonic.dir/C_/Users/jwhz0/.pico-sdk/sdk/2.2.0/src/rp2_common/pico_mem_ops/mem_ops_aeabi.S.obj
                0x10004318                __wrap_memset
 .text.memcpy   0x10004324        0xc CMakeFiles/Ultrasonic.dir/C_/Users/jwhz0/.pico-sdk/sdk/2.2.0/src/rp2_common/pico_mem_ops/mem_ops_aeabi.S.obj
                0x10004324                __wrap_memcpy
                0x10004324                __wrap___aeabi_memcpy
 .text._out_buffer
                0x10004330        0x8 CMakeFiles/Ultrasonic.dir/C_/Users/jwhz0/.pico-sdk/sdk/2.2.0/src/rp2_common/pico_printf/printf.c.obj
 .text._out_null
                0x10004338        0x4 CMakeFiles/Ultrasonic.dir/C_/Users/jwhz0/.pico-sdk/sdk/2.2.0/src/rp2_common/pico_printf/printf.c.obj
 .text._out_rev
                0x1000433c       0xac CMakeFiles/Ultrasonic.dir/C_/Users/jwhz0/.pico-sdk/sdk/2.2.0/src/rp2_common/pico_printf/printf.c.obj
 .text._ntoa_format
                0x100043e8      0x1cc CMakeFiles/Ultrasonic.dir/C_/Users/jwhz0/.pico-sdk/sdk/2.2.0/src/rp2_common/pico_printf/printf.c.obj
 .text._out_char
                0x100045b4       0x10 CMakeFiles/Ultrasonic.dir/C_/Users/jwhz0/.pico-sdk/sdk/2.2.0/src/rp2_common/pico_printf/printf.c.obj
 .text._out_fct
                0x100045c4       0x10 CMakeFiles/Ultrasonic.dir/C_/Users/jwhz0/.pico-sdk/sdk/2.2.0/src/rp2_common/pico_printf/printf.c.obj
 .text._ftoa    0x100045d4      0x4a8 CMakeFiles/Ultrasonic.dir/C_/Users/jwhz0/.pico-sdk/sdk/2.2.0/src/rp2_common/pico_printf/printf.c.obj
 .text._etoa    0x10004a7c      0x57c CMakeFiles/Ultrasonic.dir/C_/Users/jwhz0/.pico-sdk/sdk/2.2.0/src/rp2_common/pico_printf/printf.c.obj
 .text._vsnprintf
                0x10004ff8      0xbe0 CMakeFiles/Ultrasonic.dir/C_/Users/jwhz0/.pico-sdk/sdk/2.2.0/src/rp2_common/pico_printf/printf.c.obj
 .text.__wrap_snprintf
                0x10005bd8       0x28 CMakeFiles/Ultrasonic.dir/C_/Users/jwhz0/.pico-sdk/sdk/2.2.0/src/rp2_common/pico_printf/printf.c.obj
                0x10005bd8                __wrap_snprintf
 .text.vfctprintf
                0x10005c00       0x24 CMakeFiles/Ultrasonic.dir/C_/Users/jwhz0/.pico-sdk/sdk/2.2.0/src/rp2_common/pico_printf/printf.c.obj
                0x10005c00                vfctprintf
 .text.weak_raw_vprintf
                0x10005c24       0x30 CMakeFiles/Ultrasonic.dir/C_/Users/jwhz0/.pico-sdk/sdk/2.2.0/src/rp2_common/pico_printf/printf.c.obj
                0x10005c24                weak_raw_vprintf
 .text._exit    0x10005c54        0x4 CMakeFiles/Ultrasonic.dir/C_/Users/jwhz0/.pico-sdk/sdk/2.2.0/src/rp2_common/pico_clib_interface/newlib_interface.c.obj
                0x10005c54                _exit
 .text.exit     0x10005c58        0x8 CMakeFiles/Ultrasonic.dir/C_/Users/jwhz0/.pico-sdk/sdk/2.2.0/src/rp2_common/pico_clib_interface/newlib_interface.c.obj
                0x10005c58                exit
 .text.runtime_init
                0x10005c60       0x2c CMakeFiles/Ultrasonic.dir/C_/Users/jwhz0/.pico-sdk/sdk/2.2.0/src/rp2_common/pico_clib_interface/newlib_interface.c.obj
                0x10005c60                runtime_init
 .text.stdio_out_chars_no_crlf
                0x10005c8c       0x10 CMakeFiles/Ultrasonic.dir/C_/Users/jwhz0/.pico-sdk/sdk/2.2.0/src/rp2_common/pico_stdio/stdio.c.obj
 .text.stdio_out_chars_crlf
                0x10005c9c       0xb0 CMakeFiles/Ultrasonic.dir/C_/Users/jwhz0/.pico-sdk/sdk/2.2.0/src/rp2_common/pico_stdio/stdio.c.obj
 .text.stdio_buffered_printer
                0x10005d4c       0x64 CMakeFiles/Ultrasonic.dir/C_/Users/jwhz0/.pico-sdk/sdk/2.2.0/src/rp2_common/pico_stdio/stdio.c.obj
 .text.stdio_put_string
                0x10005db0       0xfc CMakeFiles/Ultrasonic.dir/C_/Users/jwhz0/.pico-sdk/sdk/2.2.0/src/rp2_common/pico_stdio/stdio.c.obj
                0x10005db0                stdio_put_string
 .text.stdio_set_driver_enabled
                0x10005eac       0x30 CMakeFiles/Ultrasonic.dir/C_/Users/jwhz0/.pico-sdk/sdk/2.2.0/src/rp2_common/pico_stdio/stdio.c.obj
                0x10005eac                stdio_set_driver_enabled
 .text.stdio_init_all
                0x10005edc        0x8 CMakeFiles/Ultrasonic.dir/C_/Users/jwhz0/.pico-sdk/sdk/2.2.0/src/rp2_common/pico_stdio/stdio.c.obj
                0x10005edc                stdio_init_all
 .text.__wrap_putchar
                0x10005ee4       0x94 CMakeFiles/Ultrasonic.dir/C_/Users/jwhz0/.pico-sdk/sdk/2.2.0/src/rp2_common/pico_stdio/stdio.c.obj
                0x10005ee4                __wrap_putchar
                0x10005ee4                stdio_putchar
 .text.__wrap_puts
                0x10005f78       0x3c CMakeFiles/Ultrasonic.dir/C_/Users/jwhz0/.pico-sdk/sdk/2.2.0/src/rp2_common/pico_stdio/stdio.c.obj
                0x10005f78                stdio_puts
                0x10005f78                __wrap_puts
 .text.__wrap_vprintf
                0x10005fb4       0xcc CMakeFiles/Ultrasonic.dir/C_/Users/jwhz0/.pico-sdk/sdk/2.2.0/src/rp2_common/pico_stdio/stdio.c.obj
                0x10005fb4                stdio_vprintf
                0x10005fb4                __wrap_vprintf
 .text.__wrap_printf
                0x10006080       0x18 CMakeFiles/Ultrasonic.dir/C_/Users/jwhz0/.pico-sdk/sdk/2.2.0/src/rp2_common/pico_stdio/stdio.c.obj
                0x10006080                __wrap_printf
                0x10006080                stdio_printf
 .text.resetd_init
                0x10006098        0x4 CMakeFiles/Ultrasonic.dir/C_/Users/jwhz0/.pico-sdk/sdk/2.2.0/src/rp2_common/pico_stdio_usb/reset_interface.c.obj
 .text.resetd_reset
                0x1000609c        0xc CMakeFiles/Ultrasonic.dir/C_/Users/jwhz0/.pico-sdk/sdk/2.2.0/src/rp2_common/pico_stdio_usb/reset_interface.c.obj
 .text.resetd_open
                0x100060a8       0x28 CMakeFiles/Ultrasonic.dir/C_/Users/jwhz0/.pico-sdk/sdk/2.2.0/src/rp2_common/pico_stdio_usb/reset_interface.c.obj
 .text.resetd_xfer_cb
                0x100060d0        0x4 CMakeFiles/Ultrasonic.dir/C_/Users/jwhz0/.pico-sdk/sdk/2.2.0/src/rp2_common/pico_stdio_usb/reset_interface.c.obj
 .text.resetd_control_xfer_cb
                0x100060d4       0x54 CMakeFiles/Ultrasonic.dir/C_/Users/jwhz0/.pico-sdk/sdk/2.2.0/src/rp2_common/pico_stdio_usb/reset_interface.c.obj
 .text.tud_descriptor_bos_cb
                0x10006128        0x8 CMakeFiles/Ultrasonic.dir/C_/Users/jwhz0/.pico-sdk/sdk/2.2.0/src/rp2_common/pico_stdio_usb/reset_interface.c.obj
                0x10006128                tud_descriptor_bos_cb
 .text.tud_vendor_control_xfer_cb
                0x10006130       0x34 CMakeFiles/Ultrasonic.dir/C_/Users/jwhz0/.pico-sdk/sdk/2.2.0/src/rp2_common/pico_stdio_usb/reset_interface.c.obj
                0x10006130                tud_vendor_control_xfer_cb
 .text.usbd_app_driver_get_cb
                0x10006164        0xc CMakeFiles/Ultrasonic.dir/C_/Users/jwhz0/.pico-sdk/sdk/2.2.0/src/rp2_common/pico_stdio_usb/reset_interface.c.obj
                0x10006164                usbd_app_driver_get_cb
 .text.tud_cdc_line_coding_cb
                0x10006170       0x2c CMakeFiles/Ultrasonic.dir/C_/Users/jwhz0/.pico-sdk/sdk/2.2.0/src/rp2_common/pico_stdio_usb/reset_interface.c.obj
                0x10006170                tud_cdc_line_coding_cb
 .text.stdio_usb_set_chars_available_callback
                0x1000619c       0x14 CMakeFiles/Ultrasonic.dir/C_/Users/jwhz0/.pico-sdk/sdk/2.2.0/src/rp2_common/pico_stdio_usb/stdio_usb.c.obj
                0x1000619c                stdio_usb_set_chars_available_callback
 .text.usb_irq  0x100061b0       0x10 CMakeFiles/Ultrasonic.dir/C_/Users/jwhz0/.pico-sdk/sdk/2.2.0/src/rp2_common/pico_stdio_usb/stdio_usb.c.obj
 .text.timer_task
                0x100061c0       0x64 CMakeFiles/Ultrasonic.dir/C_/Users/jwhz0/.pico-sdk/sdk/2.2.0/src/rp2_common/pico_stdio_usb/stdio_usb.c.obj
 .text.stdio_usb_in_chars
                0x10006224       0x8c CMakeFiles/Ultrasonic.dir/C_/Users/jwhz0/.pico-sdk/sdk/2.2.0/src/rp2_common/pico_stdio_usb/stdio_usb.c.obj
                0x10006224                stdio_usb_in_chars
 .text.stdio_usb_out_flush
                0x100062b0       0x4c CMakeFiles/Ultrasonic.dir/C_/Users/jwhz0/.pico-sdk/sdk/2.2.0/src/rp2_common/pico_stdio_usb/stdio_usb.c.obj
 .text.stdio_usb_out_chars
                0x100062fc      0x100 CMakeFiles/Ultrasonic.dir/C_/Users/jwhz0/.pico-sdk/sdk/2.2.0/src/rp2_common/pico_stdio_usb/stdio_usb.c.obj
 .text.low_priority_worker_irq
                0x100063fc       0xc8 CMakeFiles/Ultrasonic.dir/C_/Users/jwhz0/.pico-sdk/sdk/2.2.0/src/rp2_common/pico_stdio_usb/stdio_usb.c.obj
 .text.stdio_usb_init
                0x100064c4       0xe8 CMakeFiles/Ultrasonic.dir/C_/Users/jwhz0/.pico-sdk/sdk/2.2.0/src/rp2_common/pico_stdio_usb/stdio_usb.c.obj
                0x100064c4                stdio_usb_init
 .text.tud_descriptor_device_cb
                0x100065ac        0x8 CMakeFiles/Ultrasonic.dir/C_/Users/jwhz0/.pico-sdk/sdk/2.2.0/src/rp2_common/pico_stdio_usb/stdio_usb_descriptors.c.obj
                0x100065ac                tud_descriptor_device_cb
 .text.tud_descriptor_configuration_cb
                0x100065b4        0x8 CMakeFiles/Ultrasonic.dir/C_/Users/jwhz0/.pico-sdk/sdk/2.2.0/src/rp2_common/pico_stdio_usb/stdio_usb_descriptors.c.obj
                0x100065b4                tud_descriptor_configuration_cb
 .text.tud_descriptor_string_cb
                0x100065bc       0x78 CMakeFiles/Ultrasonic.dir/C_/Users/jwhz0/.pico-sdk/sdk/2.2.0/src/rp2_common/pico_stdio_usb/stdio_usb_descriptors.c.obj
                0x100065bc                tud_descriptor_string_cb
 .text.startup._retrieve_unique_id_on_boot
                0x10006634       0x10 CMakeFiles/Ultrasonic.dir/C_/Users/jwhz0/.pico-sdk/sdk/2.2.0/src/rp2_common/pico_unique_id/unique_id.c.obj
 .text.pico_get_unique_board_id
                0x10006644       0x10 CMakeFiles/Ultrasonic.dir/C_/Users/jwhz0/.pico-sdk/sdk/2.2.0/src/rp2_common/pico_unique_id/unique_id.c.obj
                0x10006644                pico_get_unique_board_id
 .text.pico_get_unique_board_id_string
                0x10006654      0x1a8 CMakeFiles/Ultrasonic.dir/C_/Users/jwhz0/.pico-sdk/sdk/2.2.0/src/rp2_common/pico_unique_id/unique_id.c.obj
                0x10006654                pico_get_unique_board_id_string
 .text.flash_get_unique_id
                0x100067fc       0x3c CMakeFiles/Ultrasonic.dir/C_/Users/jwhz0/.pico-sdk/sdk/2.2.0/src/rp2_common/hardware_flash/flash.c.obj
                0x100067fc                flash_get_unique_id
 .text.dcd_init
                0x10006838       0x90 CMakeFiles/Ultrasonic.dir/C_/Users/jwhz0/.pico-sdk/sdk/2.2.0/lib/tinyusb/src/portable/raspberrypi/rp2040/dcd_rp2040.c.obj
                0x10006838                dcd_init
 .text.dcd_int_enable
                0x100068c8        0xc CMakeFiles/Ultrasonic.dir/C_/Users/jwhz0/.pico-sdk/sdk/2.2.0/lib/tinyusb/src/portable/raspberrypi/rp2040/dcd_rp2040.c.obj
                0x100068c8                dcd_int_enable
 .text.dcd_set_address
                0x100068d4       0x14 CMakeFiles/Ultrasonic.dir/C_/Users/jwhz0/.pico-sdk/sdk/2.2.0/lib/tinyusb/src/portable/raspberrypi/rp2040/dcd_rp2040.c.obj
                0x100068d4                dcd_set_address
 .text.dcd_sof_enable
                0x100068e8       0x1c CMakeFiles/Ultrasonic.dir/C_/Users/jwhz0/.pico-sdk/sdk/2.2.0/lib/tinyusb/src/portable/raspberrypi/rp2040/dcd_rp2040.c.obj
                0x100068e8                dcd_sof_enable
 .text.dcd_edpt0_status_complete
                0x10006904       0x1c CMakeFiles/Ultrasonic.dir/C_/Users/jwhz0/.pico-sdk/sdk/2.2.0/lib/tinyusb/src/portable/raspberrypi/rp2040/dcd_rp2040.c.obj
                0x10006904                dcd_edpt0_status_complete
 .text.dcd_edpt_open
                0x10006920      0x114 CMakeFiles/Ultrasonic.dir/C_/Users/jwhz0/.pico-sdk/sdk/2.2.0/lib/tinyusb/src/portable/raspberrypi/rp2040/dcd_rp2040.c.obj
                0x10006920                dcd_edpt_open
 .text.dcd_edpt_close_all
                0x10006a34        0x8 CMakeFiles/Ultrasonic.dir/C_/Users/jwhz0/.pico-sdk/sdk/2.2.0/lib/tinyusb/src/portable/raspberrypi/rp2040/dcd_rp2040.c.obj
                0x10006a34                dcd_edpt_close_all
 .text.dcd_edpt_xfer
                0x10006a3c       0x24 CMakeFiles/Ultrasonic.dir/C_/Users/jwhz0/.pico-sdk/sdk/2.2.0/lib/tinyusb/src/portable/raspberrypi/rp2040/dcd_rp2040.c.obj
                0x10006a3c                dcd_edpt_xfer
 .text.dcd_edpt_stall
                0x10006a60       0x3c CMakeFiles/Ultrasonic.dir/C_/Users/jwhz0/.pico-sdk/sdk/2.2.0/lib/tinyusb/src/portable/raspberrypi/rp2040/dcd_rp2040.c.obj
                0x10006a60                dcd_edpt_stall
 .text.dcd_edpt_clear_stall
                0x10006a9c       0x30 CMakeFiles/Ultrasonic.dir/C_/Users/jwhz0/.pico-sdk/sdk/2.2.0/lib/tinyusb/src/portable/raspberrypi/rp2040/dcd_rp2040.c.obj
                0x10006a9c                dcd_edpt_clear_stall
 .text.rp2040_usb_init
                0x10006acc       0x40 CMakeFiles/Ultrasonic.dir/C_/Users/jwhz0/.pico-sdk/sdk/2.2.0/lib/tinyusb/src/portable/raspberrypi/rp2040/rp2040_usb.c.obj
                0x10006acc                rp2040_usb_init
 .text.hw_endpoint_xfer_start
                0x10006b0c       0x40 CMakeFiles/Ultrasonic.dir/C_/Users/jwhz0/.pico-sdk/sdk/2.2.0/lib/tinyusb/src/portable/raspberrypi/rp2040/rp2040_usb.c.obj
                0x10006b0c                hw_endpoint_xfer_start
 .text.tud_event_hook_cb
                0x10006b4c        0x4 CMakeFiles/Ultrasonic.dir/C_/Users/jwhz0/.pico-sdk/sdk/2.2.0/lib/tinyusb/src/device/usbd.c.obj
                0x10006b4c                tud_event_hook_cb
 .text.tud_sof_cb
                0x10006b50        0x4 CMakeFiles/Ultrasonic.dir/C_/Users/jwhz0/.pico-sdk/sdk/2.2.0/lib/tinyusb/src/device/usbd.c.obj
                0x10006b50                tud_sof_cb
 .text.tud_descriptor_device_qualifier_cb
                0x10006b54        0x4 CMakeFiles/Ultrasonic.dir/C_/Users/jwhz0/.pico-sdk/sdk/2.2.0/lib/tinyusb/src/device/usbd.c.obj
                0x10006b54                tud_descriptor_device_qualifier_cb
 .text.tud_descriptor_other_speed_configuration_cb
                0x10006b58        0x4 CMakeFiles/Ultrasonic.dir/C_/Users/jwhz0/.pico-sdk/sdk/2.2.0/lib/tinyusb/src/device/usbd.c.obj
                0x10006b58                tud_descriptor_other_speed_configuration_cb
 .text.tud_mount_cb
                0x10006b5c        0x4 CMakeFiles/Ultrasonic.dir/C_/Users/jwhz0/.pico-sdk/sdk/2.2.0/lib/tinyusb/src/device/usbd.c.obj
                0x10006b5c                tud_mount_cb
 .text.tud_umount_cb
                0x10006b60        0x4 CMakeFiles/Ultrasonic.dir/C_/Users/jwhz0/.pico-sdk/sdk/2.2.0/lib/tinyusb/src/device/usbd.c.obj
                0x10006b60                tud_umount_cb
 .text.tud_suspend_cb
                0x10006b64        0x4 CMakeFiles/Ultrasonic.dir/C_/Users/jwhz0/.pico-sdk/sdk/2.2.0/lib/tinyusb/src/device/usbd.c.obj
                0x10006b64                tud_suspend_cb
 .text.tud_resume_cb
                0x10006b68        0x4 CMakeFiles/Ultrasonic.dir/C_/Users/jwhz0/.pico-sdk/sdk/2.2.0/lib/tinyusb/src/device/usbd.c.obj
                0x10006b68                tud_resume_cb
 .text.tud_mounted
                0x10006b6c       0x10 CMakeFiles/Ultrasonic.dir/C_/Users/jwhz0/.pico-sdk/sdk/2.2.0/lib/tinyusb/src/device/usbd.c.obj
                0x10006b6c                tud_mounted
 .text.tud_suspended
                0x10006b7c       0x10 CMakeFiles/Ultrasonic.dir/C_/Users/jwhz0/.pico-sdk/sdk/2.2.0/lib/tinyusb/src/device/usbd.c.obj
                0x10006b7c                tud_suspended
 .text.tud_rhport_init
                0x10006b8c       0xf4 CMakeFiles/Ultrasonic.dir/C_/Users/jwhz0/.pico-sdk/sdk/2.2.0/lib/tinyusb/src/device/usbd.c.obj
                0x10006b8c                tud_rhport_init
 .text.tud_task_ext
                0x10006c80      0x800 CMakeFiles/Ultrasonic.dir/C_/Users/jwhz0/.pico-sdk/sdk/2.2.0/lib/tinyusb/src/device/usbd.c.obj
                0x10006c80                tud_task_ext
 .text.usbd_open_edpt_pair
                0x10007480       0x9c CMakeFiles/Ultrasonic.dir/C_/Users/jwhz0/.pico-sdk/sdk/2.2.0/lib/tinyusb/src/device/usbd.c.obj
                0x10007480                usbd_open_edpt_pair
 .text.usbd_edpt_open
                0x1000751c       0x34 CMakeFiles/Ultrasonic.dir/C_/Users/jwhz0/.pico-sdk/sdk/2.2.0/lib/tinyusb/src/device/usbd.c.obj
                0x1000751c                usbd_edpt_open
 .text.usbd_edpt_claim
                0x10007550       0x28 CMakeFiles/Ultrasonic.dir/C_/Users/jwhz0/.pico-sdk/sdk/2.2.0/lib/tinyusb/src/device/usbd.c.obj
                0x10007550                usbd_edpt_claim
 .text.usbd_edpt_release
                0x10007578       0x28 CMakeFiles/Ultrasonic.dir/C_/Users/jwhz0/.pico-sdk/sdk/2.2.0/lib/tinyusb/src/device/usbd.c.obj
                0x10007578                usbd_edpt_release
 .text.usbd_edpt_xfer
                0x100075a0       0x4c CMakeFiles/Ultrasonic.dir/C_/Users/jwhz0/.pico-sdk/sdk/2.2.0/lib/tinyusb/src/device/usbd.c.obj
                0x100075a0                usbd_edpt_xfer
 .text.tud_control_status
                0x100075ec       0x2c CMakeFiles/Ultrasonic.dir/C_/Users/jwhz0/.pico-sdk/sdk/2.2.0/lib/tinyusb/src/device/usbd_control.c.obj
                0x100075ec                tud_control_status
 .text.tud_control_xfer
                0x10007618       0xa8 CMakeFiles/Ultrasonic.dir/C_/Users/jwhz0/.pico-sdk/sdk/2.2.0/lib/tinyusb/src/device/usbd_control.c.obj
                0x10007618                tud_control_xfer
 .text.usbd_control_reset
                0x100076c0       0x14 CMakeFiles/Ultrasonic.dir/C_/Users/jwhz0/.pico-sdk/sdk/2.2.0/lib/tinyusb/src/device/usbd_control.c.obj
                0x100076c0                usbd_control_reset
 .text.usbd_control_set_complete_callback
                0x100076d4        0xc CMakeFiles/Ultrasonic.dir/C_/Users/jwhz0/.pico-sdk/sdk/2.2.0/lib/tinyusb/src/device/usbd_control.c.obj
                0x100076d4                usbd_control_set_complete_callback
 .text.usbd_control_set_request
                0x100076e0       0x1c CMakeFiles/Ultrasonic.dir/C_/Users/jwhz0/.pico-sdk/sdk/2.2.0/lib/tinyusb/src/device/usbd_control.c.obj
                0x100076e0                usbd_control_set_request
 .text.usbd_control_xfer_cb
                0x100076fc       0xec CMakeFiles/Ultrasonic.dir/C_/Users/jwhz0/.pico-sdk/sdk/2.2.0/lib/tinyusb/src/device/usbd_control.c.obj
                0x100076fc                usbd_control_xfer_cb
 .text._prep_out_transaction.isra.0
                0x100077e8       0x6c CMakeFiles/Ultrasonic.dir/C_/Users/jwhz0/.pico-sdk/sdk/2.2.0/lib/tinyusb/src/class/cdc/cdc_device.c.obj
 .text.tud_cdc_n_connected
                0x10007854       0x2c CMakeFiles/Ultrasonic.dir/C_/Users/jwhz0/.pico-sdk/sdk/2.2.0/lib/tinyusb/src/class/cdc/cdc_device.c.obj
                0x10007854                tud_cdc_n_connected
 .text.tud_cdc_n_available
                0x10007880       0x14 CMakeFiles/Ultrasonic.dir/C_/Users/jwhz0/.pico-sdk/sdk/2.2.0/lib/tinyusb/src/class/cdc/cdc_device.c.obj
                0x10007880                tud_cdc_n_available
 .text.tud_cdc_n_read
                0x10007894       0x88 CMakeFiles/Ultrasonic.dir/C_/Users/jwhz0/.pico-sdk/sdk/2.2.0/lib/tinyusb/src/class/cdc/cdc_device.c.obj
                0x10007894                tud_cdc_n_read
 .text.tud_cdc_n_write_flush
                0x1000791c       0x74 CMakeFiles/Ultrasonic.dir/C_/Users/jwhz0/.pico-sdk/sdk/2.2.0/lib/tinyusb/src/class/cdc/cdc_device.c.obj
                0x1000791c                tud_cdc_n_write_flush
 .text.tud_cdc_n_write
                0x10007990       0x40 CMakeFiles/Ultrasonic.dir/C_/Users/jwhz0/.pico-sdk/sdk/2.2.0/lib/tinyusb/src/class/cdc/cdc_device.c.obj
                0x10007990                tud_cdc_n_write
 .text.tud_cdc_n_write_available
                0x100079d0       0x14 CMakeFiles/Ultrasonic.dir/C_/Users/jwhz0/.pico-sdk/sdk/2.2.0/lib/tinyusb/src/class/cdc/cdc_device.c.obj
                0x100079d0                tud_cdc_n_write_available
 .text.cdcd_init
                0x100079e4       0x70 CMakeFiles/Ultrasonic.dir/C_/Users/jwhz0/.pico-sdk/sdk/2.2.0/lib/tinyusb/src/class/cdc/cdc_device.c.obj
                0x100079e4                cdcd_init
 .text.cdcd_deinit
                0x10007a54       0x30 CMakeFiles/Ultrasonic.dir/C_/Users/jwhz0/.pico-sdk/sdk/2.2.0/lib/tinyusb/src/class/cdc/cdc_device.c.obj
                0x10007a54                cdcd_deinit
 .text.cdcd_reset
                0x10007a84       0x4c CMakeFiles/Ultrasonic.dir/C_/Users/jwhz0/.pico-sdk/sdk/2.2.0/lib/tinyusb/src/class/cdc/cdc_device.c.obj
                0x10007a84                cdcd_reset
 .text.cdcd_open
                0x10007ad0       0xa4 CMakeFiles/Ultrasonic.dir/C_/Users/jwhz0/.pico-sdk/sdk/2.2.0/lib/tinyusb/src/class/cdc/cdc_device.c.obj
                0x10007ad0                cdcd_open
 .text.cdcd_control_xfer_cb
                0x10007b74       0xe8 CMakeFiles/Ultrasonic.dir/C_/Users/jwhz0/.pico-sdk/sdk/2.2.0/lib/tinyusb/src/class/cdc/cdc_device.c.obj
                0x10007b74                cdcd_control_xfer_cb
 .text.cdcd_xfer_cb
                0x10007c5c      0x100 CMakeFiles/Ultrasonic.dir/C_/Users/jwhz0/.pico-sdk/sdk/2.2.0/lib/tinyusb/src/class/cdc/cdc_device.c.obj
                0x10007c5c                cdcd_xfer_cb
 .text.vendord_init
                0x10007d5c       0x5c CMakeFiles/Ultrasonic.dir/C_/Users/jwhz0/.pico-sdk/sdk/2.2.0/lib/tinyusb/src/class/vendor/vendor_device.c.obj
                0x10007d5c                vendord_init
 .text.vendord_deinit
                0x10007db8       0x1c CMakeFiles/Ultrasonic.dir/C_/Users/jwhz0/.pico-sdk/sdk/2.2.0/lib/tinyusb/src/class/vendor/vendor_device.c.obj
                0x10007db8                vendord_deinit
 .text.vendord_reset
                0x10007dd4       0x28 CMakeFiles/Ultrasonic.dir/C_/Users/jwhz0/.pico-sdk/sdk/2.2.0/lib/tinyusb/src/class/vendor/vendor_device.c.obj
                0x10007dd4                vendord_reset
 .text.vendord_open
                0x10007dfc      0x120 CMakeFiles/Ultrasonic.dir/C_/Users/jwhz0/.pico-sdk/sdk/2.2.0/lib/tinyusb/src/class/vendor/vendor_device.c.obj
                0x10007dfc                vendord_open
 .text.vendord_xfer_cb
                0x10007f1c       0x9c CMakeFiles/Ultrasonic.dir/C_/Users/jwhz0/.pico-sdk/sdk/2.2.0/lib/tinyusb/src/class/vendor/vendor_device.c.obj
                0x10007f1c                vendord_xfer_cb
 .text.tusb_rhport_init
                0x10007fb8       0x4c CMakeFiles/Ultrasonic.dir/C_/Users/jwhz0/.pico-sdk/sdk/2.2.0/lib/tinyusb/src/tusb.c.obj
                0x10007fb8                tusb_rhport_init
 .text.tu_edpt_claim
                0x10008004       0x50 CMakeFiles/Ultrasonic.dir/C_/Users/jwhz0/.pico-sdk/sdk/2.2.0/lib/tinyusb/src/tusb.c.obj
                0x10008004                tu_edpt_claim
 .text.tu_edpt_release
                0x10008054       0x38 CMakeFiles/Ultrasonic.dir/C_/Users/jwhz0/.pico-sdk/sdk/2.2.0/lib/tinyusb/src/tusb.c.obj
                0x10008054                tu_edpt_release
 .text.tu_edpt_validate
                0x1000808c       0x7c CMakeFiles/Ultrasonic.dir/C_/Users/jwhz0/.pico-sdk/sdk/2.2.0/lib/tinyusb/src/tusb.c.obj
                0x1000808c                tu_edpt_validate
 .text.tu_edpt_bind_driver
                0x10008108       0x34 CMakeFiles/Ultrasonic.dir/C_/Users/jwhz0/.pico-sdk/sdk/2.2.0/lib/tinyusb/src/tusb.c.obj
                0x10008108                tu_edpt_bind_driver
 .text.tu_edpt_stream_init
                0x1000813c       0x6c CMakeFiles/Ultrasonic.dir/C_/Users/jwhz0/.pico-sdk/sdk/2.2.0/lib/tinyusb/src/tusb.c.obj
                0x1000813c                tu_edpt_stream_init
 .text.tu_edpt_stream_deinit
                0x100081a8        0x4 CMakeFiles/Ultrasonic.dir/C_/Users/jwhz0/.pico-sdk/sdk/2.2.0/lib/tinyusb/src/tusb.c.obj
                0x100081a8                tu_edpt_stream_deinit
 .text.tu_edpt_stream_write_zlp_if_needed
                0x100081ac       0x68 CMakeFiles/Ultrasonic.dir/C_/Users/jwhz0/.pico-sdk/sdk/2.2.0/lib/tinyusb/src/tusb.c.obj
                0x100081ac                tu_edpt_stream_write_zlp_if_needed
 .text.tu_edpt_stream_write_xfer
                0x10008214       0x68 CMakeFiles/Ultrasonic.dir/C_/Users/jwhz0/.pico-sdk/sdk/2.2.0/lib/tinyusb/src/tusb.c.obj
                0x10008214                tu_edpt_stream_write_xfer
 .text.tu_edpt_stream_read_xfer
                0x1000827c       0xd8 CMakeFiles/Ultrasonic.dir/C_/Users/jwhz0/.pico-sdk/sdk/2.2.0/lib/tinyusb/src/tusb.c.obj
                0x1000827c                tu_edpt_stream_read_xfer
 .text.tu_fifo_config
                0x10008354       0x6c CMakeFiles/Ultrasonic.dir/C_/Users/jwhz0/.pico-sdk/sdk/2.2.0/lib/tinyusb/src/common/tusb_fifo.c.obj
                0x10008354                tu_fifo_config
 .text.tu_fifo_count
                0x100083c0       0x2c CMakeFiles/Ultrasonic.dir/C_/Users/jwhz0/.pico-sdk/sdk/2.2.0/lib/tinyusb/src/common/tusb_fifo.c.obj
                0x100083c0                tu_fifo_count
 .text.tu_fifo_empty
                0x100083ec       0x10 CMakeFiles/Ultrasonic.dir/C_/Users/jwhz0/.pico-sdk/sdk/2.2.0/lib/tinyusb/src/common/tusb_fifo.c.obj
                0x100083ec                tu_fifo_empty
 .text.tu_fifo_remaining
                0x100083fc       0x2c CMakeFiles/Ultrasonic.dir/C_/Users/jwhz0/.pico-sdk/sdk/2.2.0/lib/tinyusb/src/common/tusb_fifo.c.obj
                0x100083fc                tu_fifo_remaining
 .text.tu_fifo_read
                0x10008428       0x9c CMakeFiles/Ultrasonic.dir/C_/Users/jwhz0/.pico-sdk/sdk/2.2.0/lib/tinyusb/src/common/tusb_fifo.c.obj
                0x10008428                tu_fifo_read
 .text.tu_fifo_read_n
                0x100084c4       0xe8 CMakeFiles/Ultrasonic.dir/C_/Users/jwhz0/.pico-sdk/sdk/2.2.0/lib/tinyusb/src/common/tusb_fifo.c.obj
                0x100084c4                tu_fifo_read_n
 .text.tu_fifo_write
                0x100085ac       0xa4 CMakeFiles/Ultrasonic.dir/C_/Users/jwhz0/.pico-sdk/sdk/2.2.0/lib/tinyusb/src/common/tusb_fifo.c.obj
                0x100085ac                tu_fifo_write
 .text.tu_fifo_write_n
                0x10008650      0x178 CMakeFiles/Ultrasonic.dir/C_/Users/jwhz0/.pico-sdk/sdk/2.2.0/lib/tinyusb/src/common/tusb_fifo.c.obj
                0x10008650                tu_fifo_write_n
 .text.tu_fifo_clear
                0x100087c8       0x40 CMakeFiles/Ultrasonic.dir/C_/Users/jwhz0/.pico-sdk/sdk/2.2.0/lib/tinyusb/src/common/tusb_fifo.c.obj
                0x100087c8                tu_fifo_clear
 .text.tu_fifo_set_overwritable
                0x10008808       0x48 CMakeFiles/Ultrasonic.dir/C_/Users/jwhz0/.pico-sdk/sdk/2.2.0/lib/tinyusb/src/common/tusb_fifo.c.obj
                0x10008808                tu_fifo_set_overwritable
 .text.lwip_timeout_reached
                0x10008850        0x8 CMakeFiles/Ultrasonic.dir/C_/Users/jwhz0/.pico-sdk/sdk/2.2.0/src/rp2_common/pico_lwip/lwip_nosys.c.obj
 .text.update_next_timeout
                0x10008858       0x5c CMakeFiles/Ultrasonic.dir/C_/Users/jwhz0/.pico-sdk/sdk/2.2.0/src/rp2_common/pico_lwip/lwip_nosys.c.obj
 .text.lwip_nosys_init
                0x100088b4       0x30 CMakeFiles/Ultrasonic.dir/C_/Users/jwhz0/.pico-sdk/sdk/2.2.0/src/rp2_common/pico_lwip/lwip_nosys.c.obj
                0x100088b4                lwip_nosys_init
 .text.lwip_nosys_deinit
                0x100088e4       0x20 CMakeFiles/Ultrasonic.dir/C_/Users/jwhz0/.pico-sdk/sdk/2.2.0/src/rp2_common/pico_lwip/lwip_nosys.c.obj
                0x100088e4                lwip_nosys_deinit
 .text.sys_arch_protect
                0x10008904        0x4 CMakeFiles/Ultrasonic.dir/C_/Users/jwhz0/.pico-sdk/sdk/2.2.0/src/rp2_common/pico_lwip/lwip_nosys.c.obj
                0x10008904                sys_arch_protect
 .text.sys_arch_unprotect
                0x10008908        0x4 CMakeFiles/Ultrasonic.dir/C_/Users/jwhz0/.pico-sdk/sdk/2.2.0/src/rp2_common/pico_lwip/lwip_nosys.c.obj
                0x10008908                sys_arch_unprotect
 .text.sys_now  0x1000890c       0x20 CMakeFiles/Ultrasonic.dir/C_/Users/jwhz0/.pico-sdk/sdk/2.2.0/src/rp2_common/pico_lwip/lwip_nosys.c.obj
                0x1000890c                sys_now
 .text.async_context_base_add_at_time_worker
                0x1000892c       0x28 CMakeFiles/Ultrasonic.dir/C_/Users/jwhz0/.pico-sdk/sdk/2.2.0/src/rp2_common/pico_async_context/async_context_base.c.obj
                0x1000892c                async_context_base_add_at_time_worker
 .text.async_context_base_remove_at_time_worker
                0x10008954       0x24 CMakeFiles/Ultrasonic.dir/C_/Users/jwhz0/.pico-sdk/sdk/2.2.0/src/rp2_common/pico_async_context/async_context_base.c.obj
                0x10008954                async_context_base_remove_at_time_worker
 .text.async_context_base_add_when_pending_worker
                0x10008978       0x24 CMakeFiles/Ultrasonic.dir/C_/Users/jwhz0/.pico-sdk/sdk/2.2.0/src/rp2_common/pico_async_context/async_context_base.c.obj
                0x10008978                async_context_base_add_when_pending_worker
 .text.async_context_base_remove_when_pending_worker
                0x1000899c       0x24 CMakeFiles/Ultrasonic.dir/C_/Users/jwhz0/.pico-sdk/sdk/2.2.0/src/rp2_common/pico_async_context/async_context_base.c.obj
                0x1000899c                async_context_base_remove_when_pending_worker
 .text.async_context_base_execute_once
                0x100089c0      0x108 CMakeFiles/Ultrasonic.dir/C_/Users/jwhz0/.pico-sdk/sdk/2.2.0/src/rp2_common/pico_async_context/async_context_base.c.obj
                0x100089c0                async_context_base_execute_once
 .text.splitmix64
                0x10008ac8       0x58 CMakeFiles/Ultrasonic.dir/C_/Users/jwhz0/.pico-sdk/sdk/2.2.0/src/rp2_common/pico_rand/rand.c.obj
 .text.xoroshiro128ss
                0x10008b20       0x90 CMakeFiles/Ultrasonic.dir/C_/Users/jwhz0/.pico-sdk/sdk/2.2.0/src/rp2_common/pico_rand/rand.c.obj
 .text.get_rand_64
                0x10008bb0      0x47c CMakeFiles/Ultrasonic.dir/C_/Users/jwhz0/.pico-sdk/sdk/2.2.0/src/rp2_common/pico_rand/rand.c.obj
                0x10008bb0                get_rand_64
 .text.get_rand_32
                0x1000902c        0x8 CMakeFiles/Ultrasonic.dir/C_/Users/jwhz0/.pico-sdk/sdk/2.2.0/src/rp2_common/pico_rand/rand.c.obj
                0x1000902c                get_rand_32
 .text.lwip_init
                0x10009034       0x24 CMakeFiles/Ultrasonic.dir/C_/Users/jwhz0/.pico-sdk/sdk/2.2.0/lib/lwip/src/core/init.c.obj
                0x10009034                lwip_init
 .text.lwip_htons
                0x10009058        0x8 CMakeFiles/Ultrasonic.dir/C_/Users/jwhz0/.pico-sdk/sdk/2.2.0/lib/lwip/src/core/def.c.obj
                0x10009058                lwip_htons
 .text.lwip_htonl
                0x10009060        0x4 CMakeFiles/Ultrasonic.dir/C_/Users/jwhz0/.pico-sdk/sdk/2.2.0/lib/lwip/src/core/def.c.obj
                0x10009060                lwip_htonl
 .text.dns_call_found
                0x10009064      0x184 CMakeFiles/Ultrasonic.dir/C_/Users/jwhz0/.pico-sdk/sdk/2.2.0/lib/lwip/src/core/dns.c.obj
 .text.dns_send.isra.0
                0x100091e8      0x174 CMakeFiles/Ultrasonic.dir/C_/Users/jwhz0/.pico-sdk/sdk/2.2.0/lib/lwip/src/core/dns.c.obj
 .text.dns_init
                0x1000935c        0x4 CMakeFiles/Ultrasonic.dir/C_/Users/jwhz0/.pico-sdk/sdk/2.2.0/lib/lwip/src/core/dns.c.obj
                0x1000935c                dns_init
 .text.dns_setserver
                0x10009360       0x24 CMakeFiles/Ultrasonic.dir/C_/Users/jwhz0/.pico-sdk/sdk/2.2.0/lib/lwip/src/core/dns.c.obj
                0x10009360                dns_setserver
 .text.dns_tmr  0x10009384      0x130 CMakeFiles/Ultrasonic.dir/C_/Users/jwhz0/.pico-sdk/sdk/2.2.0/lib/lwip/src/core/dns.c.obj
                0x10009384                dns_tmr
 .text.lwip_standard_chksum
                0x100094b4       0xf4 CMakeFiles/Ultrasonic.dir/C_/Users/jwhz0/.pico-sdk/sdk/2.2.0/lib/lwip/src/core/inet_chksum.c.obj
                0x100094b4                lwip_standard_chksum
 .text.inet_chksum_pseudo
                0x100095a8       0xbc CMakeFiles/Ultrasonic.dir/C_/Users/jwhz0/.pico-sdk/sdk/2.2.0/lib/lwip/src/core/inet_chksum.c.obj
                0x100095a8                inet_chksum_pseudo
 .text.ip_chksum_pseudo
                0x10009664       0x10 CMakeFiles/Ultrasonic.dir/C_/Users/jwhz0/.pico-sdk/sdk/2.2.0/lib/lwip/src/core/inet_chksum.c.obj
                0x10009664                ip_chksum_pseudo
 .text.inet_chksum
                0x10009674        0xc CMakeFiles/Ultrasonic.dir/C_/Users/jwhz0/.pico-sdk/sdk/2.2.0/lib/lwip/src/core/inet_chksum.c.obj
                0x10009674                inet_chksum
 .text.inet_chksum_pbuf
                0x10009680       0x78 CMakeFiles/Ultrasonic.dir/C_/Users/jwhz0/.pico-sdk/sdk/2.2.0/lib/lwip/src/core/inet_chksum.c.obj
                0x10009680                inet_chksum_pbuf
 .text.mem_init
                0x100096f8       0x3c CMakeFiles/Ultrasonic.dir/C_/Users/jwhz0/.pico-sdk/sdk/2.2.0/lib/lwip/src/core/mem.c.obj
                0x100096f8                mem_init
 .text.mem_free
                0x10009734      0x13c CMakeFiles/Ultrasonic.dir/C_/Users/jwhz0/.pico-sdk/sdk/2.2.0/lib/lwip/src/core/mem.c.obj
                0x10009734                mem_free
 .text.mem_trim
                0x10009870      0x104 CMakeFiles/Ultrasonic.dir/C_/Users/jwhz0/.pico-sdk/sdk/2.2.0/lib/lwip/src/core/mem.c.obj
                0x10009870                mem_trim
 .text.mem_malloc
                0x10009974      0x130 CMakeFiles/Ultrasonic.dir/C_/Users/jwhz0/.pico-sdk/sdk/2.2.0/lib/lwip/src/core/mem.c.obj
                0x10009974                mem_malloc
 .text.mem_calloc
                0x10009aa4       0x28 CMakeFiles/Ultrasonic.dir/C_/Users/jwhz0/.pico-sdk/sdk/2.2.0/lib/lwip/src/core/mem.c.obj
                0x10009aa4                mem_calloc
 .text.memp_init
                0x10009acc       0x6c CMakeFiles/Ultrasonic.dir/C_/Users/jwhz0/.pico-sdk/sdk/2.2.0/lib/lwip/src/core/memp.c.obj
                0x10009acc                memp_init
 .text.memp_malloc
                0x10009b38       0x40 CMakeFiles/Ultrasonic.dir/C_/Users/jwhz0/.pico-sdk/sdk/2.2.0/lib/lwip/src/core/memp.c.obj
                0x10009b38                memp_malloc
 .text.memp_free
                0x10009b78       0x38 CMakeFiles/Ultrasonic.dir/C_/Users/jwhz0/.pico-sdk/sdk/2.2.0/lib/lwip/src/core/memp.c.obj
                0x10009b78                memp_free
 .text.netif_null_output_ip4
                0x10009bb0        0x8 CMakeFiles/Ultrasonic.dir/C_/Users/jwhz0/.pico-sdk/sdk/2.2.0/lib/lwip/src/core/netif.c.obj
 .text.netif_do_set_ipaddr.isra.0
                0x10009bb8       0x70 CMakeFiles/Ultrasonic.dir/C_/Users/jwhz0/.pico-sdk/sdk/2.2.0/lib/lwip/src/core/netif.c.obj
 .text.netif_init
                0x10009c28        0x4 CMakeFiles/Ultrasonic.dir/C_/Users/jwhz0/.pico-sdk/sdk/2.2.0/lib/lwip/src/core/netif.c.obj
                0x10009c28                netif_init
 .text.netif_add
                0x10009c2c      0x174 CMakeFiles/Ultrasonic.dir/C_/Users/jwhz0/.pico-sdk/sdk/2.2.0/lib/lwip/src/core/netif.c.obj
                0x10009c2c                netif_add
 .text.netif_set_addr
                0x10009da0       0xb8 CMakeFiles/Ultrasonic.dir/C_/Users/jwhz0/.pico-sdk/sdk/2.2.0/lib/lwip/src/core/netif.c.obj
                0x10009da0                netif_set_addr
 .text.netif_remove
                0x10009e58       0x94 CMakeFiles/Ultrasonic.dir/C_/Users/jwhz0/.pico-sdk/sdk/2.2.0/lib/lwip/src/core/netif.c.obj
                0x10009e58                netif_remove
 .text.netif_set_default
                0x10009eec        0xc CMakeFiles/Ultrasonic.dir/C_/Users/jwhz0/.pico-sdk/sdk/2.2.0/lib/lwip/src/core/netif.c.obj
                0x10009eec                netif_set_default
 .text.netif_set_up
                0x10009ef8       0x40 CMakeFiles/Ultrasonic.dir/C_/Users/jwhz0/.pico-sdk/sdk/2.2.0/lib/lwip/src/core/netif.c.obj
                0x10009ef8                netif_set_up
 .text.netif_set_link_up
                0x10009f38       0x44 CMakeFiles/Ultrasonic.dir/C_/Users/jwhz0/.pico-sdk/sdk/2.2.0/lib/lwip/src/core/netif.c.obj
                0x10009f38                netif_set_link_up
 .text.netif_set_link_down
                0x10009f7c       0x20 CMakeFiles/Ultrasonic.dir/C_/Users/jwhz0/.pico-sdk/sdk/2.2.0/lib/lwip/src/core/netif.c.obj
                0x10009f7c                netif_set_link_down
 .text.netif_get_by_index
                0x10009f9c       0x2c CMakeFiles/Ultrasonic.dir/C_/Users/jwhz0/.pico-sdk/sdk/2.2.0/lib/lwip/src/core/netif.c.obj
                0x10009f9c                netif_get_by_index
 .text.pbuf_free.part.0
                0x10009fc8       0x7c CMakeFiles/Ultrasonic.dir/C_/Users/jwhz0/.pico-sdk/sdk/2.2.0/lib/lwip/src/core/pbuf.c.obj
 .text.pbuf_free_ooseq
                0x1000a044       0x34 CMakeFiles/Ultrasonic.dir/C_/Users/jwhz0/.pico-sdk/sdk/2.2.0/lib/lwip/src/core/pbuf.c.obj
                0x1000a044                pbuf_free_ooseq
 .text.pbuf_alloc
                0x1000a078      0x134 CMakeFiles/Ultrasonic.dir/C_/Users/jwhz0/.pico-sdk/sdk/2.2.0/lib/lwip/src/core/pbuf.c.obj
                0x1000a078                pbuf_alloc
 .text.pbuf_realloc
                0x1000a1ac       0x84 CMakeFiles/Ultrasonic.dir/C_/Users/jwhz0/.pico-sdk/sdk/2.2.0/lib/lwip/src/core/pbuf.c.obj
                0x1000a1ac                pbuf_realloc
 .text.pbuf_add_header
                0x1000a230       0x54 CMakeFiles/Ultrasonic.dir/C_/Users/jwhz0/.pico-sdk/sdk/2.2.0/lib/lwip/src/core/pbuf.c.obj
                0x1000a230                pbuf_add_header
 .text.pbuf_remove_header
                0x1000a284       0x3c CMakeFiles/Ultrasonic.dir/C_/Users/jwhz0/.pico-sdk/sdk/2.2.0/lib/lwip/src/core/pbuf.c.obj
                0x1000a284                pbuf_remove_header
 .text.pbuf_header_force
                0x1000a2c0       0x68 CMakeFiles/Ultrasonic.dir/C_/Users/jwhz0/.pico-sdk/sdk/2.2.0/lib/lwip/src/core/pbuf.c.obj
                0x1000a2c0                pbuf_header_force
 .text.pbuf_free
                0x1000a328       0x18 CMakeFiles/Ultrasonic.dir/C_/Users/jwhz0/.pico-sdk/sdk/2.2.0/lib/lwip/src/core/pbuf.c.obj
                0x1000a328                pbuf_free
 .text.pbuf_clen
                0x1000a340       0x14 CMakeFiles/Ultrasonic.dir/C_/Users/jwhz0/.pico-sdk/sdk/2.2.0/lib/lwip/src/core/pbuf.c.obj
                0x1000a340                pbuf_clen
 .text.pbuf_ref
                0x1000a354       0x28 CMakeFiles/Ultrasonic.dir/C_/Users/jwhz0/.pico-sdk/sdk/2.2.0/lib/lwip/src/core/pbuf.c.obj
                0x1000a354                pbuf_ref
 .text.pbuf_cat
                0x1000a37c       0x54 CMakeFiles/Ultrasonic.dir/C_/Users/jwhz0/.pico-sdk/sdk/2.2.0/lib/lwip/src/core/pbuf.c.obj
                0x1000a37c                pbuf_cat
 .text.pbuf_chain
                0x1000a3d0       0x70 CMakeFiles/Ultrasonic.dir/C_/Users/jwhz0/.pico-sdk/sdk/2.2.0/lib/lwip/src/core/pbuf.c.obj
                0x1000a3d0                pbuf_chain
 .text.pbuf_copy_partial_pbuf
                0x1000a440      0x158 CMakeFiles/Ultrasonic.dir/C_/Users/jwhz0/.pico-sdk/sdk/2.2.0/lib/lwip/src/core/pbuf.c.obj
                0x1000a440                pbuf_copy_partial_pbuf
 .text.pbuf_copy
                0x1000a598       0x18 CMakeFiles/Ultrasonic.dir/C_/Users/jwhz0/.pico-sdk/sdk/2.2.0/lib/lwip/src/core/pbuf.c.obj
                0x1000a598                pbuf_copy
 .text.pbuf_copy_partial
                0x1000a5b0       0x70 CMakeFiles/Ultrasonic.dir/C_/Users/jwhz0/.pico-sdk/sdk/2.2.0/lib/lwip/src/core/pbuf.c.obj
                0x1000a5b0                pbuf_copy_partial
 .text.pbuf_get_contiguous
                0x1000a620       0xa8 CMakeFiles/Ultrasonic.dir/C_/Users/jwhz0/.pico-sdk/sdk/2.2.0/lib/lwip/src/core/pbuf.c.obj
                0x1000a620                pbuf_get_contiguous
 .text.pbuf_take
                0x1000a6c8       0x78 CMakeFiles/Ultrasonic.dir/C_/Users/jwhz0/.pico-sdk/sdk/2.2.0/lib/lwip/src/core/pbuf.c.obj
                0x1000a6c8                pbuf_take
 .text.pbuf_take_at
                0x1000a740       0xc0 CMakeFiles/Ultrasonic.dir/C_/Users/jwhz0/.pico-sdk/sdk/2.2.0/lib/lwip/src/core/pbuf.c.obj
                0x1000a740                pbuf_take_at
 .text.pbuf_clone
                0x1000a800       0x30 CMakeFiles/Ultrasonic.dir/C_/Users/jwhz0/.pico-sdk/sdk/2.2.0/lib/lwip/src/core/pbuf.c.obj
                0x1000a800                pbuf_clone
 .text.pbuf_get_at
                0x1000a830       0x20 CMakeFiles/Ultrasonic.dir/C_/Users/jwhz0/.pico-sdk/sdk/2.2.0/lib/lwip/src/core/pbuf.c.obj
                0x1000a830                pbuf_get_at
 .text.pbuf_put_at
                0x1000a850       0x1c CMakeFiles/Ultrasonic.dir/C_/Users/jwhz0/.pico-sdk/sdk/2.2.0/lib/lwip/src/core/pbuf.c.obj
                0x1000a850                pbuf_put_at
 .text.raw_input
                0x1000a86c      0x164 CMakeFiles/Ultrasonic.dir/C_/Users/jwhz0/.pico-sdk/sdk/2.2.0/lib/lwip/src/core/raw.c.obj
                0x1000a86c                raw_input
 .text.raw_netif_ip_addr_changed
                0x1000a9d0       0x40 CMakeFiles/Ultrasonic.dir/C_/Users/jwhz0/.pico-sdk/sdk/2.2.0/lib/lwip/src/core/raw.c.obj
                0x1000a9d0                raw_netif_ip_addr_changed
 .text.stats_init
                0x1000aa10        0x4 CMakeFiles/Ultrasonic.dir/C_/Users/jwhz0/.pico-sdk/sdk/2.2.0/lib/lwip/src/core/stats.c.obj
                0x1000aa10                stats_init
 .text.tcp_close_shutdown_fin
                0x1000aa14       0x54 CMakeFiles/Ultrasonic.dir/C_/Users/jwhz0/.pico-sdk/sdk/2.2.0/lib/lwip/src/core/tcp.c.obj
 .text.tcp_pcb_purge.part.0
                0x1000aa68       0xc4 CMakeFiles/Ultrasonic.dir/C_/Users/jwhz0/.pico-sdk/sdk/2.2.0/lib/lwip/src/core/tcp.c.obj
 .text.tcp_init
                0x1000ab2c       0x20 CMakeFiles/Ultrasonic.dir/C_/Users/jwhz0/.pico-sdk/sdk/2.2.0/lib/lwip/src/core/tcp.c.obj
                0x1000ab2c                tcp_init
 .text.tcp_free
                0x1000ab4c       0x1c CMakeFiles/Ultrasonic.dir/C_/Users/jwhz0/.pico-sdk/sdk/2.2.0/lib/lwip/src/core/tcp.c.obj
                0x1000ab4c                tcp_free
 .text.tcp_bind
                0x1000ab68       0xf4 CMakeFiles/Ultrasonic.dir/C_/Users/jwhz0/.pico-sdk/sdk/2.2.0/lib/lwip/src/core/tcp.c.obj
                0x1000ab68                tcp_bind
 .text.tcp_update_rcv_ann_wnd
                0x1000ac5c       0x58 CMakeFiles/Ultrasonic.dir/C_/Users/jwhz0/.pico-sdk/sdk/2.2.0/lib/lwip/src/core/tcp.c.obj
                0x1000ac5c                tcp_update_rcv_ann_wnd
 .text.tcp_recved
                0x1000acb4       0x98 CMakeFiles/Ultrasonic.dir/C_/Users/jwhz0/.pico-sdk/sdk/2.2.0/lib/lwip/src/core/tcp.c.obj
                0x1000acb4                tcp_recved
 .text.tcp_connect
                0x1000ad4c      0x1bc CMakeFiles/Ultrasonic.dir/C_/Users/jwhz0/.pico-sdk/sdk/2.2.0/lib/lwip/src/core/tcp.c.obj
                0x1000ad4c                tcp_connect
 .text.tcp_slowtmr
                0x1000af08      0x514 CMakeFiles/Ultrasonic.dir/C_/Users/jwhz0/.pico-sdk/sdk/2.2.0/lib/lwip/src/core/tcp.c.obj
                0x1000af08                tcp_slowtmr
 .text.tcp_segs_free
                0x1000b41c       0x38 CMakeFiles/Ultrasonic.dir/C_/Users/jwhz0/.pico-sdk/sdk/2.2.0/lib/lwip/src/core/tcp.c.obj
                0x1000b41c                tcp_segs_free
 .text.tcp_seg_free
                0x1000b454       0x1c CMakeFiles/Ultrasonic.dir/C_/Users/jwhz0/.pico-sdk/sdk/2.2.0/lib/lwip/src/core/tcp.c.obj
                0x1000b454                tcp_seg_free
 .text.tcp_seg_copy
                0x1000b470       0x2c CMakeFiles/Ultrasonic.dir/C_/Users/jwhz0/.pico-sdk/sdk/2.2.0/lib/lwip/src/core/tcp.c.obj
                0x1000b470                tcp_seg_copy
 .text.tcp_arg  0x1000b49c        0x8 CMakeFiles/Ultrasonic.dir/C_/Users/jwhz0/.pico-sdk/sdk/2.2.0/lib/lwip/src/core/tcp.c.obj
                0x1000b49c                tcp_arg
 .text.tcp_recv
                0x1000b4a4       0x1c CMakeFiles/Ultrasonic.dir/C_/Users/jwhz0/.pico-sdk/sdk/2.2.0/lib/lwip/src/core/tcp.c.obj
                0x1000b4a4                tcp_recv
 .text.tcp_sent
                0x1000b4c0       0x1c CMakeFiles/Ultrasonic.dir/C_/Users/jwhz0/.pico-sdk/sdk/2.2.0/lib/lwip/src/core/tcp.c.obj
                0x1000b4c0                tcp_sent
 .text.tcp_err  0x1000b4dc       0x1c CMakeFiles/Ultrasonic.dir/C_/Users/jwhz0/.pico-sdk/sdk/2.2.0/lib/lwip/src/core/tcp.c.obj
                0x1000b4dc                tcp_err
 .text.tcp_poll
                0x1000b4f8       0x20 CMakeFiles/Ultrasonic.dir/C_/Users/jwhz0/.pico-sdk/sdk/2.2.0/lib/lwip/src/core/tcp.c.obj
                0x1000b4f8                tcp_poll
 .text.tcp_pcb_purge
                0x1000b518       0x18 CMakeFiles/Ultrasonic.dir/C_/Users/jwhz0/.pico-sdk/sdk/2.2.0/lib/lwip/src/core/tcp.c.obj
                0x1000b518                tcp_pcb_purge
 .text.tcp_pcb_remove
                0x1000b530       0xc8 CMakeFiles/Ultrasonic.dir/C_/Users/jwhz0/.pico-sdk/sdk/2.2.0/lib/lwip/src/core/tcp.c.obj
                0x1000b530                tcp_pcb_remove
 .text.tcp_abandon
                0x1000b5f8      0x1a0 CMakeFiles/Ultrasonic.dir/C_/Users/jwhz0/.pico-sdk/sdk/2.2.0/lib/lwip/src/core/tcp.c.obj
                0x1000b5f8                tcp_abandon
 .text.tcp_abort
                0x1000b798        0xc CMakeFiles/Ultrasonic.dir/C_/Users/jwhz0/.pico-sdk/sdk/2.2.0/lib/lwip/src/core/tcp.c.obj
                0x1000b798                tcp_abort
 .text.tcp_alloc
                0x1000b7a4      0x1d4 CMakeFiles/Ultrasonic.dir/C_/Users/jwhz0/.pico-sdk/sdk/2.2.0/lib/lwip/src/core/tcp.c.obj
                0x1000b7a4                tcp_alloc
 .text.tcp_new_ip_type
                0x1000b978        0xc CMakeFiles/Ultrasonic.dir/C_/Users/jwhz0/.pico-sdk/sdk/2.2.0/lib/lwip/src/core/tcp.c.obj
                0x1000b978                tcp_new_ip_type
 .text.tcp_close_shutdown
                0x1000b984      0x188 CMakeFiles/Ultrasonic.dir/C_/Users/jwhz0/.pico-sdk/sdk/2.2.0/lib/lwip/src/core/tcp.c.obj
 .text.tcp_recv_null
                0x1000bb0c       0xcc CMakeFiles/Ultrasonic.dir/C_/Users/jwhz0/.pico-sdk/sdk/2.2.0/lib/lwip/src/core/tcp.c.obj
                0x1000bb0c                tcp_recv_null
 .text.tcp_process_refused_data
                0x1000bbd8       0x78 CMakeFiles/Ultrasonic.dir/C_/Users/jwhz0/.pico-sdk/sdk/2.2.0/lib/lwip/src/core/tcp.c.obj
                0x1000bbd8                tcp_process_refused_data
 .text.tcp_fasttmr
                0x1000bc50       0x98 CMakeFiles/Ultrasonic.dir/C_/Users/jwhz0/.pico-sdk/sdk/2.2.0/lib/lwip/src/core/tcp.c.obj
                0x1000bc50                tcp_fasttmr
 .text.tcp_tmr  0x1000bce8       0x20 CMakeFiles/Ultrasonic.dir/C_/Users/jwhz0/.pico-sdk/sdk/2.2.0/lib/lwip/src/core/tcp.c.obj
                0x1000bce8                tcp_tmr
 .text.tcp_close
                0x1000bd08      0x170 CMakeFiles/Ultrasonic.dir/C_/Users/jwhz0/.pico-sdk/sdk/2.2.0/lib/lwip/src/core/tcp.c.obj
                0x1000bd08                tcp_close
 .text.tcp_next_iss
                0x1000be78       0x28 CMakeFiles/Ultrasonic.dir/C_/Users/jwhz0/.pico-sdk/sdk/2.2.0/lib/lwip/src/core/tcp.c.obj
                0x1000be78                tcp_next_iss
 .text.tcp_eff_send_mss_netif
                0x1000bea0       0x34 CMakeFiles/Ultrasonic.dir/C_/Users/jwhz0/.pico-sdk/sdk/2.2.0/lib/lwip/src/core/tcp.c.obj
                0x1000bea0                tcp_eff_send_mss_netif
 .text.tcp_netif_ip_addr_changed
                0x1000bed4       0x94 CMakeFiles/Ultrasonic.dir/C_/Users/jwhz0/.pico-sdk/sdk/2.2.0/lib/lwip/src/core/tcp.c.obj
                0x1000bed4                tcp_netif_ip_addr_changed
 .text.tcp_free_ooseq
                0x1000bf68       0x40 CMakeFiles/Ultrasonic.dir/C_/Users/jwhz0/.pico-sdk/sdk/2.2.0/lib/lwip/src/core/tcp.c.obj
                0x1000bf68                tcp_free_ooseq
 .text.tcp_parseopt
                0x1000bfa8      0x1b0 CMakeFiles/Ultrasonic.dir/C_/Users/jwhz0/.pico-sdk/sdk/2.2.0/lib/lwip/src/core/tcp_in.c.obj
 .text.tcp_oos_insert_segment
                0x1000c158       0xcc CMakeFiles/Ultrasonic.dir/C_/Users/jwhz0/.pico-sdk/sdk/2.2.0/lib/lwip/src/core/tcp_in.c.obj
 .text.tcp_free_acked_segments.isra.0
                0x1000c224       0xdc CMakeFiles/Ultrasonic.dir/C_/Users/jwhz0/.pico-sdk/sdk/2.2.0/lib/lwip/src/core/tcp_in.c.obj
 .text.tcp_receive
                0x1000c300      0xa34 CMakeFiles/Ultrasonic.dir/C_/Users/jwhz0/.pico-sdk/sdk/2.2.0/lib/lwip/src/core/tcp_in.c.obj
 .text.tcp_input
                0x1000cd34      0xe3c CMakeFiles/Ultrasonic.dir/C_/Users/jwhz0/.pico-sdk/sdk/2.2.0/lib/lwip/src/core/tcp_in.c.obj
                0x1000cd34                tcp_input
 .text.tcp_trigger_input_pcb_close
                0x1000db70       0x10 CMakeFiles/Ultrasonic.dir/C_/Users/jwhz0/.pico-sdk/sdk/2.2.0/lib/lwip/src/core/tcp_in.c.obj
                0x1000db70                tcp_trigger_input_pcb_close
 .text.tcp_create_segment
                0x1000db80       0xe8 CMakeFiles/Ultrasonic.dir/C_/Users/jwhz0/.pico-sdk/sdk/2.2.0/lib/lwip/src/core/tcp_out.c.obj
 .text.tcp_output_control_segment
                0x1000dc68       0xb4 CMakeFiles/Ultrasonic.dir/C_/Users/jwhz0/.pico-sdk/sdk/2.2.0/lib/lwip/src/core/tcp_out.c.obj
 .text.tcp_write
                0x1000dd1c      0x470 CMakeFiles/Ultrasonic.dir/C_/Users/jwhz0/.pico-sdk/sdk/2.2.0/lib/lwip/src/core/tcp_out.c.obj
                0x1000dd1c                tcp_write
 .text.tcp_split_unsent_seg
                0x1000e18c      0x1b4 CMakeFiles/Ultrasonic.dir/C_/Users/jwhz0/.pico-sdk/sdk/2.2.0/lib/lwip/src/core/tcp_out.c.obj
                0x1000e18c                tcp_split_unsent_seg
 .text.tcp_send_fin
                0x1000e340      0x118 CMakeFiles/Ultrasonic.dir/C_/Users/jwhz0/.pico-sdk/sdk/2.2.0/lib/lwip/src/core/tcp_out.c.obj
                0x1000e340                tcp_send_fin
 .text.tcp_enqueue_flags
                0x1000e458      0x12c CMakeFiles/Ultrasonic.dir/C_/Users/jwhz0/.pico-sdk/sdk/2.2.0/lib/lwip/src/core/tcp_out.c.obj
                0x1000e458                tcp_enqueue_flags
 .text.tcp_rexmit_rto_prepare
                0x1000e584       0x9c CMakeFiles/Ultrasonic.dir/C_/Users/jwhz0/.pico-sdk/sdk/2.2.0/lib/lwip/src/core/tcp_out.c.obj
                0x1000e584                tcp_rexmit_rto_prepare
 .text.tcp_rexmit
                0x1000e620       0x9c CMakeFiles/Ultrasonic.dir/C_/Users/jwhz0/.pico-sdk/sdk/2.2.0/lib/lwip/src/core/tcp_out.c.obj
                0x1000e620                tcp_rexmit
 .text.tcp_rexmit_fast
                0x1000e6bc       0x64 CMakeFiles/Ultrasonic.dir/C_/Users/jwhz0/.pico-sdk/sdk/2.2.0/lib/lwip/src/core/tcp_out.c.obj
                0x1000e6bc                tcp_rexmit_fast
 .text.tcp_rst  0x1000e720       0xe8 CMakeFiles/Ultrasonic.dir/C_/Users/jwhz0/.pico-sdk/sdk/2.2.0/lib/lwip/src/core/tcp_out.c.obj
                0x1000e720                tcp_rst
 .text.tcp_rst_netif
                0x1000e808      0x130 CMakeFiles/Ultrasonic.dir/C_/Users/jwhz0/.pico-sdk/sdk/2.2.0/lib/lwip/src/core/tcp_out.c.obj
                0x1000e808                tcp_rst_netif
 .text.tcp_send_empty_ack
                0x1000e938       0xf0 CMakeFiles/Ultrasonic.dir/C_/Users/jwhz0/.pico-sdk/sdk/2.2.0/lib/lwip/src/core/tcp_out.c.obj
                0x1000e938                tcp_send_empty_ack
 .text.tcp_output
                0x1000ea28      0x44c CMakeFiles/Ultrasonic.dir/C_/Users/jwhz0/.pico-sdk/sdk/2.2.0/lib/lwip/src/core/tcp_out.c.obj
                0x1000ea28                tcp_output
 .text.tcp_rexmit_rto_commit
                0x1000ee74       0x24 CMakeFiles/Ultrasonic.dir/C_/Users/jwhz0/.pico-sdk/sdk/2.2.0/lib/lwip/src/core/tcp_out.c.obj
                0x1000ee74                tcp_rexmit_rto_commit
 .text.tcp_rexmit_rto
                0x1000ee98       0xa4 CMakeFiles/Ultrasonic.dir/C_/Users/jwhz0/.pico-sdk/sdk/2.2.0/lib/lwip/src/core/tcp_out.c.obj
                0x1000ee98                tcp_rexmit_rto
 .text.tcp_keepalive
                0x1000ef3c       0xdc CMakeFiles/Ultrasonic.dir/C_/Users/jwhz0/.pico-sdk/sdk/2.2.0/lib/lwip/src/core/tcp_out.c.obj
                0x1000ef3c                tcp_keepalive
 .text.tcp_zero_window_probe
                0x1000f018      0x1a8 CMakeFiles/Ultrasonic.dir/C_/Users/jwhz0/.pico-sdk/sdk/2.2.0/lib/lwip/src/core/tcp_out.c.obj
                0x1000f018                tcp_zero_window_probe
 .text.tcpip_tcp_timer
                0x1000f1c0       0x78 CMakeFiles/Ultrasonic.dir/C_/Users/jwhz0/.pico-sdk/sdk/2.2.0/lib/lwip/src/core/timeouts.c.obj
 .text.lwip_cyclic_timer
                0x1000f238       0x98 CMakeFiles/Ultrasonic.dir/C_/Users/jwhz0/.pico-sdk/sdk/2.2.0/lib/lwip/src/core/timeouts.c.obj
 .text.tcp_timer_needed
                0x1000f2d0       0x7c CMakeFiles/Ultrasonic.dir/C_/Users/jwhz0/.pico-sdk/sdk/2.2.0/lib/lwip/src/core/timeouts.c.obj
                0x1000f2d0                tcp_timer_needed
 .text.sys_timeouts_init
                0x1000f34c       0x8c CMakeFiles/Ultrasonic.dir/C_/Users/jwhz0/.pico-sdk/sdk/2.2.0/lib/lwip/src/core/timeouts.c.obj
                0x1000f34c                sys_timeouts_init
 .text.sys_timeout
                0x1000f3d8       0x60 CMakeFiles/Ultrasonic.dir/C_/Users/jwhz0/.pico-sdk/sdk/2.2.0/lib/lwip/src/core/timeouts.c.obj
                0x1000f3d8                sys_timeout
 .text.sys_untimeout
                0x1000f438       0x40 CMakeFiles/Ultrasonic.dir/C_/Users/jwhz0/.pico-sdk/sdk/2.2.0/lib/lwip/src/core/timeouts.c.obj
                0x1000f438                sys_untimeout
 .text.sys_check_timeouts
                0x1000f478       0x68 CMakeFiles/Ultrasonic.dir/C_/Users/jwhz0/.pico-sdk/sdk/2.2.0/lib/lwip/src/core/timeouts.c.obj
                0x1000f478                sys_check_timeouts
 .text.sys_timeouts_sleeptime
                0x1000f4e0       0x28 CMakeFiles/Ultrasonic.dir/C_/Users/jwhz0/.pico-sdk/sdk/2.2.0/lib/lwip/src/core/timeouts.c.obj
                0x1000f4e0                sys_timeouts_sleeptime
 .text.udp_init
                0x1000f508       0x20 CMakeFiles/Ultrasonic.dir/C_/Users/jwhz0/.pico-sdk/sdk/2.2.0/lib/lwip/src/core/udp.c.obj
                0x1000f508                udp_init
 .text.udp_input
                0x1000f528      0x350 CMakeFiles/Ultrasonic.dir/C_/Users/jwhz0/.pico-sdk/sdk/2.2.0/lib/lwip/src/core/udp.c.obj
                0x1000f528                udp_input
 .text.udp_bind
                0x1000f878      0x10c CMakeFiles/Ultrasonic.dir/C_/Users/jwhz0/.pico-sdk/sdk/2.2.0/lib/lwip/src/core/udp.c.obj
                0x1000f878                udp_bind
 .text.udp_sendto_if_src
                0x1000f984      0x130 CMakeFiles/Ultrasonic.dir/C_/Users/jwhz0/.pico-sdk/sdk/2.2.0/lib/lwip/src/core/udp.c.obj
                0x1000f984                udp_sendto_if_src
 .text.udp_sendto_if
                0x1000fab4       0x48 CMakeFiles/Ultrasonic.dir/C_/Users/jwhz0/.pico-sdk/sdk/2.2.0/lib/lwip/src/core/udp.c.obj
                0x1000fab4                udp_sendto_if
 .text.udp_sendto
                0x1000fafc       0x78 CMakeFiles/Ultrasonic.dir/C_/Users/jwhz0/.pico-sdk/sdk/2.2.0/lib/lwip/src/core/udp.c.obj
                0x1000fafc                udp_sendto
 .text.udp_connect
                0x1000fb74       0x5c CMakeFiles/Ultrasonic.dir/C_/Users/jwhz0/.pico-sdk/sdk/2.2.0/lib/lwip/src/core/udp.c.obj
                0x1000fb74                udp_connect
 .text.udp_recv
                0x1000fbd0        0xc CMakeFiles/Ultrasonic.dir/C_/Users/jwhz0/.pico-sdk/sdk/2.2.0/lib/lwip/src/core/udp.c.obj
                0x1000fbd0                udp_recv
 .text.udp_remove
                0x1000fbdc       0x3c CMakeFiles/Ultrasonic.dir/C_/Users/jwhz0/.pico-sdk/sdk/2.2.0/lib/lwip/src/core/udp.c.obj
                0x1000fbdc                udp_remove
 .text.udp_new  0x1000fc18       0x1c CMakeFiles/Ultrasonic.dir/C_/Users/jwhz0/.pico-sdk/sdk/2.2.0/lib/lwip/src/core/udp.c.obj
                0x1000fc18                udp_new
 .text.udp_netif_ip_addr_changed
                0x1000fc34       0x40 CMakeFiles/Ultrasonic.dir/C_/Users/jwhz0/.pico-sdk/sdk/2.2.0/lib/lwip/src/core/udp.c.obj
                0x1000fc34                udp_netif_ip_addr_changed
 .text.dhcp_create_msg
                0x1000fc74      0x160 CMakeFiles/Ultrasonic.dir/C_/Users/jwhz0/.pico-sdk/sdk/2.2.0/lib/lwip/src/core/ipv4/dhcp.c.obj
 .text.dhcp_inc_pcb_refcount
                0x1000fdd4       0x6c CMakeFiles/Ultrasonic.dir/C_/Users/jwhz0/.pico-sdk/sdk/2.2.0/lib/lwip/src/core/ipv4/dhcp.c.obj
 .text.dhcp_bind
                0x1000fe40      0x144 CMakeFiles/Ultrasonic.dir/C_/Users/jwhz0/.pico-sdk/sdk/2.2.0/lib/lwip/src/core/ipv4/dhcp.c.obj
 .text.dhcp_option_hostname.isra.0
                0x1000ff84       0x74 CMakeFiles/Ultrasonic.dir/C_/Users/jwhz0/.pico-sdk/sdk/2.2.0/lib/lwip/src/core/ipv4/dhcp.c.obj
 .text.dhcp_handle_ack.isra.0
                0x1000fff8       0xcc CMakeFiles/Ultrasonic.dir/C_/Users/jwhz0/.pico-sdk/sdk/2.2.0/lib/lwip/src/core/ipv4/dhcp.c.obj
 .text.dhcp_reboot.isra.0
                0x100100c4      0x17c CMakeFiles/Ultrasonic.dir/C_/Users/jwhz0/.pico-sdk/sdk/2.2.0/lib/lwip/src/core/ipv4/dhcp.c.obj
 .text.dhcp_discover.isra.0
                0x10010240      0x14c CMakeFiles/Ultrasonic.dir/C_/Users/jwhz0/.pico-sdk/sdk/2.2.0/lib/lwip/src/core/ipv4/dhcp.c.obj
 .text.dhcp_select.isra.0
                0x1001038c      0x1e0 CMakeFiles/Ultrasonic.dir/C_/Users/jwhz0/.pico-sdk/sdk/2.2.0/lib/lwip/src/core/ipv4/dhcp.c.obj
 .text.dhcp_recv
                0x1001056c      0x4a8 CMakeFiles/Ultrasonic.dir/C_/Users/jwhz0/.pico-sdk/sdk/2.2.0/lib/lwip/src/core/ipv4/dhcp.c.obj
 .text.dhcp_set_struct
                0x10010a14       0x44 CMakeFiles/Ultrasonic.dir/C_/Users/jwhz0/.pico-sdk/sdk/2.2.0/lib/lwip/src/core/ipv4/dhcp.c.obj
                0x10010a14                dhcp_set_struct
 .text.dhcp_start
                0x10010a58       0xa8 CMakeFiles/Ultrasonic.dir/C_/Users/jwhz0/.pico-sdk/sdk/2.2.0/lib/lwip/src/core/ipv4/dhcp.c.obj
                0x10010a58                dhcp_start
 .text.dhcp_network_changed_link_up
                0x10010b00       0x40 CMakeFiles/Ultrasonic.dir/C_/Users/jwhz0/.pico-sdk/sdk/2.2.0/lib/lwip/src/core/ipv4/dhcp.c.obj
                0x10010b00                dhcp_network_changed_link_up
 .text.dhcp_renew
                0x10010b40      0x13c CMakeFiles/Ultrasonic.dir/C_/Users/jwhz0/.pico-sdk/sdk/2.2.0/lib/lwip/src/core/ipv4/dhcp.c.obj
                0x10010b40                dhcp_renew
 .text.dhcp_release_and_stop