Archive member included to satisfy reference by file (symbol)

C:/Users/Chervelle/.pico-sdk/toolchain/14_2_Rel1/bin/../lib/gcc/arm-none-eabi/14.2.1/thumb/v6-m/nofp\libgcc.a(_dvmd_tls.o)
                              CMakeFiles/Ultrasonic.dir/C_/Users/Chervelle/.pico-sdk/sdk/2.2.0/src/rp2_common/pico_divider/divider_hardware.S.obj (__aeabi_idiv0)
C:/Users/Chervelle/.pico-sdk/toolchain/14_2_Rel1/bin/../lib/gcc/arm-none-eabi/14.2.1/thumb/v6-m/nofp\libg.a(libc_a-calloc.o)
                              CMakeFiles/Ultrasonic.dir/C_/Users/Chervelle/.pico-sdk/sdk/2.2.0/src/rp2_common/pico_malloc/malloc.c.obj (calloc)
C:/Users/Chervelle/.pico-sdk/toolchain/14_2_Rel1/bin/../lib/gcc/arm-none-eabi/14.2.1/thumb/v6-m/nofp\libg.a(libc_a-callocr.o)
                              C:/Users/Chervelle/.pico-sdk/toolchain/14_2_Rel1/bin/../lib/gcc/arm-none-eabi/14.2.1/thumb/v6-m/nofp\libg.a(libc_a-calloc.o) (_calloc_r)
C:/Users/Chervelle/.pico-sdk/toolchain/14_2_Rel1/bin/../lib/gcc/arm-none-eabi/14.2.1/thumb/v6-m/nofp\libg.a(libc_a-malloc.o)
                              CMakeFiles/Ultrasonic.dir/C_/Users/Chervelle/.pico-sdk/sdk/2.2.0/src/rp2_common/pico_malloc/malloc.c.obj (malloc)
C:/Users/Chervelle/.pico-sdk/toolchain/14_2_Rel1/bin/../lib/gcc/arm-none-eabi/14.2.1/thumb/v6-m/nofp\libg.a(libc_a-mallocr.o)
                              C:/Users/Chervelle/.pico-sdk/toolchain/14_2_Rel1/bin/../lib/gcc/arm-none-eabi/14.2.1/thumb/v6-m/nofp\libg.a(libc_a-callocr.o) (_malloc_r)
C:/Users/Chervelle/.pico-sdk/toolchain/14_2_Rel1/bin/../lib/gcc/arm-none-eabi/14.2.1/thumb/v6-m/nofp\libg.a(libc_a-mlock.o)
                              C:/Users/Chervelle/.pico-sdk/toolchain/14_2_Rel1/bin/../lib/gcc/arm-none-eabi/14.2.1/thumb/v6-m/nofp\libg.a(libc_a-mallocr.o) (__malloc_lock)
C:/Users/Chervelle/.pico-sdk/toolchain/14_2_Rel1/bin/../lib/gcc/arm-none-eabi/14.2.1/thumb/v6-m/nofp\libg.a(libc_a-realloc.o)
                              CMakeFiles/Ultrasonic.dir/C_/Users/Chervelle/.pico-sdk/sdk/2.2.0/src/rp2_common/pico_malloc/malloc.c.obj (realloc)
C:/Users/Chervelle/.pico-sdk/toolchain/14_2_Rel1/bin/../lib/gcc/arm-none-eabi/14.2.1/thumb/v6-m/nofp\libg.a(libc_a-reallocr.o)
                              C:/Users/Chervelle/.pico-sdk/toolchain/14_2_Rel1/bin/../lib/gcc/arm-none-eabi/14.2.1/thumb/v6-m/nofp\libg.a(libc_a-realloc.o) (_realloc_r)
C:/Users/Chervelle/.pico-sdk/toolchain/14_2_Rel1/bin/../lib/gcc/arm-none-eabi/14.2.1/thumb/v6-m/nofp\libg.a(libc_a-ctype_.o)
                              CMakeFiles/Ultrasonic.dir/C_/Users/Chervelle/.pico-sdk/sdk/2.2.0/lib/tinyusb/src/tusb.c.obj (_ctype_)
C:/Users/Chervelle/.pico-sdk/toolchain/14_2_Rel1/bin/../lib/gcc/arm-none-eabi/14.2.1/thumb/v6-m/nofp\libg.a(libc_a-memcmp.o)
                              CMakeFiles/Ultrasonic.dir/C_/Users/Chervelle/.pico-sdk/sdk/2.2.0/src/rp2_common/pico_atomic/atomic.c.obj (memcmp)
C:/Users/Chervelle/.pico-sdk/toolchain/14_2_Rel1/bin/../lib/gcc/arm-none-eabi/14.2.1/thumb/v6-m/nofp\libg.a(libc_a-memmove.o)
                              C:/Users/Chervelle/.pico-sdk/toolchain/14_2_Rel1/bin/../lib/gcc/arm-none-eabi/14.2.1/thumb/v6-m/nofp\libg.a(libc_a-reallocr.o) (memmove)
C:/Users/Chervelle/.pico-sdk/toolchain/14_2_Rel1/bin/../lib/gcc/arm-none-eabi/14.2.1/thumb/v6-m/nofp\libg.a(libc_a-lcltime_r.o)
                              CMakeFiles/Ultrasonic.dir/C_/Users/Chervelle/.pico-sdk/sdk/2.2.0/src/common/pico_util/datetime.c.obj (localtime_r)
C:/Users/Chervelle/.pico-sdk/toolchain/14_2_Rel1/bin/../lib/gcc/arm-none-eabi/14.2.1/thumb/v6-m/nofp\libg.a(libc_a-mktime.o)
                              CMakeFiles/Ultrasonic.dir/C_/Users/Chervelle/.pico-sdk/sdk/2.2.0/src/common/pico_util/datetime.c.obj (mktime)
C:/Users/Chervelle/.pico-sdk/toolchain/14_2_Rel1/bin/../lib/gcc/arm-none-eabi/14.2.1/thumb/v6-m/nofp\libg.a(libc_a-month_lengths.o)
                              C:/Users/Chervelle/.pico-sdk/toolchain/14_2_Rel1/bin/../lib/gcc/arm-none-eabi/14.2.1/thumb/v6-m/nofp\libg.a(libc_a-lcltime_r.o) (__month_lengths)
C:/Users/Chervelle/.pico-sdk/toolchain/14_2_Rel1/bin/../lib/gcc/arm-none-eabi/14.2.1/thumb/v6-m/nofp\libg.a(libc_a-tzcalc_limits.o)
                              C:/Users/Chervelle/.pico-sdk/toolchain/14_2_Rel1/bin/../lib/gcc/arm-none-eabi/14.2.1/thumb/v6-m/nofp\libg.a(libc_a-lcltime_r.o) (__tzcalc_limits)
C:/Users/Chervelle/.pico-sdk/toolchain/14_2_Rel1/bin/../lib/gcc/arm-none-eabi/14.2.1/thumb/v6-m/nofp\libg.a(libc_a-tzlock.o)
                              C:/Users/Chervelle/.pico-sdk/toolchain/14_2_Rel1/bin/../lib/gcc/arm-none-eabi/14.2.1/thumb/v6-m/nofp\libg.a(libc_a-lcltime_r.o) (__tz_lock)
C:/Users/Chervelle/.pico-sdk/toolchain/14_2_Rel1/bin/../lib/gcc/arm-none-eabi/14.2.1/thumb/v6-m/nofp\libg.a(libc_a-tzset.o)
                              C:/Users/Chervelle/.pico-sdk/toolchain/14_2_Rel1/bin/../lib/gcc/arm-none-eabi/14.2.1/thumb/v6-m/nofp\libg.a(libc_a-lcltime_r.o) (_tzset_unlocked)
[...]
Memory Configuration

Name             Origin             Length             Attributes
FLASH            0x10000000         0x00200000         xr
RAM              0x20000000         0x00040000         xrw
SCRATCH_X        0x20040000         0x00001000         xrw
SCRATCH_Y        0x20041000         0x00001000         xrw
*default*        0x00000000         0xffffffff

Linker script and memory map

LOAD C:/Users/Chervelle/.pico-sdk/toolchain/14_2_Rel1/bin/../lib/gcc/arm-none-eabi/14.2.1/thumb/v6-m/nofp/crti.o
LOAD C:/Users/Chervelle/.pico-sdk/toolchain/14_2_Rel1/bin/../lib/gcc/arm-none-eabi/14.2.1/thumb/v6-m/nofp/crtbegin.o
LOAD C:/Users/Chervelle/.pico-sdk/toolchain/14_2_Rel1/bin/../lib/gcc/arm-none-eabi/14.2.1/thumb/v6-m/nofp/crt0.o

.flash_begin    0x10000000        0x0
                0x10000000                        __flash_binary_start = .

.boot2          0x10000000      0x100
                0x10000000                        __boot2_start__ = .
 *(.boot2)
 .boot2         0x10000000      0x100 pico-sdk/src/rp2040/boot_stage2/CMakeFiles/bs2_default_library.dir/./bs2_default_padded_checksummed.S.obj
                0x10000100                        __boot2_end__ = .
                0x00000001                        ASSERT (((__boot2_end__ - __boot2_start__) == 0x100), ERROR: Pico second stage bootloader must be 256 bytes in size)

.text           0x10000100     0x754c
                0x10000100                        __logical_binary_start = .
 *(.vectors)
 .vectors       0x10000100       0xd4 CMakeFiles/Ultrasonic.dir/C_/Users/Chervelle/.pico-sdk/sdk/2.2.0/src/rp2_common/pico_crt0/crt0.S.obj
                0x10000100                __VECTOR_TABLE
                0x10000100                __vectors
                0x100001c0                isr_irq13
                0x100001c0                isr_irq27
                0x100001c0                isr_irq31
                0x100001c0                isr_irq12
                0x100001c0                isr_irq5
                0x100001c0                isr_irq11
                0x100001c0                isr_irq3
                0x100001c0                isr_irq23
                0x100001c0                __unhandled_user_irq
                0x100001c0                isr_irq26
                0x100001c0                isr_irq28
                0x100001c0                isr_irq19
                0x100001c0                isr_irq0
                0x100001c0                isr_irq6
                0x100001c0                isr_irq29
                0x100001c0                isr_irq16
                0x100001c0                isr_irq22
                0x100001c0                isr_irq18
                0x100001c0                isr_irq17
                0x100001c0                isr_irq14
                0x100001c0                __vectors_end
                0x100001c0                __default_isrs_start
                0x100001c0                isr_irq2
                0x100001c0                isr_irq10
                0x100001c0                isr_irq8
                0x100001c0                isr_irq24
                0x100001c0                isr_irq1
                0x100001c0                isr_irq7
                0x100001c0                isr_irq21
                0x100001c0                isr_irq20
                0x100001c0                isr_irq15
                0x100001c0                isr_irq25
                0x100001c0                isr_irq4
                0x100001c0                isr_irq30
                0x100001c0                isr_irq9
                0x100001c6                unhandled_user_irq_num_in_r0
                0x100001c8                isr_invalid
                0x100001ca                isr_nmi
                0x100001cc                isr_hardfault
                0x100001ce                isr_svcall
                0x100001d0                isr_pendsv
                0x100001d2                isr_systick
                0x100001d4                __default_isrs_end
 *(.binary_info_header)
 .binary_info_header
                0x100001d4       0x14 CMakeFiles/Ultrasonic.dir/C_/Users/Chervelle/.pico-sdk/sdk/2.2.0/src/rp2_common/pico_crt0/crt0.S.obj
                0x100001e8                        __binary_info_header_end = .
 *(.embedded_block)
                0x100001e8                        __embedded_block_end = .
 *(.reset)
 .reset         0x100001e8       0x9c CMakeFiles/Ultrasonic.dir/C_/Users/Chervelle/.pico-sdk/sdk/2.2.0/src/rp2_common/pico_crt0/crt0.S.obj
                0x100001e8                _entry_point
 *(.init)
 .init          0x10000284        0x4 C:/Users/Chervelle/.pico-sdk/toolchain/14_2_Rel1/bin/../lib/gcc/arm-none-eabi/14.2.1/thumb/v6-m/nofp/crti.o
                0x10000284                _init
 *(EXCLUDE_FILE(*libm.a: *libc.a:*lib_a-mem*.o *libgcc.a:) .text*)
 .text.register_tm_clones
                0x10000288       0x28 C:/Users/Chervelle/.pico-sdk/toolchain/14_2_Rel1/bin/../lib/gcc/arm-none-eabi/14.2.1/thumb/v6-m/nofp/crtbegin.o
 .text.frame_dummy
                0x100002b0       0x24 C:/Users/Chervelle/.pico-sdk/toolchain/14_2_Rel1/bin/../lib/gcc/arm-none-eabi/14.2.1/thumb/v6-m/nofp/crtbegin.o
 .text.print_system_info
                0x100002d4       0xa4 CMakeFiles/Ultrasonic.dir/main.c.obj
                0x100002d4                print_system_info
 .text.main     0x10000378       0x84 CMakeFiles/Ultrasonic.dir/main.c.obj
                0x10000378                main
 .text.ultrasonic_init
                0x100003fc       0x22 CMakeFiles/Ultrasonic.dir/ultrasonic.c.obj
                0x100003fc                ultrasonic_init
 *fill*         0x1000041e        0x2 
 .text.ultrasonic_get_pulse
                0x10000420       0xa0 CMakeFiles/Ultrasonic.dir/ultrasonic.c.obj
                0x10000420                ultrasonic_get_pulse
 .text.ultrasonic_get_distance
                0x100004c0       0x5c CMakeFiles/Ultrasonic.dir/ultrasonic.c.obj
                0x100004c0                ultrasonic_get_distance
 .text.pwm_set_chan_level
                0x1000051c       0x38 CMakeFiles/Ultrasonic.dir/servo.c.obj
 .text.servo_init
                0x10000554       0x74 CMakeFiles/Ultrasonic.dir/servo.c.obj
                0x10000554                servo_init
 .text.servo_set_angle
                0x100005c8       0x5c CMakeFiles/Ultrasonic.dir/servo.c.obj
                0x100005c8                servo_set_angle
 .text.timer_manager_init
                0x10000624       0x28 CMakeFiles/Ultrasonic.dir/timer_manager.c.obj
                0x10000624                timer_manager_init
 .text.timer_wait_ms
                0x1000064c       0x32 CMakeFiles/Ultrasonic.dir/timer_manager.c.obj
                0x1000064c                timer_wait_ms
 *fill*         0x1000067e        0x2 
 .text.get_smoothed_distance
                0x10000680       0x64 CMakeFiles/Ultrasonic.dir/obstacle_scanner.c.obj
 .text.scanner_calculate_width
                0x100006e4       0x78 CMakeFiles/Ultrasonic.dir/obstacle_scanner.c.obj
                0x100006e4                scanner_calculate_width
 .text.scanner_init
                0x1000075c       0x2c CMakeFiles/Ultrasonic.dir/obstacle_scanner.c.obj
                0x1000075c                scanner_init
 .text.scanner_perform_scan
                0x10000788      0x3c4 CMakeFiles/Ultrasonic.dir/obstacle_scanner.c.obj
                0x10000788                scanner_perform_scan
 .text.scanner_print_results
                0x10000b4c       0xb0 CMakeFiles/Ultrasonic.dir/obstacle_scanner.c.obj
                0x10000b4c                scanner_print_results
 .text.gpio_set_function
                0x10000bfc       0x34 CMakeFiles/Ultrasonic.dir/C_/Users/Chervelle/.pico-sdk/sdk/2.2.0/src/rp2_common/hardware_gpio/gpio.c.obj
                0x10000bfc                gpio_set_function
 .text.gpio_init
                0x10000c30       0x16 CMakeFiles/Ultrasonic.dir/C_/Users/Chervelle/.pico-sdk/sdk/2.2.0/src/rp2_common/hardware_gpio/gpio.c.obj
                0x10000c30                gpio_init
 *fill*         0x10000c46        0x2 
 .text.rp2040_chip_version
                0x10000c48       0x54 CMakeFiles/Ultrasonic.dir/C_/Users/Chervelle/.pico-sdk/sdk/2.2.0/src/rp2040/pico_platform/platform.c.obj
                0x10000c48                rp2040_chip_version
 .text.panic    0x10000c9c       0x30 CMakeFiles/Ultrasonic.dir/C_/Users/Chervelle/.pico-sdk/sdk/2.2.0/src/rp2_common/pico_platform_panic/panic.c.obj
                0x10000c9c                panic
 .text.hw_claim_lock
                0x10000ccc       0x18 CMakeFiles/Ultrasonic.dir/C_/Users/Chervelle/.pico-sdk/sdk/2.2.0/src/common/hardware_claim/claim.c.obj
                0x10000ccc                hw_claim_lock
 .text.hw_claim_unlock
                0x10000ce4       0x14 CMakeFiles/Ultrasonic.dir/C_/Users/Chervelle/.pico-sdk/sdk/2.2.0/src/common/hardware_claim/claim.c.obj
                0x10000ce4                hw_claim_unlock
 .text.hw_claim_or_assert
                0x10000cf8       0x32 CMakeFiles/Ultrasonic.dir/C_/Users/Chervelle/.pico-sdk/sdk/2.2.0/src/common/hardware_claim/claim.c.obj
                0x10000cf8                hw_claim_or_assert
 .text.hw_claim_unused_from_range
                0x10000d2a       0x50 CMakeFiles/Ultrasonic.dir/C_/Users/Chervelle/.pico-sdk/sdk/2.2.0/src/common/hardware_claim/claim.c.obj
                0x10000d2a                hw_claim_unused_from_range
 *fill*         0x10000d7a        0x2 
 .text.next_striped_spin_lock_num
                0x10000d7c       0x1c CMakeFiles/Ultrasonic.dir/C_/Users/Chervelle/.pico-sdk/sdk/2.2.0/src/rp2_common/hardware_sync/sync.c.obj
                0x10000d7c                next_striped_spin_lock_num
 .text.spin_lock_claim_unused
                0x10000d98       0x24 CMakeFiles/Ultrasonic.dir/C_/Users/Chervelle/.pico-sdk/sdk/2.2.0/src/rp2_common/hardware_sync/sync.c.obj
                0x10000d98                spin_lock_claim_unused
 .text.spin_locks_reset
                0x10000dbc       0x20 CMakeFiles/Ultrasonic.dir/C_/Users/Chervelle/.pico-sdk/sdk/2.2.0/src/rp2_common/hardware_sync_spin_lock/sync_spin_lock.c.obj
                0x10000dbc                spin_locks_reset
 .text.set_raw_irq_handler_and_unlock
                0x10000ddc       0x28 CMakeFiles/Ultrasonic.dir/C_/Users/Chervelle/.pico-sdk/sdk/2.2.0/src/rp2_common/hardware_irq/irq.c.obj
 .text.nvic_ipr0
                0x10000e04        0x8 CMakeFiles/Ultrasonic.dir/C_/Users/Chervelle/.pico-sdk/sdk/2.2.0/src/rp2_common/hardware_irq/irq.c.obj
 .text.runtime_init_per_core_irq_priorities
                0x10000e0c       0x1c CMakeFiles/Ultrasonic.dir/C_/Users/Chervelle/.pico-sdk/sdk/2.2.0/src/rp2_common/hardware_irq/irq.c.obj
                0x10000e0c                runtime_init_per_core_irq_priorities
 .text.resolve_j_16
                0x10000e28       0x30 CMakeFiles/Ultrasonic.dir/C_/Users/Chervelle/.pico-sdk/sdk/2.2.0/src/rp2_common/hardware_irq/irq.c.obj
 .text.make_j_16
                0x10000e58       0x48 CMakeFiles/Ultrasonic.dir/C_/Users/Chervelle/.pico-sdk/sdk/2.2.0/src/rp2_common/hardware_irq/irq.c.obj
 .text.irq_is_enabled
                0x10000ea0       0x18 CMakeFiles/Ultrasonic.dir/C_/Users/Chervelle/.pico-sdk/sdk/2.2.0/src/rp2_common/hardware_irq/irq.c.obj
                0x10000ea0                irq_is_enabled
 .text.irq_set_mask_n_enabled
                0x10000eb8       0x1c CMakeFiles/Ultrasonic.dir/C_/Users/Chervelle/.pico-sdk/sdk/2.2.0/src/rp2_common/hardware_irq/irq.c.obj
                0x10000eb8                irq_set_mask_n_enabled
 .text.irq_set_enabled
                0x10000ed4       0x14 CMakeFiles/Ultrasonic.dir/C_/Users/Chervelle/.pico-sdk/sdk/2.2.0/src/rp2_common/hardware_irq/irq.c.obj
                0x10000ed4                irq_set_enabled
 .text.irq_set_pending
                0x10000ee8       0x10 CMakeFiles/Ultrasonic.dir/C_/Users/Chervelle/.pico-sdk/sdk/2.2.0/src/rp2_common/hardware_irq/irq.c.obj
                0x10000ee8                irq_set_pending
 .text.irq_get_vtable_handler
                0x10000ef8       0x10 CMakeFiles/Ultrasonic.dir/C_/Users/Chervelle/.pico-sdk/sdk/2.2.0/src/rp2_common/hardware_irq/irq.c.obj
                0x10000ef8                irq_get_vtable_handler
 .text.irq_has_shared_handler
                0x10000f08       0x1c CMakeFiles/Ultrasonic.dir/C_/Users/Chervelle/.pico-sdk/sdk/2.2.0/src/rp2_common/hardware_irq/irq.c.obj
                0x10000f08                irq_has_shared_handler
 .text.irq_set_exclusive_handler
                0x10000f24       0x54 CMakeFiles/Ultrasonic.dir/C_/Users/Chervelle/.pico-sdk/sdk/2.2.0/src/rp2_common/hardware_irq/irq.c.obj
                0x10000f24                irq_set_exclusive_handler
 .text.irq_add_shared_handler
                0x10000f78      0x218 CMakeFiles/Ultrasonic.dir/C_/Users/Chervelle/.pico-sdk/sdk/2.2.0/src/rp2_common/hardware_irq/irq.c.obj
                0x10000f78                irq_add_shared_handler
 .text.irq_add_tail_to_free_list
                0x10001190       0xf4 CMakeFiles/Ultrasonic.dir/C_/Users/Chervelle/.pico-sdk/sdk/2.2.0/src/rp2_common/hardware_irq/irq.c.obj
                0x10001190                irq_add_tail_to_free_list
 .text.user_irq_claim_unused
                0x10001284       0x2c CMakeFiles/Ultrasonic.dir/C_/Users/Chervelle/.pico-sdk/sdk/2.2.0/src/rp2_common/hardware_irq/irq.c.obj
                0x10001284                user_irq_claim_unused
 .text.lock_init
                0x100012b0       0x10 CMakeFiles/Ultrasonic.dir/C_/Users/Chervelle/.pico-sdk/sdk/2.2.0/src/common/pico_sync/lock_core.c.obj
                0x100012b0                lock_init
 .text.mutex_init
                0x100012c0       0x1a CMakeFiles/Ultrasonic.dir/C_/Users/Chervelle/.pico-sdk/sdk/2.2.0/src/common/pico_sync/mutex.c.obj
                0x100012c0                mutex_init
 .text.recursive_mutex_init
                0x100012da       0x1e CMakeFiles/Ultrasonic.dir/C_/Users/Chervelle/.pico-sdk/sdk/2.2.0/src/common/pico_sync/mutex.c.obj
                0x100012da                recursive_mutex_init
 .text.runtime_init_mutex
                0x100012f8       0x4c CMakeFiles/Ultrasonic.dir/C_/Users/Chervelle/.pico-sdk/sdk/2.2.0/src/common/pico_sync/mutex.c.obj
                0x100012f8                runtime_init_mutex
 .text.critical_section_init_with_lock_num
                0x10001344       0x14 CMakeFiles/Ultrasonic.dir/C_/Users/Chervelle/.pico-sdk/sdk/2.2.0/src/common/pico_sync/critical_section.c.obj
                0x10001344                critical_section_init_with_lock_num
 .text.critical_section_init
                0x10001358       0x14 CMakeFiles/Ultrasonic.dir/C_/Users/Chervelle/.pico-sdk/sdk/2.2.0/src/common/pico_sync/critical_section.c.obj
                0x10001358                critical_section_init
 .text.ta_set_timeout
                0x1000136c       0x24 CMakeFiles/Ultrasonic.dir/C_/Users/Chervelle/.pico-sdk/sdk/2.2.0/src/common/pico_time/time.c.obj
 .text.make_alarm_id
                0x10001390        0x6 CMakeFiles/Ultrasonic.dir/C_/Users/Chervelle/.pico-sdk/sdk/2.2.0/src/common/pico_time/time.c.obj
 *fill*         0x10001396        0x2 
 .text.sleep_until_callback
                0x10001398       0x30 CMakeFiles/Ultrasonic.dir/C_/Users/Chervelle/.pico-sdk/sdk/2.2.0/src/common/pico_time/time.c.obj
 .text.alarm_pool_irq_handler
                0x100013c8      0x2f0 CMakeFiles/Ultrasonic.dir/C_/Users/Chervelle/.pico-sdk/sdk/2.2.0/src/common/pico_time/time.c.obj
 .text.ta_enable_irq_handler
                0x100016b8       0x2c CMakeFiles/Ultrasonic.dir/C_/Users/Chervelle/.pico-sdk/sdk/2.2.0/src/common/pico_time/time.c.obj
 .text.alarm_pool_post_alloc_init
                0x100016e4       0x78 CMakeFiles/Ultrasonic.dir/C_/Users/Chervelle/.pico-sdk/sdk/2.2.0/src/common/pico_time/time.c.obj
 .text.alarm_pool_get_default
                0x1000175c       0x2c CMakeFiles/Ultrasonic.dir/C_/Users/Chervelle/.pico-sdk/sdk/2.2.0/src/common/pico_time/time.c.obj
                0x1000175c                alarm_pool_get_default
 .text.alarm_pool_add_alarm_at_force_in_context
                0x10001788       0xa4 CMakeFiles/Ultrasonic.dir/C_/Users/Chervelle/.pico-sdk/sdk/2.2.0/src/common/pico_time/time.c.obj
                0x10001788                alarm_pool_add_alarm_at_force_in_context
 .text.alarm_pool_add_alarm_at
                0x1000182c       0x3c CMakeFiles/Ultrasonic.dir/C_/Users/Chervelle/.pico-sdk/sdk/2.2.0/src/common/pico_time/time.c.obj
                0x1000182c                alarm_pool_add_alarm_at
 .text.add_alarm_at
                0x10001868       0x2e CMakeFiles/Ultrasonic.dir/C_/Users/Chervelle/.pico-sdk/sdk/2.2.0/src/common/pico_time/time.c.obj
 *fill*         0x10001896        0x2 
 .text.alarm_pool_cancel_alarm
                0x10001898       0x78 CMakeFiles/Ultrasonic.dir/C_/Users/Chervelle/.pico-sdk/sdk/2.2.0/src/common/pico_time/time.c.obj
                0x10001898                alarm_pool_cancel_alarm
 .text.cancel_alarm
                0x10001910       0x10 CMakeFiles/Ultrasonic.dir/C_/Users/Chervelle/.pico-sdk/sdk/2.2.0/src/common/pico_time/time.c.obj
 .text.alarm_pool_core_num
                0x10001920        0x4 CMakeFiles/Ultrasonic.dir/C_/Users/Chervelle/.pico-sdk/sdk/2.2.0/src/common/pico_time/time.c.obj
                0x10001920                alarm_pool_core_num
 .text.sleep_until
                0x10001924       0xb0 CMakeFiles/Ultrasonic.dir/C_/Users/Chervelle/.pico-sdk/sdk/2.2.0/src/common/pico_time/time.c.obj
                0x10001924                sleep_until
 .text.sleep_us
                0x100019d4       0x24 CMakeFiles/Ultrasonic.dir/C_/Users/Chervelle/.pico-sdk/sdk/2.2.0/src/common/pico_time/time.c.obj
                0x100019d4                sleep_us
 .text.best_effort_wfe_or_timeout
                0x100019f8      0x11c CMakeFiles/Ultrasonic.dir/C_/Users/Chervelle/.pico-sdk/sdk/2.2.0/src/common/pico_time/time.c.obj
                0x100019f8                best_effort_wfe_or_timeout
 .text.alarm_pool_get_default_timer
                0x10001b14        0x8 CMakeFiles/Ultrasonic.dir/C_/Users/Chervelle/.pico-sdk/sdk/2.2.0/src/common/pico_time/time.c.obj
                0x10001b14                alarm_pool_get_default_timer
 .text.runtime_init_default_alarm_pool
                0x10001b1c       0x38 CMakeFiles/Ultrasonic.dir/C_/Users/Chervelle/.pico-sdk/sdk/2.2.0/src/common/pico_time/time.c.obj
                0x10001b1c                runtime_init_default_alarm_pool
 .text.timer_hardware_alarm_claim
                0x10001b54       0x14 CMakeFiles/Ultrasonic.dir/C_/Users/Chervelle/.pico-sdk/sdk/2.2.0/src/rp2_common/hardware_timer/timer.c.obj
                0x10001b54                timer_hardware_alarm_claim
 .text.timer_time_us_64
                0x10001b68       0x10 CMakeFiles/Ultrasonic.dir/C_/Users/Chervelle/.pico-sdk/sdk/2.2.0/src/rp2_common/hardware_timer/timer.c.obj
                0x10001b68                timer_time_us_64
 .text.timer_busy_wait_until
                0x10001b78       0x1a CMakeFiles/Ultrasonic.dir/C_/Users/Chervelle/.pico-sdk/sdk/2.2.0/src/rp2_common/hardware_timer/timer.c.obj
                0x10001b78                timer_busy_wait_until
 *fill*         0x10001b92        0x2 
 .text.time_us_64
                0x10001b94       0x10 CMakeFiles/Ultrasonic.dir/C_/Users/Chervelle/.pico-sdk/sdk/2.2.0/src/rp2_common/hardware_timer/timer.c.obj
                0x10001b94                time_us_64
 .text.busy_wait_until
                0x10001ba4       0x14 CMakeFiles/Ultrasonic.dir/C_/Users/Chervelle/.pico-sdk/sdk/2.2.0/src/rp2_common/hardware_timer/timer.c.obj
                0x10001ba4                busy_wait_until
 .text.clock_configure_internal
                0x10001bb8       0xc4 CMakeFiles/Ultrasonic.dir/C_/Users/Chervelle/.pico-sdk/sdk/2.2.0/src/rp2_common/hardware_clocks/clocks.c.obj
 .text.clock_configure_int_divider
                0x10001c7c       0x28 CMakeFiles/Ultrasonic.dir/C_/Users/Chervelle/.pico-sdk/sdk/2.2.0/src/rp2_common/hardware_clocks/clocks.c.obj
                0x10001c7c                clock_configure_int_divider
 .text.clock_configure_undivided
                0x10001ca4       0x12 CMakeFiles/Ultrasonic.dir/C_/Users/Chervelle/.pico-sdk/sdk/2.2.0/src/rp2_common/hardware_clocks/clocks.c.obj
                0x10001ca4                clock_configure_undivided
 *fill*         0x10001cb6        0x2 
 .text.clock_get_hz
                0x10001cb8        0xc CMakeFiles/Ultrasonic.dir/C_/Users/Chervelle/.pico-sdk/sdk/2.2.0/src/rp2_common/hardware_clocks/clocks.c.obj
                0x10001cb8                clock_get_hz
 .text.pll_init
                0x10001cc4      0x124 CMakeFiles/Ultrasonic.dir/C_/Users/Chervelle/.pico-sdk/sdk/2.2.0/src/rp2_common/hardware_pll/pll.c.obj
                0x10001cc4                pll_init
 .text.watchdog_update
                0x10001de8       0x14 CMakeFiles/Ultrasonic.dir/C_/Users/Chervelle/.pico-sdk/sdk/2.2.0/src/rp2_common/hardware_watchdog/watchdog.c.obj
                0x10001de8                watchdog_update
 .text._watchdog_enable
                0x10001dfc       0x78 CMakeFiles/Ultrasonic.dir/C_/Users/Chervelle/.pico-sdk/sdk/2.2.0/src/rp2_common/hardware_watchdog/watchdog.c.obj
                0x10001dfc                _watchdog_enable
 .text.watchdog_reboot
                0x10001e74       0x48 CMakeFiles/Ultrasonic.dir/C_/Users/Chervelle/.pico-sdk/sdk/2.2.0/src/rp2_common/hardware_watchdog/watchdog.c.obj
                0x10001e74                watchdog_reboot
 .text.tick_start
                0x10001ebc       0x10 CMakeFiles/Ultrasonic.dir/C_/Users/Chervelle/.pico-sdk/sdk/2.2.0/src/rp2_common/hardware_ticks/ticks.c.obj
                0x10001ebc                tick_start
 .text.rom_func_lookup
                0x10001ecc       0x10 CMakeFiles/Ultrasonic.dir/C_/Users/Chervelle/.pico-sdk/sdk/2.2.0/src/rp2_common/pico_bootrom/bootrom.c.obj
                0x10001ecc                rom_func_lookup
 .text.rom_data_lookup
                0x10001edc       0x10 CMakeFiles/Ultrasonic.dir/C_/Users/Chervelle/.pico-sdk/sdk/2.2.0/src/rp2_common/pico_bootrom/bootrom.c.obj
                0x10001edc                rom_data_lookup
 .text.rom_funcs_lookup
                0x10001eec       0x36 CMakeFiles/Ultrasonic.dir/C_/Users/Chervelle/.pico-sdk/sdk/2.2.0/src/rp2_common/pico_bootrom/bootrom.c.obj
                0x10001eec                rom_funcs_lookup
 *fill*         0x10001f22        0x2 
 .text.rom_reset_usb_boot_extra
                0x10001f24       0x24 CMakeFiles/Ultrasonic.dir/C_/Users/Chervelle/.pico-sdk/sdk/2.2.0/src/rp2_common/pico_bootrom/bootrom.c.obj
                0x10001f24                rom_reset_usb_boot_extra
 .text.xosc_init
                0x10001f48       0x2c CMakeFiles/Ultrasonic.dir/C_/Users/Chervelle/.pico-sdk/sdk/2.2.0/src/rp2_common/hardware_xosc/xosc.c.obj
                0x10001f48                xosc_init
 .text.runtime_run_initializers_from
                0x10001f74       0x18 CMakeFiles/Ultrasonic.dir/C_/Users/Chervelle/.pico-sdk/sdk/2.2.0/src/rp2_common/pico_runtime/runtime.c.obj
 .text.first_per_core_initializer
                0x10001f8c        0x2 CMakeFiles/Ultrasonic.dir/C_/Users/Chervelle/.pico-sdk/sdk/2.2.0/src/rp2_common/pico_runtime/runtime.c.obj
 *fill*         0x10001f8e        0x2 
 .text.runtime_run_initializers
                0x10001f90       0x10 CMakeFiles/Ultrasonic.dir/C_/Users/Chervelle/.pico-sdk/sdk/2.2.0/src/rp2_common/pico_runtime/runtime.c.obj
                0x10001f90                runtime_run_initializers
 .text.runtime_init_early_resets
                0x10001fa0       0x2c CMakeFiles/Ultrasonic.dir/C_/Users/Chervelle/.pico-sdk/sdk/2.2.0/src/rp2_common/pico_runtime_init/runtime_init.c.obj
                0x10001fa0                runtime_init_early_resets
 .text.runtime_init_usb_power_down
                0x10001fcc       0x1c CMakeFiles/Ultrasonic.dir/C_/Users/Chervelle/.pico-sdk/sdk/2.2.0/src/rp2_common/pico_runtime_init/runtime_init.c.obj
                0x10001fcc                runtime_init_usb_power_down
 .text.runtime_init_post_clock_resets
                0x10001fe8       0x20 CMakeFiles/Ultrasonic.dir/C_/Users/Chervelle/.pico-sdk/sdk/2.2.0/src/rp2_common/pico_runtime_init/runtime_init.c.obj
                0x10001fe8                runtime_init_post_clock_resets
 .text.runtime_init_rp2040_gpio_ie_disable
                0x10002008       0x14 CMakeFiles/Ultrasonic.dir/C_/Users/Chervelle/.pico-sdk/sdk/2.2.0/src/rp2_common/pico_runtime_init/runtime_init.c.obj
                0x10002008                runtime_init_rp2040_gpio_ie_disable
 .text.runtime_init_spin_locks_reset
                0x1000201c        0x8 CMakeFiles/Ultrasonic.dir/C_/Users/Chervelle/.pico-sdk/sdk/2.2.0/src/rp2_common/pico_runtime_init/runtime_init.c.obj
                0x1000201c                runtime_init_spin_locks_reset
 .text.runtime_init_install_ram_vector_table
                0x10002024       0x48 CMakeFiles/Ultrasonic.dir/C_/Users/Chervelle/.pico-sdk/sdk/2.2.0/src/rp2_common/pico_runtime_init/runtime_init.c.obj
                0x10002024                runtime_init_install_ram_vector_table
 .text.start_all_ticks
                0x1000206c       0x28 CMakeFiles/Ultrasonic.dir/C_/Users/Chervelle/.pico-sdk/sdk/2.2.0/src/rp2_common/pico_runtime_init/runtime_init_clocks.c.obj
 .text.runtime_init_clocks
                0x10002094       0xcc CMakeFiles/Ultrasonic.dir/C_/Users/Chervelle/.pico-sdk/sdk/2.2.0/src/rp2_common/pico_runtime_init/runtime_init_clocks.c.obj
                0x10002094                runtime_init_clocks
 .text          0x10002160       0x10 CMakeFiles/Ultrasonic.dir/C_/Users/Chervelle/.pico-sdk/sdk/2.2.0/src/rp2_common/pico_bit_ops/bit_ops_aeabi.S.obj
 .text.__wrap___aeabi_idiv
                0x10002170       0x50 CMakeFiles/Ultrasonic.dir/C_/Users/Chervelle/.pico-sdk/sdk/2.2.0/src/rp2_common/pico_divider/divider_hardware.S.obj
                0x10002170                __wrap___aeabi_idivmod
                0x10002170                divmod_s32s32
                0x10002170                div_s32s32
                0x10002170                __wrap___aeabi_idiv
                0x10002178                divmod_s32s32_unsafe
                0x100021a4                divmod_s32s32_savestate
 .text.__wrap___aeabi_uidiv
                0x100021c0       0x4c CMakeFiles/Ultrasonic.dir/C_/Users/Chervelle/.pico-sdk/sdk/2.2.0/src/rp2_common/pico_divider/divider_hardware.S.obj
                0x100021c0                __wrap___aeabi_uidiv
                0x100021c0                __wrap___aeabi_uidivmod
                0x100021c0                div_u32u32
                0x100021c0                divmod_u32u32
                0x100021c8                divmod_u32u32_unsafe
                0x100021f0                divmod_u32u32_savestate
 .text.__wrap___aeabi_ldiv
                0x1000220c      0x424 CMakeFiles/Ultrasonic.dir/C_/Users/Chervelle/.pico-sdk/sdk/2.2.0/src/rp2_common/pico_divider/divider_hardware.S.obj
                0x1000220c                div_s64s64
                0x1000220c                divmod_s64s64
                0x1000220c                __wrap___aeabi_ldivmod
                0x1000223c                divmod_u64u64
                0x1000223c                div_u64u64
                0x1000223c                __wrap___aeabi_uldivmod
                0x1000224c                divmod_u64u64_savestate
                0x1000226c                divmod_s64s64_unsafe
                0x100022f4                divmod_u64u64_unsafe
 .text.__wrap___aeabi_darithmetic
                0x10002630       0x80 CMakeFiles/Ultrasonic.dir/C_/Users/Chervelle/.pico-sdk/sdk/2.2.0/src/rp2_common/pico_double/double_aeabi_rp2040.S.obj
                0x10002630                __wrap___aeabi_drsub
                0x10002636                __wrap___aeabi_dsub
                0x10002648                __wrap___aeabi_dadd
                0x1000265a                __wrap___aeabi_ddiv
                0x10002696                __wrap___aeabi_dmul
 .text.__wrap___aeabi_cdcmple
                0x100026b0       0x6c CMakeFiles/Ultrasonic.dir/C_/Users/Chervelle/.pico-sdk/sdk/2.2.0/src/rp2_common/pico_double/double_aeabi_rp2040.S.obj
                0x100026b0                __wrap___aeabi_cdrcmple
                0x100026c0                __wrap___aeabi_cdcmpeq
                0x100026c0                __wrap___aeabi_cdcmple
 .text.__wrap___aeabi_dcmplt
                0x1000271c        0xc CMakeFiles/Ultrasonic.dir/C_/Users/Chervelle/.pico-sdk/sdk/2.2.0/src/rp2_common/pico_double/double_aeabi_rp2040.S.obj
                0x1000271c                __wrap___aeabi_dcmplt
 .text.__wrap___aeabi_dcmple
                0x10002728       0x10 CMakeFiles/Ultrasonic.dir/C_/Users/Chervelle/.pico-sdk/sdk/2.2.0/src/rp2_common/pico_double/double_aeabi_rp2040.S.obj
                0x10002728                __wrap___aeabi_dcmple
 .text.__wrap___aeabi_dcmpge
                0x10002738       0x10 CMakeFiles/Ultrasonic.dir/C_/Users/Chervelle/.pico-sdk/sdk/2.2.0/src/rp2_common/pico_double/double_aeabi_rp2040.S.obj
                0x10002738                __wrap___aeabi_dcmpge
 .text.__wrap___aeabi_dcmpgt
                0x10002748        0xa CMakeFiles/Ultrasonic.dir/C_/Users/Chervelle/.pico-sdk/sdk/2.2.0/src/rp2_common/pico_double/double_aeabi_rp2040.S.obj
                0x10002748                __wrap___aeabi_dcmpgt
 .text.__wrap___aeabi_dcmpun
                0x10002752       0x18 CMakeFiles/Ultrasonic.dir/C_/Users/Chervelle/.pico-sdk/sdk/2.2.0/src/rp2_common/pico_double/double_aeabi_rp2040.S.obj
                0x10002752                __wrap___aeabi_dcmpun
 *fill*         0x1000276a        0x2 
 .text.__wrap___aeabi_i2d
                0x1000276c       0x38 CMakeFiles/Ultrasonic.dir/C_/Users/Chervelle/.pico-sdk/sdk/2.2.0/src/rp2_common/pico_double/double_aeabi_rp2040.S.obj
                0x1000276c                uint2double
                0x1000276c                __wrap___aeabi_ui2d
                0x10002774                int2double
                0x10002774                __wrap___aeabi_i2d
 .text.__wrap___aeabi_d2iz
                0x100027a4       0x48 CMakeFiles/Ultrasonic.dir/C_/Users/Chervelle/.pico-sdk/sdk/2.2.0/src/rp2_common/pico_double/double_aeabi_rp2040.S.obj
                0x100027a4                double2int_z
                0x100027a4                __wrap___aeabi_d2iz
 .text.__wrap___aeabi_d2uiz
                0x100027ec       0x18 CMakeFiles/Ultrasonic.dir/C_/Users/Chervelle/.pico-sdk/sdk/2.2.0/src/rp2_common/pico_double/double_aeabi_rp2040.S.obj
                0x100027ec                double2uint
                0x100027ec                __wrap___aeabi_d2uiz
                0x100027ec                double2uint_z
 .text.__aeabi_double_init
                0x10002804       0xcc CMakeFiles/Ultrasonic.dir/C_/Users/Chervelle/.pico-sdk/sdk/2.2.0/src/rp2_common/pico_double/double_init_rom_rp2040.c.obj
                0x10002804                __aeabi_double_init
 .text.double_table_shim_on_use_helper
                0x100028d0       0x34 CMakeFiles/Ultrasonic.dir/C_/Users/Chervelle/.pico-sdk/sdk/2.2.0/src/rp2_common/pico_double/double_v1_rom_shim_rp2040.S.obj
                0x100028d0                double_table_shim_on_use_helper
 .text.__wrap___aeabi_dsub
                0x10002904       0x10 CMakeFiles/Ultrasonic.dir/C_/Users/Chervelle/.pico-sdk/sdk/2.2.0/src/rp2_common/pico_double/double_v1_rom_shim_rp2040.S.obj
                0x10002904                drsub_shim
                0x1000290a                dsub_shim
 .text.dadd_shim
                0x10002914      0x15c CMakeFiles/Ultrasonic.dir/C_/Users/Chervelle/.pico-sdk/sdk/2.2.0/src/rp2_common/pico_double/double_v1_rom_shim_rp2040.S.obj
                0x10002914                dadd_shim
 .text.dmul_shim
                0x10002a70      0x15c CMakeFiles/Ultrasonic.dir/C_/Users/Chervelle/.pico-sdk/sdk/2.2.0/src/rp2_common/pico_double/double_v1_rom_shim_rp2040.S.obj
                0x10002a70                dmul_shim
 .text.ddiv_shim
                0x10002bcc      0x1b0 CMakeFiles/Ultrasonic.dir/C_/Users/Chervelle/.pico-sdk/sdk/2.2.0/src/rp2_common/pico_double/double_v1_rom_shim_rp2040.S.obj
                0x10002bcc                ddiv_shim
 .text.double2uint_shim
                0x10002d7c        0xe CMakeFiles/Ultrasonic.dir/C_/Users/Chervelle/.pico-sdk/sdk/2.2.0/src/rp2_common/pico_double/double_v1_rom_shim_rp2040.S.obj
                0x10002d7c                double2uint_shim
                0x10002d7e                double2ufix_shim
 *fill*         0x10002d8a        0x2 
 .text.double2uint64_shim
                0x10002d8c       0x70 CMakeFiles/Ultrasonic.dir/C_/Users/Chervelle/.pico-sdk/sdk/2.2.0/src/rp2_common/pico_double/double_v1_rom_shim_rp2040.S.obj
                0x10002d8c                double2uint64_shim
                0x10002d8e                double2ufix64_shim
                0x10002dae                d2fix_a
 .text.dunpacks
                0x10002dfc       0x3c CMakeFiles/Ultrasonic.dir/C_/Users/Chervelle/.pico-sdk/sdk/2.2.0/src/rp2_common/pico_double/double_v1_rom_shim_rp2040.S.obj
                0x10002dfc                dunpacks
 .text.__aeabi_lmul
                0x10002e38       0x32 CMakeFiles/Ultrasonic.dir/C_/Users/Chervelle/.pico-sdk/sdk/2.2.0/src/rp2_common/pico_int64_ops/pico_int64_ops_aeabi.S.obj
                0x10002e38                __wrap___aeabi_lmul
 *fill*         0x10002e6a        0x2 
 .text.__wrap___aeabi_farithmetic
                0x10002e6c       0x58 CMakeFiles/Ultrasonic.dir/C_/Users/Chervelle/.pico-sdk/sdk/2.2.0/src/rp2_common/pico_float/float_aeabi_rp2040.S.obj
                0x10002e6c                __wrap___aeabi_frsub
                0x10002e72                __wrap___aeabi_fsub
                0x10002e7c                __wrap___aeabi_fadd
                0x10002e86                __wrap___aeabi_fdiv
                0x10002eb2                __wrap___aeabi_fmul
 .text.__wrap___aeabi_ui2f
                0x10002ec4        0xa CMakeFiles/Ultrasonic.dir/C_/Users/Chervelle/.pico-sdk/sdk/2.2.0/src/rp2_common/pico_float/float_aeabi_rp2040.S.obj
                0x10002ec4                __wrap___aeabi_ui2f
                0x10002ec4                uint2float
 *fill*         0x10002ece        0x2 
 .text.__wrap___aeabi_i2f
                0x10002ed0       0x44 CMakeFiles/Ultrasonic.dir/C_/Users/Chervelle/.pico-sdk/sdk/2.2.0/src/rp2_common/pico_float/float_aeabi_rp2040.S.obj
                0x10002ed0                __wrap___aeabi_i2f
                0x10002ed0                int2float
 .text.fix2float
                0x10002f14       0x10 CMakeFiles/Ultrasonic.dir/C_/Users/Chervelle/.pico-sdk/sdk/2.2.0/src/rp2_common/pico_float/float_aeabi_rp2040.S.obj
                0x10002f14                fix2float
 .text.__wrap___aeabi_ul2f
                0x10002f24       0x20 CMakeFiles/Ultrasonic.dir/C_/Users/Chervelle/.pico-sdk/sdk/2.2.0/src/rp2_common/pico_float/float_aeabi_rp2040.S.obj
                0x10002f28                uint642float
                0x10002f28                __wrap___aeabi_ul2f
 .text.__wrap___aeabi_f2d
                0x10002f44       0x14 CMakeFiles/Ultrasonic.dir/C_/Users/Chervelle/.pico-sdk/sdk/2.2.0/src/rp2_common/pico_float/float_aeabi_rp2040.S.obj
                0x10002f44                __wrap___aeabi_f2d
 .text.__wrap_sinf
                0x10002f58       0x28 CMakeFiles/Ultrasonic.dir/C_/Users/Chervelle/.pico-sdk/sdk/2.2.0/src/rp2_common/pico_float/float_aeabi_rp2040.S.obj
                0x10002f58                __wrap_sinf
 .text.__aeabi_float_init
                0x10002f80       0xfc CMakeFiles/Ultrasonic.dir/C_/Users/Chervelle/.pico-sdk/sdk/2.2.0/src/rp2_common/pico_float/float_init_rom_rp2040.c.obj
                0x10002f80                __aeabi_float_init
 .text.frem_0   0x1000307c       0x7c CMakeFiles/Ultrasonic.dir/C_/Users/Chervelle/.pico-sdk/sdk/2.2.0/src/rp2_common/pico_float/float_math.c.obj
 .text.__wrap_remquof
                0x100030f8       0xda CMakeFiles/Ultrasonic.dir/C_/Users/Chervelle/.pico-sdk/sdk/2.2.0/src/rp2_common/pico_float/float_math.c.obj
                0x100030f8                __wrap_remquof
 .text.__wrap_remainderf
                0x100031d2        0xa CMakeFiles/Ultrasonic.dir/C_/Users/Chervelle/.pico-sdk/sdk/2.2.0/src/rp2_common/pico_float/float_math.c.obj
                0x100031d2                __wrap_remainderf
 .text.float_table_shim_on_use_helper
                0x100031dc       0x34 CMakeFiles/Ultrasonic.dir/C_/Users/Chervelle/.pico-sdk/sdk/2.2.0/src/rp2_common/pico_float/float_v1_rom_shim_rp2040.S.obj
                0x100031dc                float_table_shim_on_use_helper
 .text.642float_shims
                0x10003210       0x44 CMakeFiles/Ultrasonic.dir/C_/Users/Chervelle/.pico-sdk/sdk/2.2.0/src/rp2_common/pico_float/float_v1_rom_shim_rp2040.S.obj
                0x10003210                uint642float_shim
                0x10003212                ufix642float_shim
                0x10003222                int642float_shim
                0x10003224                fix642float_shim
 .text.float2double_shim
                0x10003254       0x30 CMakeFiles/Ultrasonic.dir/C_/Users/Chervelle/.pico-sdk/sdk/2.2.0/src/rp2_common/pico_float/float_v1_rom_shim_rp2040.S.obj
                0x10003254                float2double_shim
 .text          0x10003284       0x10 CMakeFiles/Ultrasonic.dir/C_/Users/Chervelle/.pico-sdk/sdk/2.2.0/src/rp2_common/pico_mem_ops/mem_ops_aeabi.S.obj
                0x10003284                __aeabi_mem_init
 .text.memset   0x10003294        0xc CMakeFiles/Ultrasonic.dir/C_/Users/Chervelle/.pico-sdk/sdk/2.2.0/src/rp2_common/pico_mem_ops/mem_ops_aeabi.S.obj
                0x10003294                __wrap_memset
 .text.memcpy   0x100032a0        0xc CMakeFiles/Ultrasonic.dir/C_/Users/Chervelle/.pico-sdk/sdk/2.2.0/src/rp2_common/pico_mem_ops/mem_ops_aeabi.S.obj
                0x100032a0                __wrap_memcpy
                0x100032a0                __wrap___aeabi_memcpy
 .text._out_null
                0x100032ac        0x2 CMakeFiles/Ultrasonic.dir/C_/Users/Chervelle/.pico-sdk/sdk/2.2.0/src/rp2_common/pico_printf/printf.c.obj
 .text._out_fct
                0x100032ae        0xe CMakeFiles/Ultrasonic.dir/C_/Users/Chervelle/.pico-sdk/sdk/2.2.0/src/rp2_common/pico_printf/printf.c.obj
 .text._atoi    0x100032bc       0x24 CMakeFiles/Ultrasonic.dir/C_/Users/Chervelle/.pico-sdk/sdk/2.2.0/src/rp2_common/pico_printf/printf.c.obj
 .text._out_rev
                0x100032e0       0xb0 CMakeFiles/Ultrasonic.dir/C_/Users/Chervelle/.pico-sdk/sdk/2.2.0/src/rp2_common/pico_printf/printf.c.obj
 .text._ntoa_format
                0x10003390      0x10e CMakeFiles/Ultrasonic.dir/C_/Users/Chervelle/.pico-sdk/sdk/2.2.0/src/rp2_common/pico_printf/printf.c.obj
 .text._ntoa_long
                0x1000349e       0xbc CMakeFiles/Ultrasonic.dir/C_/Users/Chervelle/.pico-sdk/sdk/2.2.0/src/rp2_common/pico_printf/printf.c.obj
 .text._ntoa_long_long
                0x1000355a      0x10e CMakeFiles/Ultrasonic.dir/C_/Users/Chervelle/.pico-sdk/sdk/2.2.0/src/rp2_common/pico_printf/printf.c.obj
 .text._etoa    0x10003668      0x424 CMakeFiles/Ultrasonic.dir/C_/Users/Chervelle/.pico-sdk/sdk/2.2.0/src/rp2_common/pico_printf/printf.c.obj
 .text._ftoa    0x10003a8c      0x348 CMakeFiles/Ultrasonic.dir/C_/Users/Chervelle/.pico-sdk/sdk/2.2.0/src/rp2_common/pico_printf/printf.c.obj
 .text._vsnprintf
                0x10003dd4      0x6a4 CMakeFiles/Ultrasonic.dir/C_/Users/Chervelle/.pico-sdk/sdk/2.2.0/src/rp2_common/pico_printf/printf.c.obj
 .text.vfctprintf
                0x10004478       0x24 CMakeFiles/Ultrasonic.dir/C_/Users/Chervelle/.pico-sdk/sdk/2.2.0/src/rp2_common/pico_printf/printf.c.obj
                0x10004478                vfctprintf
 .text._exit    0x1000449c        0x4 CMakeFiles/Ultrasonic.dir/C_/Users/Chervelle/.pico-sdk/sdk/2.2.0/src/rp2_common/pico_clib_interface/newlib_interface.c.obj
                0x1000449c                _exit
 .text.exit     0x100044a0        0x6 CMakeFiles/Ultrasonic.dir/C_/Users/Chervelle/.pico-sdk/sdk/2.2.0/src/rp2_common/pico_clib_interface/newlib_interface.c.obj
                0x100044a0                exit
 *fill*         0x100044a6        0x2 
 .text.__assert_func
                0x100044a8       0x38 CMakeFiles/Ultrasonic.dir/C_/Users/Chervelle/.pico-sdk/sdk/2.2.0/src/rp2_common/pico_clib_interface/newlib_interface.c.obj
                0x100044a8                __assert_func
 .text.runtime_init
                0x100044e0       0x28 CMakeFiles/Ultrasonic.dir/C_/Users/Chervelle/.pico-sdk/sdk/2.2.0/src/rp2_common/pico_clib_interface/newlib_interface.c.obj
                0x100044e0                runtime_init
 .text.stdio_out_chars_no_crlf
                0x10004508        0xe CMakeFiles/Ultrasonic.dir/C_/Users/Chervelle/.pico-sdk/sdk/2.2.0/src/rp2_common/pico_stdio/stdio.c.obj
 *fill*         0x10004516        0x2 
 .text.stdio_out_chars_crlf
                0x10004518       0x80 CMakeFiles/Ultrasonic.dir/C_/Users/Chervelle/.pico-sdk/sdk/2.2.0/src/rp2_common/pico_stdio/stdio.c.obj
 .text.stdio_stack_buffer_flush
                0x10004598       0x44 CMakeFiles/Ultrasonic.dir/C_/Users/Chervelle/.pico-sdk/sdk/2.2.0/src/rp2_common/pico_stdio/stdio.c.obj
 .text.stdio_buffered_printer
                0x100045dc       0x20 CMakeFiles/Ultrasonic.dir/C_/Users/Chervelle/.pico-sdk/sdk/2.2.0/src/rp2_common/pico_stdio/stdio.c.obj
 .text.stdout_serialize_begin
                0x100045fc       0x30 CMakeFiles/Ultrasonic.dir/C_/Users/Chervelle/.pico-sdk/sdk/2.2.0/src/rp2_common/pico_stdio/stdio.c.obj
                0x100045fc                stdout_serialize_begin
 .text.stdout_serialize_end
                0x1000462c       0x10 CMakeFiles/Ultrasonic.dir/C_/Users/Chervelle/.pico-sdk/sdk/2.2.0/src/rp2_common/pico_stdio/stdio.c.obj
                0x1000462c                stdout_serialize_end
 .text.stdio_put_string
                0x1000463c       0x94 CMakeFiles/Ultrasonic.dir/C_/Users/Chervelle/.pico-sdk/sdk/2.2.0/src/rp2_common/pico_stdio/stdio.c.obj
                0x1000463c                stdio_put_string
 .text.stdio_set_driver_enabled
                0x100046d0       0x30 CMakeFiles/Ultrasonic.dir/C_/Users/Chervelle/.pico-sdk/sdk/2.2.0/src/rp2_common/pico_stdio/stdio.c.obj
                0x100046d0                stdio_set_driver_enabled
 .text.stdio_flush
                0x10004700       0x20 CMakeFiles/Ultrasonic.dir/C_/Users/Chervelle/.pico-sdk/sdk/2.2.0/src/rp2_common/pico_stdio/stdio.c.obj
                0x10004700                stdio_flush
 .text.stdio_init_all
                0x10004720        0x8 CMakeFiles/Ultrasonic.dir/C_/Users/Chervelle/.pico-sdk/sdk/2.2.0/src/rp2_common/pico_stdio/stdio.c.obj
                0x10004720                stdio_init_all
 .text.__wrap_puts
                0x10004728       0x1e CMakeFiles/Ultrasonic.dir/C_/Users/Chervelle/.pico-sdk/sdk/2.2.0/src/rp2_common/pico_stdio/stdio.c.obj
                0x10004728                stdio_puts
                0x10004728                __wrap_puts
 *fill*         0x10004746        0x2 
 .text.__wrap_vprintf
                0x10004748       0x40 CMakeFiles/Ultrasonic.dir/C_/Users/Chervelle/.pico-sdk/sdk/2.2.0/src/rp2_common/pico_stdio/stdio.c.obj
                0x10004748                stdio_vprintf
                0x10004748                __wrap_vprintf
 .text.__wrap_printf
                0x10004788       0x18 CMakeFiles/Ultrasonic.dir/C_/Users/Chervelle/.pico-sdk/sdk/2.2.0/src/rp2_common/pico_stdio/stdio.c.obj
                0x10004788                __wrap_printf
                0x10004788                stdio_printf
 .text.resetd_init
                0x100047a0        0x2 CMakeFiles/Ultrasonic.dir/C_/Users/Chervelle/.pico-sdk/sdk/2.2.0/src/rp2_common/pico_stdio_usb/reset_interface.c.obj
 *fill*         0x100047a2        0x2 
 .text.resetd_reset
                0x100047a4        0xc CMakeFiles/Ultrasonic.dir/C_/Users/Chervelle/.pico-sdk/sdk/2.2.0/src/rp2_common/pico_stdio_usb/reset_interface.c.obj
 .text.resetd_open
                0x100047b0       0x34 CMakeFiles/Ultrasonic.dir/C_/Users/Chervelle/.pico-sdk/sdk/2.2.0/src/rp2_common/pico_stdio_usb/reset_interface.c.obj
 .text.resetd_xfer_cb
                0x100047e4        0x4 CMakeFiles/Ultrasonic.dir/C_/Users/Chervelle/.pico-sdk/sdk/2.2.0/src/rp2_common/pico_stdio_usb/reset_interface.c.obj
 .text.resetd_control_xfer_cb
                0x100047e8       0x60 CMakeFiles/Ultrasonic.dir/C_/Users/Chervelle/.pico-sdk/sdk/2.2.0/src/rp2_common/pico_stdio_usb/reset_interface.c.obj
 .text.tud_descriptor_bos_cb
                0x10004848        0x8 CMakeFiles/Ultrasonic.dir/C_/Users/Chervelle/.pico-sdk/sdk/2.2.0/src/rp2_common/pico_stdio_usb/reset_interface.c.obj
                0x10004848                tud_descriptor_bos_cb
 .text.tud_vendor_control_xfer_cb
                0x10004850       0x38 CMakeFiles/Ultrasonic.dir/C_/Users/Chervelle/.pico-sdk/sdk/2.2.0/src/rp2_common/pico_stdio_usb/reset_interface.c.obj
                0x10004850                tud_vendor_control_xfer_cb
 .text.usbd_app_driver_get_cb
                0x10004888        0xc CMakeFiles/Ultrasonic.dir/C_/Users/Chervelle/.pico-sdk/sdk/2.2.0/src/rp2_common/pico_stdio_usb/reset_interface.c.obj
                0x10004888                usbd_app_driver_get_cb
 .text.tud_cdc_line_coding_cb
                0x10004894       0x2c CMakeFiles/Ultrasonic.dir/C_/Users/Chervelle/.pico-sdk/sdk/2.2.0/src/rp2_common/pico_stdio_usb/reset_interface.c.obj
                0x10004894                tud_cdc_line_coding_cb
 .text.stdio_usb_set_chars_available_callback
                0x100048c0       0x14 CMakeFiles/Ultrasonic.dir/C_/Users/Chervelle/.pico-sdk/sdk/2.2.0/src/rp2_common/pico_stdio_usb/stdio_usb.c.obj
                0x100048c0                stdio_usb_set_chars_available_callback
 .text.stdio_usb_out_flush
                0x100048d4       0x4c CMakeFiles/Ultrasonic.dir/C_/Users/Chervelle/.pico-sdk/sdk/2.2.0/src/rp2_common/pico_stdio_usb/stdio_usb.c.obj
 .text.usb_irq  0x10004920       0x10 CMakeFiles/Ultrasonic.dir/C_/Users/Chervelle/.pico-sdk/sdk/2.2.0/src/rp2_common/pico_stdio_usb/stdio_usb.c.obj
 .text.timer_task
                0x10004930       0x6c CMakeFiles/Ultrasonic.dir/C_/Users/Chervelle/.pico-sdk/sdk/2.2.0/src/rp2_common/pico_stdio_usb/stdio_usb.c.obj
 .text.alarm_pool_add_alarm_in_us
                0x1000499c       0x40 CMakeFiles/Ultrasonic.dir/C_/Users/Chervelle/.pico-sdk/sdk/2.2.0/src/rp2_common/pico_stdio_usb/stdio_usb.c.obj
 .text.add_alarm_in_us
                0x100049dc       0x2e CMakeFiles/Ultrasonic.dir/C_/Users/Chervelle/.pico-sdk/sdk/2.2.0/src/rp2_common/pico_stdio_usb/stdio_usb.c.obj
 *fill*         0x10004a0a        0x2 
 .text.low_priority_worker_irq
                0x10004a0c       0xa8 CMakeFiles/Ultrasonic.dir/C_/Users/Chervelle/.pico-sdk/sdk/2.2.0/src/rp2_common/pico_stdio_usb/stdio_usb.c.obj
 .text.stdio_usb_init
                0x10004ab4       0xe0 CMakeFiles/Ultrasonic.dir/C_/Users/Chervelle/.pico-sdk/sdk/2.2.0/src/rp2_common/pico_stdio_usb/stdio_usb.c.obj
                0x10004ab4                stdio_usb_init
 .text.stdio_usb_connected
                0x10004b94        0xa CMakeFiles/Ultrasonic.dir/C_/Users/Chervelle/.pico-sdk/sdk/2.2.0/src/rp2_common/pico_stdio_usb/stdio_usb.c.obj
                0x10004b94                stdio_usb_connected
 *fill*         0x10004b9e        0x2 
 .text.stdio_usb_in_chars
                0x10004ba0       0x98 CMakeFiles/Ultrasonic.dir/C_/Users/Chervelle/.pico-sdk/sdk/2.2.0/src/rp2_common/pico_stdio_usb/stdio_usb.c.obj
                0x10004ba0                stdio_usb_in_chars
 .text.stdio_usb_out_chars
                0x10004c38       0xe8 CMakeFiles/Ultrasonic.dir/C_/Users/Chervelle/.pico-sdk/sdk/2.2.0/src/rp2_common/pico_stdio_usb/stdio_usb.c.obj
 .text.tud_descriptor_device_cb
                0x10004d20        0x8 CMakeFiles/Ultrasonic.dir/C_/Users/Chervelle/.pico-sdk/sdk/2.2.0/src/rp2_common/pico_stdio_usb/stdio_usb_descriptors.c.obj
                0x10004d20                tud_descriptor_device_cb
 .text.tud_descriptor_configuration_cb
                0x10004d28        0x8 CMakeFiles/Ultrasonic.dir/C_/Users/Chervelle/.pico-sdk/sdk/2.2.0/src/rp2_common/pico_stdio_usb/stdio_usb_descriptors.c.obj
                0x10004d28                tud_descriptor_configuration_cb
 .text.tud_descriptor_string_cb
                0x10004d30       0x6c CMakeFiles/Ultrasonic.dir/C_/Users/Chervelle/.pico-sdk/sdk/2.2.0/src/rp2_common/pico_stdio_usb/stdio_usb_descriptors.c.obj
                0x10004d30                tud_descriptor_string_cb
 .text._retrieve_unique_id_on_boot
                0x10004d9c       0x10 CMakeFiles/Ultrasonic.dir/C_/Users/Chervelle/.pico-sdk/sdk/2.2.0/src/rp2_common/pico_unique_id/unique_id.c.obj
 .text.pico_get_unique_board_id_string
                0x10004dac       0x58 CMakeFiles/Ultrasonic.dir/C_/Users/Chervelle/.pico-sdk/sdk/2.2.0/src/rp2_common/pico_unique_id/unique_id.c.obj
                0x10004dac                pico_get_unique_board_id_string
 .text.flash_get_unique_id
                0x10004e04       0x40 CMakeFiles/Ultrasonic.dir/C_/Users/Chervelle/.pico-sdk/sdk/2.2.0/src/rp2_common/hardware_flash/flash.c.obj
                0x10004e04                flash_get_unique_id
 .text.hw_endpoint_init
                0x10004e44       0xc0 CMakeFiles/Ultrasonic.dir/C_/Users/Chervelle/.pico-sdk/sdk/2.2.0/lib/tinyusb/src/portable/raspberrypi/rp2040/dcd_rp2040.c.obj
 .text.hw_endpoint_alloc
                0x10004f04       0x48 CMakeFiles/Ultrasonic.dir/C_/Users/Chervelle/.pico-sdk/sdk/2.2.0/lib/tinyusb/src/portable/raspberrypi/rp2040/dcd_rp2040.c.obj
 .text.hw_endpoint_open
                0x10004f4c       0x50 CMakeFiles/Ultrasonic.dir/C_/Users/Chervelle/.pico-sdk/sdk/2.2.0/lib/tinyusb/src/portable/raspberrypi/rp2040/dcd_rp2040.c.obj
 .text.hw_endpoint_xfer
                0x10004f9c       0x20 CMakeFiles/Ultrasonic.dir/C_/Users/Chervelle/.pico-sdk/sdk/2.2.0/lib/tinyusb/src/portable/raspberrypi/rp2040/dcd_rp2040.c.obj
 .text.dcd_int_enable
                0x10004fbc       0x2c CMakeFiles/Ultrasonic.dir/C_/Users/Chervelle/.pico-sdk/sdk/2.2.0/lib/tinyusb/src/portable/raspberrypi/rp2040/dcd_rp2040.c.obj
                0x10004fbc                dcd_int_enable
 .text.dcd_set_address
                0x10004fe8       0x2c CMakeFiles/Ultrasonic.dir/C_/Users/Chervelle/.pico-sdk/sdk/2.2.0/lib/tinyusb/src/portable/raspberrypi/rp2040/dcd_rp2040.c.obj
                0x10004fe8                dcd_set_address
 .text.dcd_connect
                0x10005014       0x10 CMakeFiles/Ultrasonic.dir/C_/Users/Chervelle/.pico-sdk/sdk/2.2.0/lib/tinyusb/src/portable/raspberrypi/rp2040/dcd_rp2040.c.obj
                0x10005014                dcd_connect
 .text.dcd_init
                0x10005024       0x80 CMakeFiles/Ultrasonic.dir/C_/Users/Chervelle/.pico-sdk/sdk/2.2.0/lib/tinyusb/src/portable/raspberrypi/rp2040/dcd_rp2040.c.obj
                0x10005024                dcd_init
 .text.dcd_sof_enable
                0x100050a4       0x1c CMakeFiles/Ultrasonic.dir/C_/Users/Chervelle/.pico-sdk/sdk/2.2.0/lib/tinyusb/src/portable/raspberrypi/rp2040/dcd_rp2040.c.obj
                0x100050a4                dcd_sof_enable
 .text.dcd_edpt0_status_complete
                0x100050c0       0x1c CMakeFiles/Ultrasonic.dir/C_/Users/Chervelle/.pico-sdk/sdk/2.2.0/lib/tinyusb/src/portable/raspberrypi/rp2040/dcd_rp2040.c.obj
                0x100050c0                dcd_edpt0_status_complete
 .text.dcd_edpt_open
                0x100050dc       0x26 CMakeFiles/Ultrasonic.dir/C_/Users/Chervelle/.pico-sdk/sdk/2.2.0/lib/tinyusb/src/portable/raspberrypi/rp2040/dcd_rp2040.c.obj
                0x100050dc                dcd_edpt_open
 .text.dcd_edpt_close_all
                0x10005102        0x8 CMakeFiles/Ultrasonic.dir/C_/Users/Chervelle/.pico-sdk/sdk/2.2.0/lib/tinyusb/src/portable/raspberrypi/rp2040/dcd_rp2040.c.obj
                0x10005102                dcd_edpt_close_all
 *fill*         0x1000510a        0x2 
 .text.dcd_edpt_xfer
                0x1000510c       0x30 CMakeFiles/Ultrasonic.dir/C_/Users/Chervelle/.pico-sdk/sdk/2.2.0/lib/tinyusb/src/portable/raspberrypi/rp2040/dcd_rp2040.c.obj
                0x1000510c                dcd_edpt_xfer
 .text.dcd_edpt_stall
                0x1000513c       0x3c CMakeFiles/Ultrasonic.dir/C_/Users/Chervelle/.pico-sdk/sdk/2.2.0/lib/tinyusb/src/portable/raspberrypi/rp2040/dcd_rp2040.c.obj
                0x1000513c                dcd_edpt_stall
 .text.dcd_edpt_clear_stall
                0x10005178       0x30 CMakeFiles/Ultrasonic.dir/C_/Users/Chervelle/.pico-sdk/sdk/2.2.0/lib/tinyusb/src/portable/raspberrypi/rp2040/dcd_rp2040.c.obj
                0x10005178                dcd_edpt_clear_stall
 .text.unaligned_memcpy
                0x100051a8       0x14 CMakeFiles/Ultrasonic.dir/C_/Users/Chervelle/.pico-sdk/sdk/2.2.0/lib/tinyusb/src/portable/raspberrypi/rp2040/rp2040_usb.c.obj
 .text.rp2040_usb_init
                0x100051bc       0x44 CMakeFiles/Ultrasonic.dir/C_/Users/Chervelle/.pico-sdk/sdk/2.2.0/lib/tinyusb/src/portable/raspberrypi/rp2040/rp2040_usb.c.obj
                0x100051bc                rp2040_usb_init
 .text.hw_endpoint_xfer_start
                0x10005200       0x60 CMakeFiles/Ultrasonic.dir/C_/Users/Chervelle/.pico-sdk/sdk/2.2.0/lib/tinyusb/src/portable/raspberrypi/rp2040/rp2040_usb.c.obj
                0x10005200                hw_endpoint_xfer_start
 .text.configuration_reset
                0x10005260       0x84 CMakeFiles/Ultrasonic.dir/C_/Users/Chervelle/.pico-sdk/sdk/2.2.0/lib/tinyusb/src/device/usbd.c.obj
 .text.usbd_reset
                0x100052e4        0xc CMakeFiles/Ultrasonic.dir/C_/Users/Chervelle/.pico-sdk/sdk/2.2.0/lib/tinyusb/src/device/usbd.c.obj
 .text.invoke_class_control
                0x100052f0       0x1a CMakeFiles/Ultrasonic.dir/C_/Users/Chervelle/.pico-sdk/sdk/2.2.0/lib/tinyusb/src/device/usbd.c.obj
 *fill*         0x1000530a        0x2 
 .text.process_set_config
                0x1000530c      0x1b0 CMakeFiles/Ultrasonic.dir/C_/Users/Chervelle/.pico-sdk/sdk/2.2.0/lib/tinyusb/src/device/usbd.c.obj
 .text.tud_event_hook_cb
                0x100054bc        0x2 CMakeFiles/Ultrasonic.dir/C_/Users/Chervelle/.pico-sdk/sdk/2.2.0/lib/tinyusb/src/device/usbd.c.obj
                0x100054bc                tud_event_hook_cb
 .text.tud_sof_cb
                0x100054be        0x2 CMakeFiles/Ultrasonic.dir/C_/Users/Chervelle/.pico-sdk/sdk/2.2.0/lib/tinyusb/src/device/usbd.c.obj
                0x100054be                tud_sof_cb
 .text.tud_descriptor_device_qualifier_cb
                0x100054c0        0x4 CMakeFiles/Ultrasonic.dir/C_/Users/Chervelle/.pico-sdk/sdk/2.2.0/lib/tinyusb/src/device/usbd.c.obj
                0x100054c0                tud_descriptor_device_qualifier_cb
 .text.tud_descriptor_other_speed_configuration_cb
                0x100054c4        0x4 CMakeFiles/Ultrasonic.dir/C_/Users/Chervelle/.pico-sdk/sdk/2.2.0/lib/tinyusb/src/device/usbd.c.obj
                0x100054c4                tud_descriptor_other_speed_configuration_cb
 .text.process_get_descriptor
                0x100054c8       0xe0 CMakeFiles/Ultrasonic.dir/C_/Users/Chervelle/.pico-sdk/sdk/2.2.0/lib/tinyusb/src/device/usbd.c.obj
 .text.tud_mount_cb
                0x100055a8        0x2 CMakeFiles/Ultrasonic.dir/C_/Users/Chervelle/.pico-sdk/sdk/2.2.0/lib/tinyusb/src/device/usbd.c.obj
                0x100055a8                tud_mount_cb
 .text.tud_umount_cb
                0x100055aa        0x2 CMakeFiles/Ultrasonic.dir/C_/Users/Chervelle/.pico-sdk/sdk/2.2.0/lib/tinyusb/src/device/usbd.c.obj
                0x100055aa                tud_umount_cb
 .text.tud_suspend_cb
                0x100055ac        0x2 CMakeFiles/Ultrasonic.dir/C_/Users/Chervelle/.pico-sdk/sdk/2.2.0/lib/tinyusb/src/device/usbd.c.obj
                0x100055ac                tud_suspend_cb
 .text.tud_resume_cb
                0x100055ae        0x2 CMakeFiles/Ultrasonic.dir/C_/Users/Chervelle/.pico-sdk/sdk/2.2.0/lib/tinyusb/src/device/usbd.c.obj
                0x100055ae                tud_resume_cb
 .text.tud_mounted
                0x100055b0       0x10 CMakeFiles/Ultrasonic.dir/C_/Users/Chervelle/.pico-sdk/sdk/2.2.0/lib/tinyusb/src/device/usbd.c.obj
                0x100055b0                tud_mounted
 .text.tud_suspended
                0x100055c0       0x10 CMakeFiles/Ultrasonic.dir/C_/Users/Chervelle/.pico-sdk/sdk/2.2.0/lib/tinyusb/src/device/usbd.c.obj
                0x100055c0                tud_suspended
 .text.tud_inited
                0x100055d0       0x14 CMakeFiles/Ultrasonic.dir/C_/Users/Chervelle/.pico-sdk/sdk/2.2.0/lib/tinyusb/src/device/usbd.c.obj
                0x100055d0                tud_inited
 .text.tud_rhport_init
                0x100055e4      0x100 CMakeFiles/Ultrasonic.dir/C_/Users/Chervelle/.pico-sdk/sdk/2.2.0/lib/tinyusb/src/device/usbd.c.obj
                0x100055e4                tud_rhport_init
 .text.usbd_edpt_open
                0x100056e4       0x60 CMakeFiles/Ultrasonic.dir/C_/Users/Chervelle/.pico-sdk/sdk/2.2.0/lib/tinyusb/src/device/usbd.c.obj
                0x100056e4                usbd_edpt_open
 .text.usbd_open_edpt_pair
                0x10005744       0x88 CMakeFiles/Ultrasonic.dir/C_/Users/Chervelle/.pico-sdk/sdk/2.2.0/lib/tinyusb/src/device/usbd.c.obj
                0x10005744                usbd_open_edpt_pair
 .text.usbd_edpt_claim
                0x100057cc       0x28 CMakeFiles/Ultrasonic.dir/C_/Users/Chervelle/.pico-sdk/sdk/2.2.0/lib/tinyusb/src/device/usbd.c.obj
                0x100057cc                usbd_edpt_claim
 .text.usbd_edpt_release
                0x100057f4       0x28 CMakeFiles/Ultrasonic.dir/C_/Users/Chervelle/.pico-sdk/sdk/2.2.0/lib/tinyusb/src/device/usbd.c.obj
                0x100057f4                usbd_edpt_release
 .text.usbd_edpt_xfer
                0x1000581c       0x88 CMakeFiles/Ultrasonic.dir/C_/Users/Chervelle/.pico-sdk/sdk/2.2.0/lib/tinyusb/src/device/usbd.c.obj
                0x1000581c                usbd_edpt_xfer
 .text.usbd_edpt_stall
                0x100058a4       0x34 CMakeFiles/Ultrasonic.dir/C_/Users/Chervelle/.pico-sdk/sdk/2.2.0/lib/tinyusb/src/device/usbd.c.obj
                0x100058a4                usbd_edpt_stall
 .text.usbd_edpt_clear_stall
                0x100058d8       0x34 CMakeFiles/Ultrasonic.dir/C_/Users/Chervelle/.pico-sdk/sdk/2.2.0/lib/tinyusb/src/device/usbd.c.obj
                0x100058d8                usbd_edpt_clear_stall
 .text.usbd_edpt_stalled
                0x1000590c       0x1c CMakeFiles/Ultrasonic.dir/C_/Users/Chervelle/.pico-sdk/sdk/2.2.0/lib/tinyusb/src/device/usbd.c.obj
                0x1000590c                usbd_edpt_stalled
 .text.process_control_request
                0x10005928      0x384 CMakeFiles/Ultrasonic.dir/C_/Users/Chervelle/.pico-sdk/sdk/2.2.0/lib/tinyusb/src/device/usbd.c.obj
 .text.tud_task_ext
                0x10005cac      0x1d0 CMakeFiles/Ultrasonic.dir/C_/Users/Chervelle/.pico-sdk/sdk/2.2.0/lib/tinyusb/src/device/usbd.c.obj
                0x10005cac                tud_task_ext
 .text.status_stage_xact
                0x10005e7c       0x1a CMakeFiles/Ultrasonic.dir/C_/Users/Chervelle/.pico-sdk/sdk/2.2.0/lib/tinyusb/src/device/usbd_control.c.obj
 *fill*         0x10005e96        0x2 
 .text.data_stage_xact
                0x10005e98       0x60 CMakeFiles/Ultrasonic.dir/C_/Users/Chervelle/.pico-sdk/sdk/2.2.0/lib/tinyusb/src/device/usbd_control.c.obj
 .text.tud_control_status
                0x10005ef8       0x28 CMakeFiles/Ultrasonic.dir/C_/Users/Chervelle/.pico-sdk/sdk/2.2.0/lib/tinyusb/src/device/usbd_control.c.obj
                0x10005ef8                tud_control_status
 .text.tud_control_xfer
                0x10005f20       0x98 CMakeFiles/Ultrasonic.dir/C_/Users/Chervelle/.pico-sdk/sdk/2.2.0/lib/tinyusb/src/device/usbd_control.c.obj
                0x10005f20                tud_control_xfer
 .text.usbd_control_reset
                0x10005fb8       0x14 CMakeFiles/Ultrasonic.dir/C_/Users/Chervelle/.pico-sdk/sdk/2.2.0/lib/tinyusb/src/device/usbd_control.c.obj
                0x10005fb8                usbd_control_reset
 .text.usbd_control_set_complete_callback
                0x10005fcc        0xc CMakeFiles/Ultrasonic.dir/C_/Users/Chervelle/.pico-sdk/sdk/2.2.0/lib/tinyusb/src/device/usbd_control.c.obj
                0x10005fcc                usbd_control_set_complete_callback
 .text.usbd_control_set_request
                0x10005fd8       0x1c CMakeFiles/Ultrasonic.dir/C_/Users/Chervelle/.pico-sdk/sdk/2.2.0/lib/tinyusb/src/device/usbd_control.c.obj
                0x10005fd8                usbd_control_set_request
 .text.usbd_control_xfer_cb
                0x10005ff4       0xe0 CMakeFiles/Ultrasonic.dir/C_/Users/Chervelle/.pico-sdk/sdk/2.2.0/lib/tinyusb/src/device/usbd_control.c.obj
                0x10005ff4                usbd_control_xfer_cb
 .text._prep_out_transaction
                0x100060d4       0x94 CMakeFiles/Ultrasonic.dir/C_/Users/Chervelle/.pico-sdk/sdk/2.2.0/lib/tinyusb/src/class/cdc/cdc_device.c.obj
 .text.tud_cdc_n_connected
                0x10006168       0x38 CMakeFiles/Ultrasonic.dir/C_/Users/Chervelle/.pico-sdk/sdk/2.2.0/lib/tinyusb/src/class/cdc/cdc_device.c.obj
                0x10006168                tud_cdc_n_connected
 .text.tud_cdc_n_available
                0x100061a0       0x18 CMakeFiles/Ultrasonic.dir/C_/Users/Chervelle/.pico-sdk/sdk/2.2.0/lib/tinyusb/src/class/cdc/cdc_device.c.obj
                0x100061a0                tud_cdc_n_available
 .text.tud_cdc_n_read
                0x100061b8       0x38 CMakeFiles/Ultrasonic.dir/C_/Users/Chervelle/.pico-sdk/sdk/2.2.0/lib/tinyusb/src/class/cdc/cdc_device.c.obj
                0x100061b8                tud_cdc_n_read
 .text.tud_cdc_n_write_flush
                0x100061f0       0xb0 CMakeFiles/Ultrasonic.dir/C_/Users/Chervelle/.pico-sdk/sdk/2.2.0/lib/tinyusb/src/class/cdc/cdc_device.c.obj
                0x100061f0                tud_cdc_n_write_flush
 .text.tud_cdc_n_write
                0x100062a0       0x48 CMakeFiles/Ultrasonic.dir/C_/Users/Chervelle/.pico-sdk/sdk/2.2.0/lib/tinyusb/src/class/cdc/cdc_device.c.obj
                0x100062a0                tud_cdc_n_write
 .text.tud_cdc_n_write_available
                0x100062e8       0x18 CMakeFiles/Ultrasonic.dir/C_/Users/Chervelle/.pico-sdk/sdk/2.2.0/lib/tinyusb/src/class/cdc/cdc_device.c.obj
                0x100062e8                tud_cdc_n_write_available
 .text.cdcd_init
                0x10006300       0xac CMakeFiles/Ultrasonic.dir/C_/Users/Chervelle/.pico-sdk/sdk/2.2.0/lib/tinyusb/src/class/cdc/cdc_device.c.obj
                0x10006300                cdcd_init
 .text.cdcd_deinit
                0x100063ac       0x48 CMakeFiles/Ultrasonic.dir/C_/Users/Chervelle/.pico-sdk/sdk/2.2.0/lib/tinyusb/src/class/cdc/cdc_device.c.obj
                0x100063ac                cdcd_deinit
 .text.cdcd_reset
                0x100063f4       0x70 CMakeFiles/Ultrasonic.dir/C_/Users/Chervelle/.pico-sdk/sdk/2.2.0/lib/tinyusb/src/class/cdc/cdc_device.c.obj
                0x100063f4                cdcd_reset
 .text.cdcd_open
                0x10006464       0xec CMakeFiles/Ultrasonic.dir/C_/Users/Chervelle/.pico-sdk/sdk/2.2.0/lib/tinyusb/src/class/cdc/cdc_device.c.obj
                0x10006464                cdcd_open
 .text.cdcd_control_xfer_cb
                0x10006550      0x13c CMakeFiles/Ultrasonic.dir/C_/Users/Chervelle/.pico-sdk/sdk/2.2.0/lib/tinyusb/src/class/cdc/cdc_device.c.obj
                0x10006550                cdcd_control_xfer_cb
 .text.cdcd_xfer_cb
                0x1000668c      0x148 CMakeFiles/Ultrasonic.dir/C_/Users/Chervelle/.pico-sdk/sdk/2.2.0/lib/tinyusb/src/class/cdc/cdc_device.c.obj
                0x1000668c                cdcd_xfer_cb
 .text.tud_vendor_n_mounted
                0x100067d4       0x3c CMakeFiles/Ultrasonic.dir/C_/Users/Chervelle/.pico-sdk/sdk/2.2.0/lib/tinyusb/src/class/vendor/vendor_device.c.obj
                0x100067d4                tud_vendor_n_mounted
 .text.tud_vendor_n_write_flush
                0x10006810       0x20 CMakeFiles/Ultrasonic.dir/C_/Users/Chervelle/.pico-sdk/sdk/2.2.0/lib/tinyusb/src/class/vendor/vendor_device.c.obj
                0x10006810                tud_vendor_n_write_flush
 .text.vendord_init
                0x10006830       0x9c CMakeFiles/Ultrasonic.dir/C_/Users/Chervelle/.pico-sdk/sdk/2.2.0/lib/tinyusb/src/class/vendor/vendor_device.c.obj
                0x10006830                vendord_init
 .text.vendord_deinit
                0x100068cc       0x34 CMakeFiles/Ultrasonic.dir/C_/Users/Chervelle/.pico-sdk/sdk/2.2.0/lib/tinyusb/src/class/vendor/vendor_device.c.obj
                0x100068cc                vendord_deinit
 .text.vendord_reset
                0x10006900       0x50 CMakeFiles/Ultrasonic.dir/C_/Users/Chervelle/.pico-sdk/sdk/2.2.0/lib/tinyusb/src/class/vendor/vendor_device.c.obj
                0x10006900                vendord_reset
 .text.vendord_open
                0x10006950      0x14c CMakeFiles/Ultrasonic.dir/C_/Users/Chervelle/.pico-sdk/sdk/2.2.0/lib/tinyusb/src/class/vendor/vendor_device.c.obj
                0x10006950                vendord_open
 .text.vendord_xfer_cb
                0x10006a9c       0xd8 CMakeFiles/Ultrasonic.dir/C_/Users/Chervelle/.pico-sdk/sdk/2.2.0/lib/tinyusb/src/class/vendor/vendor_device.c.obj
                0x10006a9c                vendord_xfer_cb
 .text.tusb_rhport_init
                0x10006b74       0x78 CMakeFiles/Ultrasonic.dir/C_/Users/Chervelle/.pico-sdk/sdk/2.2.0/lib/tinyusb/src/tusb.c.obj
                0x10006b74                tusb_rhport_init
 .text.tu_edpt_claim
                0x10006bec       0x50 CMakeFiles/Ultrasonic.dir/C_/Users/Chervelle/.pico-sdk/sdk/2.2.0/lib/tinyusb/src/tusb.c.obj
                0x10006bec                tu_edpt_claim
 .text.tu_edpt_release
                0x10006c3c       0x38 CMakeFiles/Ultrasonic.dir/C_/Users/Chervelle/.pico-sdk/sdk/2.2.0/lib/tinyusb/src/tusb.c.obj
                0x10006c3c                tu_edpt_release
 .text.tu_edpt_validate
                0x10006c74       0xac CMakeFiles/Ultrasonic.dir/C_/Users/Chervelle/.pico-sdk/sdk/2.2.0/lib/tinyusb/src/tusb.c.obj
                0x10006c74                tu_edpt_validate
 .text.tu_edpt_bind_driver
                0x10006d20       0x26 CMakeFiles/Ultrasonic.dir/C_/Users/Chervelle/.pico-sdk/sdk/2.2.0/lib/tinyusb/src/tusb.c.obj
                0x10006d20                tu_edpt_bind_driver
 .text.tu_edpt_stream_init
                0x10006d46       0x62 CMakeFiles/Ultrasonic.dir/C_/Users/Chervelle/.pico-sdk/sdk/2.2.0/lib/tinyusb/src/tusb.c.obj
                0x10006d46                tu_edpt_stream_init
 .text.tu_edpt_stream_deinit
                0x10006da8        0x4 CMakeFiles/Ultrasonic.dir/C_/Users/Chervelle/.pico-sdk/sdk/2.2.0/lib/tinyusb/src/tusb.c.obj
                0x10006da8                tu_edpt_stream_deinit
 .text.tu_edpt_stream_write_zlp_if_needed
                0x10006dac       0x80 CMakeFiles/Ultrasonic.dir/C_/Users/Chervelle/.pico-sdk/sdk/2.2.0/lib/tinyusb/src/tusb.c.obj
                0x10006dac                tu_edpt_stream_write_zlp_if_needed
 .text.tu_edpt_stream_write_xfer
                0x10006e2c       0x84 CMakeFiles/Ultrasonic.dir/C_/Users/Chervelle/.pico-sdk/sdk/2.2.0/lib/tinyusb/src/tusb.c.obj
                0x10006e2c                tu_edpt_stream_write_xfer
 .text.tu_edpt_stream_read_xfer
                0x10006eb0       0xf4 CMakeFiles/Ultrasonic.dir/C_/Users/Chervelle/.pico-sdk/sdk/2.2.0/lib/tinyusb/src/tusb.c.obj
                0x10006eb0                tu_edpt_stream_read_xfer
 .text.advance_index
                0x10006fa4       0x1a CMakeFiles/Ultrasonic.dir/C_/Users/Chervelle/.pico-sdk/sdk/2.2.0/lib/tinyusb/src/common/tusb_fifo.c.obj
 .text._tu_fifo_peek
                0x10006fbe       0x56 CMakeFiles/Ultrasonic.dir/C_/Users/Chervelle/.pico-sdk/sdk/2.2.0/lib/tinyusb/src/common/tusb_fifo.c.obj
 .text._ff_pull_n
                0x10007014       0x68 CMakeFiles/Ultrasonic.dir/C_/Users/Chervelle/.pico-sdk/sdk/2.2.0/lib/tinyusb/src/common/tusb_fifo.c.obj
 .text._tu_fifo_peek_n
                0x1000707c       0x6a CMakeFiles/Ultrasonic.dir/C_/Users/Chervelle/.pico-sdk/sdk/2.2.0/lib/tinyusb/src/common/tusb_fifo.c.obj
 .text._tu_fifo_read_n
                0x100070e6       0x4e CMakeFiles/Ultrasonic.dir/C_/Users/Chervelle/.pico-sdk/sdk/2.2.0/lib/tinyusb/src/common/tusb_fifo.c.obj
 .text._ff_push_n
                0x10007134       0x68 CMakeFiles/Ultrasonic.dir/C_/Users/Chervelle/.pico-sdk/sdk/2.2.0/lib/tinyusb/src/common/tusb_fifo.c.obj
 .text._tu_fifo_write_n
                0x1000719c       0xf0 CMakeFiles/Ultrasonic.dir/C_/Users/Chervelle/.pico-sdk/sdk/2.2.0/lib/tinyusb/src/common/tusb_fifo.c.obj
 .text.tu_fifo_config
                0x1000728c       0x7c CMakeFiles/Ultrasonic.dir/C_/Users/Chervelle/.pico-sdk/sdk/2.2.0/lib/tinyusb/src/common/tusb_fifo.c.obj
                0x1000728c                tu_fifo_config
 .text.tu_fifo_count
                0x10007308       0x2c CMakeFiles/Ultrasonic.dir/C_/Users/Chervelle/.pico-sdk/sdk/2.2.0/lib/tinyusb/src/common/tusb_fifo.c.obj
                0x10007308                tu_fifo_count
 .text.tu_fifo_empty
                0x10007334        0xe CMakeFiles/Ultrasonic.dir/C_/Users/Chervelle/.pico-sdk/sdk/2.2.0/lib/tinyusb/src/common/tusb_fifo.c.obj
                0x10007334                tu_fifo_empty
 .text.tu_fifo_full
                0x10007342       0x2a CMakeFiles/Ultrasonic.dir/C_/Users/Chervelle/.pico-sdk/sdk/2.2.0/lib/tinyusb/src/common/tusb_fifo.c.obj
                0x10007342                tu_fifo_full
 .text.tu_fifo_remaining
                0x1000736c       0x2e CMakeFiles/Ultrasonic.dir/C_/Users/Chervelle/.pico-sdk/sdk/2.2.0/lib/tinyusb/src/common/tusb_fifo.c.obj
                0x1000736c                tu_fifo_remaining
 .text.tu_fifo_read
                0x1000739a       0x42 CMakeFiles/Ultrasonic.dir/C_/Users/Chervelle/.pico-sdk/sdk/2.2.0/lib/tinyusb/src/common/tusb_fifo.c.obj
                0x1000739a                tu_fifo_read
 .text.tu_fifo_read_n
                0x100073dc        0xa CMakeFiles/Ultrasonic.dir/C_/Users/Chervelle/.pico-sdk/sdk/2.2.0/lib/tinyusb/src/common/tusb_fifo.c.obj
                0x100073dc                tu_fifo_read_n
 .text.tu_fifo_write
                0x100073e6       0x64 CMakeFiles/Ultrasonic.dir/C_/Users/Chervelle/.pico-sdk/sdk/2.2.0/lib/tinyusb/src/common/tusb_fifo.c.obj
                0x100073e6                tu_fifo_write
 .text.tu_fifo_write_n
                0x1000744a        0xa CMakeFiles/Ultrasonic.dir/C_/Users/Chervelle/.pico-sdk/sdk/2.2.0/lib/tinyusb/src/common/tusb_fifo.c.obj
                0x1000744a                tu_fifo_write_n
 .text.tu_fifo_clear
                0x10007454       0x3e CMakeFiles/Ultrasonic.dir/C_/Users/Chervelle/.pico-sdk/sdk/2.2.0/lib/tinyusb/src/common/tusb_fifo.c.obj
                0x10007454                tu_fifo_clear
 .text.tu_fifo_set_overwritable
                0x10007492       0x46 CMakeFiles/Ultrasonic.dir/C_/Users/Chervelle/.pico-sdk/sdk/2.2.0/lib/tinyusb/src/common/tusb_fifo.c.obj
                0x10007492                tu_fifo_set_overwritable
 .text.strlen   0x100074d8       0x5c C:/Users/Chervelle/.pico-sdk/toolchain/14_2_Rel1/bin/../lib/gcc/arm-none-eabi/14.2.1/thumb/v6-m/nofp\libg.a(libc_a-strlen-stub.o)
                0x100074d8                strlen
 *(.fini)
 .fini          0x10007534        0x4 C:/Users/Chervelle/.pico-sdk/toolchain/14_2_Rel1/bin/../lib/gcc/arm-none-eabi/14.2.1/thumb/v6-m/nofp/crti.o
                0x10007534                _fini
 .fini.__stub   0x10007538       0xd0 linker stubs
 *crtbegin.o(.ctors)
 *crtbegin?.o(.ctors)
 *(EXCLUDE_FILE(*crtend.o *crtend?.o) .ctors)
 *(SORT_BY_NAME(.ctors.*))
 *(.ctors)
 *crtbegin.o(.dtors)
 *crtbegin?.o(.dtors)
 *(EXCLUDE_FILE(*crtend.o *crtend?.o) .dtors)
 *(SORT_BY_NAME(.dtors.*))
 *(.dtors)
                0x10007608                        . = ALIGN (0x4)
                0x10007608                        PROVIDE (__preinit_array_start = .)
 *(SORT_BY_NAME(.preinit_array.*))
 .preinit_array.00100
                0x10007608        0x4 CMakeFiles/Ultrasonic.dir/C_/Users/Chervelle/.pico-sdk/sdk/2.2.0/src/rp2_common/pico_runtime_init/runtime_init.c.obj
                0x10007608                __pre_init_runtime_init_early_resets
 .preinit_array.00101
                0x1000760c        0x4 CMakeFiles/Ultrasonic.dir/C_/Users/Chervelle/.pico-sdk/sdk/2.2.0/src/rp2_common/pico_runtime_init/runtime_init.c.obj
                0x1000760c                __pre_init_runtime_init_usb_power_down
 .preinit_array.00275
                0x10007610        0x4 CMakeFiles/Ultrasonic.dir/C_/Users/Chervelle/.pico-sdk/sdk/2.2.0/src/rp2_common/pico_bit_ops/bit_ops_aeabi.S.obj
 .preinit_array.00300
                0x10007614        0x4 CMakeFiles/Ultrasonic.dir/C_/Users/Chervelle/.pico-sdk/sdk/2.2.0/src/rp2_common/pico_mem_ops/mem_ops_aeabi.S.obj
 .preinit_array.00350
                0x10007618        0x4 CMakeFiles/Ultrasonic.dir/C_/Users/Chervelle/.pico-sdk/sdk/2.2.0/src/rp2_common/pico_double/double_aeabi_rp2040.S.obj
 .preinit_array.00350
                0x1000761c        0x4 CMakeFiles/Ultrasonic.dir/C_/Users/Chervelle/.pico-sdk/sdk/2.2.0/src/rp2_common/pico_float/float_aeabi_rp2040.S.obj
 .preinit_array.00500
                0x10007620        0x4 CMakeFiles/Ultrasonic.dir/C_/Users/Chervelle/.pico-sdk/sdk/2.2.0/src/rp2_common/pico_runtime_init/runtime_init.c.obj
                0x10007620                __pre_init_runtime_init_clocks
 .preinit_array.00600
                0x10007624        0x4 CMakeFiles/Ultrasonic.dir/C_/Users/Chervelle/.pico-sdk/sdk/2.2.0/src/rp2_common/pico_runtime_init/runtime_init.c.obj
                0x10007624                __pre_init_runtime_init_post_clock_resets
 .preinit_array.00700
                0x10007628        0x4 CMakeFiles/Ultrasonic.dir/C_/Users/Chervelle/.pico-sdk/sdk/2.2.0/src/rp2_common/pico_runtime_init/runtime_init.c.obj
                0x10007628                __pre_init_runtime_init_rp2040_gpio_ie_disable
 .preinit_array.01000
                0x1000762c        0x4 CMakeFiles/Ultrasonic.dir/C_/Users/Chervelle/.pico-sdk/sdk/2.2.0/src/rp2_common/pico_runtime_init/runtime_init.c.obj
                0x1000762c                __pre_init_runtime_init_spin_locks_reset
 .preinit_array.01100
                0x10007630        0x4 CMakeFiles/Ultrasonic.dir/C_/Users/Chervelle/.pico-sdk/sdk/2.2.0/src/common/pico_sync/mutex.c.obj
                0x10007630                __pre_init_runtime_init_mutex
 .preinit_array.10080
                0x10007634        0x4 CMakeFiles/Ultrasonic.dir/C_/Users/Chervelle/.pico-sdk/sdk/2.2.0/src/rp2_common/pico_runtime_init/runtime_init.c.obj
                0x10007634                __pre_init_runtime_init_install_ram_vector_table
 .preinit_array.11000
                0x10007638        0x4 CMakeFiles/Ultrasonic.dir/C_/Users/Chervelle/.pico-sdk/sdk/2.2.0/src/common/pico_time/time.c.obj
                0x10007638                __pre_init_runtime_init_default_alarm_pool
 .preinit_array.YYYYY
                0x1000763c        0x4 CMakeFiles/Ultrasonic.dir/C_/Users/Chervelle/.pico-sdk/sdk/2.2.0/src/rp2_common/pico_runtime/runtime.c.obj
                0x1000763c                __pre_init_first_per_core_initializer
 .preinit_array.ZZZZZ.01200
                0x10007640        0x4 CMakeFiles/Ultrasonic.dir/C_/Users/Chervelle/.pico-sdk/sdk/2.2.0/src/rp2_common/hardware_irq/irq.c.obj
                0x10007640                __pre_init_runtime_init_per_core_irq_priorities
 *(.preinit_array)
                0x10007644                        PROVIDE (__preinit_array_end = .)
                0x10007644                        . = ALIGN (0x4)
                0x10007644                        PROVIDE (__init_array_start = .)
 *(SORT_BY_NAME(.init_array.*))
 .init_array.01000
                0x10007644        0x4 CMakeFiles/Ultrasonic.dir/C_/Users/Chervelle/.pico-sdk/sdk/2.2.0/src/rp2_common/pico_unique_id/unique_id.c.obj
 *(.init_array)
 .init_array    0x10007648        0x4 C:/Users/Chervelle/.pico-sdk/toolchain/14_2_Rel1/bin/../lib/gcc/arm-none-eabi/14.2.1/thumb/v6-m/nofp/crtbegin.o
                0x1000764c                        PROVIDE (__init_array_end = .)
                0x1000764c                        . = ALIGN (0x4)
                [!provide]                        PROVIDE (__fini_array_start = .)
 *(SORT_BY_NAME(.fini_array.*))
 *(.fini_array)
                [!provide]                        PROVIDE (__fini_array_end = .)
 *(.eh_frame*)
 .eh_frame      0x1000764c        0x0 C:/Users/Chervelle/.pico-sdk/toolchain/14_2_Rel1/bin/../lib/gcc/arm-none-eabi/14.2.1/thumb/v6-m/nofp/crtbegin.o
                0x1000764c                        . = ALIGN (0x4)

.glue_7         0x1000764c        0x0
 .glue_7        0x1000764c        0x0 linker stubs

.glue_7t        0x1000764c        0x0
 .glue_7t       0x1000764c        0x0 linker stubs

.vfp11_veneer   0x1000764c        0x0
 .vfp11_veneer  0x1000764c        0x0 linker stubs

.v4_bx          0x1000764c        0x0
 .v4_bx         0x1000764c        0x0 linker stubs

.iplt           0x1000764c        0x0
 .iplt          0x1000764c        0x0 C:/Users/Chervelle/.pico-sdk/toolchain/14_2_Rel1/bin/../lib/gcc/arm-none-eabi/14.2.1/thumb/v6-m/nofp/crtbegin.o

.rodata         0x10007650     0x1898
 *(EXCLUDE_FILE(*libm.a: *libc.a:*lib_a-mem*.o *libgcc.a:) .rodata*)
 .rodata.print_system_info.str1.4
                0x10007650     0x1087 CMakeFiles/Ultrasonic.dir/main.c.obj
                                0x18a (size before relaxing)
 .rodata.main.str1.4
                0x100086d7       0x7a CMakeFiles/Ultrasonic.dir/main.c.obj
 .rodata.scanner_perform_scan.str1.4
                0x100086d7      0x173 CMakeFiles/Ultrasonic.dir/obstacle_scanner.c.obj
 .rodata.scanner_print_results.str1.4
                0x100086d7       0xba CMakeFiles/Ultrasonic.dir/obstacle_scanner.c.obj
 .rodata.rp2040_chip_version.str1.4
                0x100086d7       0x81 CMakeFiles/Ultrasonic.dir/C_/Users/Chervelle/.pico-sdk/sdk/2.2.0/src/rp2040/pico_platform/platform.c.obj
 *fill*         0x100086d7        0x1 
 .rodata.__func__.0
                0x100086d8       0x14 CMakeFiles/Ultrasonic.dir/C_/Users/Chervelle/.pico-sdk/sdk/2.2.0/src/rp2040/pico_platform/platform.c.obj
 .rodata.panic.str1.4
                0x100086ec       0x12 CMakeFiles/Ultrasonic.dir/C_/Users/Chervelle/.pico-sdk/sdk/2.2.0/src/rp2_common/pico_platform_panic/panic.c.obj
 .rodata.spin_lock_claim_unused.str1.4
                0x100086ec       0x1b CMakeFiles/Ultrasonic.dir/C_/Users/Chervelle/.pico-sdk/sdk/2.2.0/src/rp2_common/hardware_sync/sync.c.obj
 .rodata.resolve_j_16.str1.4
                0x100086ec       0x61 CMakeFiles/Ultrasonic.dir/C_/Users/Chervelle/.pico-sdk/sdk/2.2.0/src/rp2_common/hardware_irq/irq.c.obj
 .rodata.make_j_16.str1.4
                0x100086ec       0x30 CMakeFiles/Ultrasonic.dir/C_/Users/Chervelle/.pico-sdk/sdk/2.2.0/src/rp2_common/hardware_irq/irq.c.obj
 .rodata.irq_set_exclusive_handler.str1.4
                0x100086ec       0x36 CMakeFiles/Ultrasonic.dir/C_/Users/Chervelle/.pico-sdk/sdk/2.2.0/src/rp2_common/hardware_irq/irq.c.obj
 .rodata.irq_add_shared_handler.str1.4
                0x100086ec       0xd2 CMakeFiles/Ultrasonic.dir/C_/Users/Chervelle/.pico-sdk/sdk/2.2.0/src/rp2_common/hardware_irq/irq.c.obj
 .rodata.irq_add_tail_to_free_list.str1.4
                0x100086ec       0x3a CMakeFiles/Ultrasonic.dir/C_/Users/Chervelle/.pico-sdk/sdk/2.2.0/src/rp2_common/hardware_irq/irq.c.obj
 .rodata.user_irq_claim_unused.str1.4
                0x100086ec       0x1b CMakeFiles/Ultrasonic.dir/C_/Users/Chervelle/.pico-sdk/sdk/2.2.0/src/rp2_common/hardware_irq/irq.c.obj
 .rodata.__func__.0
                0x100086ec       0x1a CMakeFiles/Ultrasonic.dir/C_/Users/Chervelle/.pico-sdk/sdk/2.2.0/src/rp2_common/hardware_irq/irq.c.obj
 *fill*         0x10008706        0x2 
 .rodata.__func__.3
                0x10008708        0xa CMakeFiles/Ultrasonic.dir/C_/Users/Chervelle/.pico-sdk/sdk/2.2.0/src/rp2_common/hardware_irq/irq.c.obj
 *fill*         0x10008712        0x2 
 .rodata.__func__.4
                0x10008714        0xd CMakeFiles/Ultrasonic.dir/C_/Users/Chervelle/.pico-sdk/sdk/2.2.0/src/rp2_common/hardware_irq/irq.c.obj
 *fill*         0x10008721        0x3 
 .rodata.__func__.5
                0x10008724       0x17 CMakeFiles/Ultrasonic.dir/C_/Users/Chervelle/.pico-sdk/sdk/2.2.0/src/rp2_common/hardware_irq/irq.c.obj
 *fill*         0x1000873b        0x1 
 .rodata.__func__.6
                0x1000873c       0x1a CMakeFiles/Ultrasonic.dir/C_/Users/Chervelle/.pico-sdk/sdk/2.2.0/src/rp2_common/hardware_irq/irq.c.obj
 .rodata.runtime_init_mutex.str1.4
                0x10008756       0x64 CMakeFiles/Ultrasonic.dir/C_/Users/Chervelle/.pico-sdk/sdk/2.2.0/src/common/pico_sync/mutex.c.obj
 .rodata.str1.4
                0x10008756       0x51 CMakeFiles/Ultrasonic.dir/C_/Users/Chervelle/.pico-sdk/sdk/2.2.0/src/common/pico_sync/mutex.c.obj
 *fill*         0x10008756        0x2 
 .rodata.__func__.1
                0x10008758        0xb CMakeFiles/Ultrasonic.dir/C_/Users/Chervelle/.pico-sdk/sdk/2.2.0/src/common/pico_sync/mutex.c.obj
 *fill*         0x10008763        0x1 
 .rodata.__func__.3
                0x10008764       0x18 CMakeFiles/Ultrasonic.dir/C_/Users/Chervelle/.pico-sdk/sdk/2.2.0/src/common/pico_sync/mutex.c.obj
 .rodata.__func__.6
                0x1000877c       0x13 CMakeFiles/Ultrasonic.dir/C_/Users/Chervelle/.pico-sdk/sdk/2.2.0/src/common/pico_sync/mutex.c.obj
 .rodata.alarm_pool_irq_handler.str1.4
                0x1000878f       0x6f CMakeFiles/Ultrasonic.dir/C_/Users/Chervelle/.pico-sdk/sdk/2.2.0/src/common/pico_time/time.c.obj
 .rodata.alarm_pool_get_default.str1.4
                0x1000878f       0x21 CMakeFiles/Ultrasonic.dir/C_/Users/Chervelle/.pico-sdk/sdk/2.2.0/src/common/pico_time/time.c.obj
 .rodata.sleep_until.str1.4
                0x1000878f       0x4d CMakeFiles/Ultrasonic.dir/C_/Users/Chervelle/.pico-sdk/sdk/2.2.0/src/common/pico_time/time.c.obj
 *fill*         0x1000878f        0x1 
 .rodata.__func__.1
                0x10008790       0x17 CMakeFiles/Ultrasonic.dir/C_/Users/Chervelle/.pico-sdk/sdk/2.2.0/src/common/pico_time/time.c.obj
 *fill*         0x100087a7        0x1 
 .rodata.__func__.2
                0x100087a8       0x17 CMakeFiles/Ultrasonic.dir/C_/Users/Chervelle/.pico-sdk/sdk/2.2.0/src/common/pico_time/time.c.obj
 .rodata.timer_hardware_alarm_claim.str1.4
                0x100087bf       0x22 CMakeFiles/Ultrasonic.dir/C_/Users/Chervelle/.pico-sdk/sdk/2.2.0/src/rp2_common/hardware_timer/timer.c.obj
 .rodata.pll_init.str1.4
                0x100087bf      0x120 CMakeFiles/Ultrasonic.dir/C_/Users/Chervelle/.pico-sdk/sdk/2.2.0/src/rp2_common/hardware_pll/pll.c.obj
 *fill*         0x100087bf        0x1 
 .rodata.__func__.0
                0x100087c0        0x9 CMakeFiles/Ultrasonic.dir/C_/Users/Chervelle/.pico-sdk/sdk/2.2.0/src/rp2_common/hardware_pll/pll.c.obj
 .rodata.__aeabi_double_init.str1.4
                0x100087c9       0x9f CMakeFiles/Ultrasonic.dir/C_/Users/Chervelle/.pico-sdk/sdk/2.2.0/src/rp2_common/pico_double/double_init_rom_rp2040.c.obj
 *fill*         0x100087c9        0x3 
 .rodata.__func__.0
                0x100087cc       0x14 CMakeFiles/Ultrasonic.dir/C_/Users/Chervelle/.pico-sdk/sdk/2.2.0/src/rp2_common/pico_double/double_init_rom_rp2040.c.obj
 .rodata.__aeabi_float_init.str1.4
                0x100087e0       0x91 CMakeFiles/Ultrasonic.dir/C_/Users/Chervelle/.pico-sdk/sdk/2.2.0/src/rp2_common/pico_float/float_init_rom_rp2040.c.obj
 .rodata.__func__.0
                0x100087e0       0x13 CMakeFiles/Ultrasonic.dir/C_/Users/Chervelle/.pico-sdk/sdk/2.2.0/src/rp2_common/pico_float/float_init_rom_rp2040.c.obj
 .rodata.str1.4
                0x100087f3       0x40 CMakeFiles/Ultrasonic.dir/C_/Users/Chervelle/.pico-sdk/sdk/2.2.0/src/rp2_common/pico_standard_binary_info/standard_binary_info.c.obj
 *fill*         0x100087f3        0x1 
 .rodata.__bi_84
                0x100087f4        0xc CMakeFiles/Ultrasonic.dir/C_/Users/Chervelle/.pico-sdk/sdk/2.2.0/src/rp2_common/pico_standard_binary_info/standard_binary_info.c.obj
 .rodata.__bi_78
                0x10008800        0xc CMakeFiles/Ultrasonic.dir/C_/Users/Chervelle/.pico-sdk/sdk/2.2.0/src/rp2_common/pico_standard_binary_info/standard_binary_info.c.obj
 .rodata.__bi_54
                0x1000880c        0xc CMakeFiles/Ultrasonic.dir/C_/Users/Chervelle/.pico-sdk/sdk/2.2.0/src/rp2_common/pico_standard_binary_info/standard_binary_info.c.obj
 .rodata.__bi_48
                0x10008818        0xc CMakeFiles/Ultrasonic.dir/C_/Users/Chervelle/.pico-sdk/sdk/2.2.0/src/rp2_common/pico_standard_binary_info/standard_binary_info.c.obj
 .rodata.__bi_42
                0x10008824        0xc CMakeFiles/Ultrasonic.dir/C_/Users/Chervelle/.pico-sdk/sdk/2.2.0/src/rp2_common/pico_standard_binary_info/standard_binary_info.c.obj
 .rodata.__bi_34
                0x10008830        0xc CMakeFiles/Ultrasonic.dir/C_/Users/Chervelle/.pico-sdk/sdk/2.2.0/src/rp2_common/pico_standard_binary_info/standard_binary_info.c.obj
 .rodata.__bi_26
                0x1000883c        0xc CMakeFiles/Ultrasonic.dir/C_/Users/Chervelle/.pico-sdk/sdk/2.2.0/src/rp2_common/pico_standard_binary_info/standard_binary_info.c.obj
 .rodata._ftoa.str1.4
                0x10008848       0x15 CMakeFiles/Ultrasonic.dir/C_/Users/Chervelle/.pico-sdk/sdk/2.2.0/src/rp2_common/pico_printf/printf.c.obj
 .rodata._vsnprintf
                0x10008848      0x19c CMakeFiles/Ultrasonic.dir/C_/Users/Chervelle/.pico-sdk/sdk/2.2.0/src/rp2_common/pico_printf/printf.c.obj
 *fill*         0x100089e4        0x4 
 .rodata.pow10.0
                0x100089e8       0x50 CMakeFiles/Ultrasonic.dir/C_/Users/Chervelle/.pico-sdk/sdk/2.2.0/src/rp2_common/pico_printf/printf.c.obj
 .rodata.__assert_func.str1.4
                0x10008a38       0x43 CMakeFiles/Ultrasonic.dir/C_/Users/Chervelle/.pico-sdk/sdk/2.2.0/src/rp2_common/pico_clib_interface/newlib_interface.c.obj
 .rodata.crlf_str.0
                0x10008a38        0x2 CMakeFiles/Ultrasonic.dir/C_/Users/Chervelle/.pico-sdk/sdk/2.2.0/src/rp2_common/pico_stdio/stdio.c.obj
 *fill*         0x10008a3a        0x2 
 .rodata._resetd_driver
                0x10008a3c       0x20 CMakeFiles/Ultrasonic.dir/C_/Users/Chervelle/.pico-sdk/sdk/2.2.0/src/rp2_common/pico_stdio_usb/reset_interface.c.obj
 .rodata.desc_ms_os_20
                0x10008a5c       0xa6 CMakeFiles/Ultrasonic.dir/C_/Users/Chervelle/.pico-sdk/sdk/2.2.0/src/rp2_common/pico_stdio_usb/reset_interface.c.obj
 *fill*         0x10008b02        0x2 
 .rodata.desc_bos
                0x10008b04       0x21 CMakeFiles/Ultrasonic.dir/C_/Users/Chervelle/.pico-sdk/sdk/2.2.0/src/rp2_common/pico_stdio_usb/reset_interface.c.obj
                0x10008b04                desc_bos
 .rodata.stdio_usb_init.str1.4
                0x10008b25       0x59 CMakeFiles/Ultrasonic.dir/C_/Users/Chervelle/.pico-sdk/sdk/2.2.0/src/rp2_common/pico_stdio_usb/stdio_usb.c.obj
 .rodata.str1.4
                0x10008b25       0x13 CMakeFiles/Ultrasonic.dir/C_/Users/Chervelle/.pico-sdk/sdk/2.2.0/src/rp2_common/pico_stdio_usb/stdio_usb.c.obj
 *fill*         0x10008b25        0x3 
 .rodata.__bi_202.1
                0x10008b28        0xc CMakeFiles/Ultrasonic.dir/C_/Users/Chervelle/.pico-sdk/sdk/2.2.0/src/rp2_common/pico_stdio_usb/stdio_usb.c.obj
 .rodata.__func__.2
                0x10008b34        0xf CMakeFiles/Ultrasonic.dir/C_/Users/Chervelle/.pico-sdk/sdk/2.2.0/src/rp2_common/pico_stdio_usb/stdio_usb.c.obj
 .rodata.str1.4
                0x10008b43       0x2a CMakeFiles/Ultrasonic.dir/C_/Users/Chervelle/.pico-sdk/sdk/2.2.0/src/rp2_common/pico_stdio_usb/stdio_usb_descriptors.c.obj
 *fill*         0x10008b43        0x1 
 .rodata.usbd_desc_str
                0x10008b44       0x18 CMakeFiles/Ultrasonic.dir/C_/Users/Chervelle/.pico-sdk/sdk/2.2.0/src/rp2_common/pico_stdio_usb/stdio_usb_descriptors.c.obj
 .rodata.usbd_desc_cfg
                0x10008b5c       0x54 CMakeFiles/Ultrasonic.dir/C_/Users/Chervelle/.pico-sdk/sdk/2.2.0/src/rp2_common/pico_stdio_usb/stdio_usb_descriptors.c.obj
 .rodata.usbd_desc_device
                0x10008bb0       0x12 CMakeFiles/Ultrasonic.dir/C_/Users/Chervelle/.pico-sdk/sdk/2.2.0/src/rp2_common/pico_stdio_usb/stdio_usb_descriptors.c.obj
 .rodata.pico_get_unique_board_id_string.str1.4
                0x10008bc2       0x59 CMakeFiles/Ultrasonic.dir/C_/Users/Chervelle/.pico-sdk/sdk/2.2.0/src/rp2_common/pico_unique_id/unique_id.c.obj
 *fill*         0x10008bc2        0x2 
 .rodata.__func__.0
                0x10008bc4       0x20 CMakeFiles/Ultrasonic.dir/C_/Users/Chervelle/.pico-sdk/sdk/2.2.0/src/rp2_common/pico_unique_id/unique_id.c.obj
 .rodata.str1.4
                0x10008be4      0x209 CMakeFiles/Ultrasonic.dir/C_/Users/Chervelle/.pico-sdk/sdk/2.2.0/src/rp2_common/hardware_flash/flash.c.obj
 .rodata.__func__.0
                0x10008be4        0xd CMakeFiles/Ultrasonic.dir/C_/Users/Chervelle/.pico-sdk/sdk/2.2.0/src/rp2_common/hardware_flash/flash.c.obj
 .rodata.hw_endpoint_alloc.str1.4
                0x10008bf1       0xa4 CMakeFiles/Ultrasonic.dir/C_/Users/Chervelle/.pico-sdk/sdk/2.2.0/lib/tinyusb/src/portable/raspberrypi/rp2040/dcd_rp2040.c.obj
 .rodata.str1.4
                0x10008bf1       0x14 CMakeFiles/Ultrasonic.dir/C_/Users/Chervelle/.pico-sdk/sdk/2.2.0/lib/tinyusb/src/portable/raspberrypi/rp2040/dcd_rp2040.c.obj
 .rodata.dcd_int_enable.str1.4
                0x10008bf1        0xc CMakeFiles/Ultrasonic.dir/C_/Users/Chervelle/.pico-sdk/sdk/2.2.0/lib/tinyusb/src/portable/raspberrypi/rp2040/dcd_rp2040.c.obj
 *fill*         0x10008bf1        0x3 
 .rodata.__func__.0
                0x10008bf4        0xe CMakeFiles/Ultrasonic.dir/C_/Users/Chervelle/.pico-sdk/sdk/2.2.0/lib/tinyusb/src/portable/raspberrypi/rp2040/dcd_rp2040.c.obj
 *fill*         0x10008c02        0x2 
 .rodata.__func__.3
                0x10008c04       0x10 CMakeFiles/Ultrasonic.dir/C_/Users/Chervelle/.pico-sdk/sdk/2.2.0/lib/tinyusb/src/portable/raspberrypi/rp2040/dcd_rp2040.c.obj
 .rodata.__func__.5
                0x10008c14        0xf CMakeFiles/Ultrasonic.dir/C_/Users/Chervelle/.pico-sdk/sdk/2.2.0/lib/tinyusb/src/portable/raspberrypi/rp2040/dcd_rp2040.c.obj
 *fill*         0x10008c23        0x1 
 .rodata.__func__.6
                0x10008c24       0x12 CMakeFiles/Ultrasonic.dir/C_/Users/Chervelle/.pico-sdk/sdk/2.2.0/lib/tinyusb/src/portable/raspberrypi/rp2040/dcd_rp2040.c.obj
 *fill*         0x10008c36        0x2 
 .rodata.__func__.7
                0x10008c38        0x9 CMakeFiles/Ultrasonic.dir/C_/Users/Chervelle/.pico-sdk/sdk/2.2.0/lib/tinyusb/src/portable/raspberrypi/rp2040/dcd_rp2040.c.obj
 .rodata.str1.4
                0x10008c41       0xe8 CMakeFiles/Ultrasonic.dir/C_/Users/Chervelle/.pico-sdk/sdk/2.2.0/lib/tinyusb/src/portable/raspberrypi/rp2040/rp2040_usb.c.obj
 .rodata.hw_endpoint_xfer_start.str1.4
                0x10008c41       0x38 CMakeFiles/Ultrasonic.dir/C_/Users/Chervelle/.pico-sdk/sdk/2.2.0/lib/tinyusb/src/portable/raspberrypi/rp2040/rp2040_usb.c.obj
 *fill*         0x10008c41        0x3 
 .rodata.__func__.0
                0x10008c44        0xf CMakeFiles/Ultrasonic.dir/C_/Users/Chervelle/.pico-sdk/sdk/2.2.0/lib/tinyusb/src/portable/raspberrypi/rp2040/rp2040_usb.c.obj
 .rodata.configuration_reset.str1.4
                0x10008c53       0x17 CMakeFiles/Ultrasonic.dir/C_/Users/Chervelle/.pico-sdk/sdk/2.2.0/lib/tinyusb/src/device/usbd.c.obj
 *fill*         0x10008c53        0x1 
 .rodata.process_get_descriptor
                0x10008c54       0x40 CMakeFiles/Ultrasonic.dir/C_/Users/Chervelle/.pico-sdk/sdk/2.2.0/lib/tinyusb/src/device/usbd.c.obj
 .rodata        0x10008c94       0x1c CMakeFiles/Ultrasonic.dir/C_/Users/Chervelle/.pico-sdk/sdk/2.2.0/lib/tinyusb/src/device/usbd.c.obj
 .rodata.process_control_request
                0x10008cb0       0x28 CMakeFiles/Ultrasonic.dir/C_/Users/Chervelle/.pico-sdk/sdk/2.2.0/lib/tinyusb/src/device/usbd.c.obj
 .rodata.tud_task_ext
                0x10008cd8       0x24 CMakeFiles/Ultrasonic.dir/C_/Users/Chervelle/.pico-sdk/sdk/2.2.0/lib/tinyusb/src/device/usbd.c.obj
 .rodata.__func__.3
                0x10008cfc        0xf CMakeFiles/Ultrasonic.dir/C_/Users/Chervelle/.pico-sdk/sdk/2.2.0/lib/tinyusb/src/device/usbd.c.obj
 *fill*         0x10008d0b        0x1 
 .rodata.__func__.4
                0x10008d0c        0xf CMakeFiles/Ultrasonic.dir/C_/Users/Chervelle/.pico-sdk/sdk/2.2.0/lib/tinyusb/src/device/usbd.c.obj
 *fill*         0x10008d1b        0x1 
 .rodata.__func__.5
                0x10008d1c       0x14 CMakeFiles/Ultrasonic.dir/C_/Users/Chervelle/.pico-sdk/sdk/2.2.0/lib/tinyusb/src/device/usbd.c.obj
 .rodata.__func__.6
                0x10008d30        0xc CMakeFiles/Ultrasonic.dir/C_/Users/Chervelle/.pico-sdk/sdk/2.2.0/lib/tinyusb/src/device/usbd.c.obj
 .rodata.__func__.7
                0x10008d3c       0x17 CMakeFiles/Ultrasonic.dir/C_/Users/Chervelle/.pico-sdk/sdk/2.2.0/lib/tinyusb/src/device/usbd.c.obj
 *fill*         0x10008d53        0x1 
 .rodata.__func__.8
                0x10008d54       0x13 CMakeFiles/Ultrasonic.dir/C_/Users/Chervelle/.pico-sdk/sdk/2.2.0/lib/tinyusb/src/device/usbd.c.obj
 *fill*         0x10008d67        0x1 
 .rodata.__func__.9
                0x10008d68       0x18 CMakeFiles/Ultrasonic.dir/C_/Users/Chervelle/.pico-sdk/sdk/2.2.0/lib/tinyusb/src/device/usbd.c.obj
 .rodata.__func__.10
                0x10008d80       0x14 CMakeFiles/Ultrasonic.dir/C_/Users/Chervelle/.pico-sdk/sdk/2.2.0/lib/tinyusb/src/device/usbd.c.obj
 .rodata.__func__.11
                0x10008d94        0xd CMakeFiles/Ultrasonic.dir/C_/Users/Chervelle/.pico-sdk/sdk/2.2.0/lib/tinyusb/src/device/usbd.c.obj
 *fill*         0x10008da1        0x3 
 .rodata.__func__.12
                0x10008da4       0x10 CMakeFiles/Ultrasonic.dir/C_/Users/Chervelle/.pico-sdk/sdk/2.2.0/lib/tinyusb/src/device/usbd.c.obj
 .rodata._usbd_driver
                0x10008db4       0x40 CMakeFiles/Ultrasonic.dir/C_/Users/Chervelle/.pico-sdk/sdk/2.2.0/lib/tinyusb/src/device/usbd.c.obj
 .rodata.tud_control_xfer.str1.4
                0x10008df4       0x17 CMakeFiles/Ultrasonic.dir/C_/Users/Chervelle/.pico-sdk/sdk/2.2.0/lib/tinyusb/src/device/usbd_control.c.obj
 .rodata.__func__.0
                0x10008df4       0x15 CMakeFiles/Ultrasonic.dir/C_/Users/Chervelle/.pico-sdk/sdk/2.2.0/lib/tinyusb/src/device/usbd_control.c.obj
 *fill*         0x10008e09        0x3 
 .rodata.__func__.1
                0x10008e0c       0x11 CMakeFiles/Ultrasonic.dir/C_/Users/Chervelle/.pico-sdk/sdk/2.2.0/lib/tinyusb/src/device/usbd_control.c.obj