Archive member included to satisfy reference by file (symbol)

C:/Users/Chervelle/.pico-sdk/toolchain/14_2_Rel1/bin/../lib/gcc/arm-none-eabi/14.2.1/thumb/v6-m/nofp\libgcc.a(_dvmd_tls.o)
                              CMakeFiles/Ultrasonic.dir/C_/Users/Chervelle/.pico-sdk/sdk/2.2.0/src/rp2_common/pico_divider/divider_hardware.S.obj (__aeabi_idiv0)
C:/Users/Chervelle/.pico-sdk/toolchain/14_2_Rel1/bin/../lib/gcc/arm-none-eabi/14.2.1/thumb/v6-m/nofp\libg.a(libc_a-calloc.o)
                              CMakeFiles/Ultrasonic.dir/C_/Users/Chervelle/.pico-sdk/sdk/2.2.0/src/rp2_common/pico_malloc/malloc.c.obj (calloc)
C:/Users/Chervelle/.pico-sdk/toolchain/14_2_Rel1/bin/../lib/gcc/arm-none-eabi/14.2.1/thumb/v6-m/nofp\libg.a(libc_a-callocr.o)
                              C:/Users/Chervelle/.pico-sdk/toolchain/14_2_Rel1/bin/../lib/gcc/arm-none-eabi/14.2.1/thumb/v6-m/nofp\libg.a(libc_a-calloc.o) (_calloc_r)
C:/Users/Chervelle/.pico-sdk/toolchain/14_2_Rel1/bin/../lib/gcc/arm-none-eabi/14.2.1/thumb/v6-m/nofp\libg.a(libc_a-malloc.o)
                              CMakeFiles/Ultrasonic.dir/C_/Users/Chervelle/.pico-sdk/sdk/2.2.0/src/rp2_common/pico_malloc/malloc.c.obj (malloc)
C:/Users/Chervelle/.pico-sdk/toolchain/14_2_Rel1/bin/../lib/gcc/arm-none-eabi/14.2.1/thumb/v6-m/nofp\libg.a(libc_a-mallocr.o)
                              C:/Users/Chervelle/.pico-sdk/toolchain/14_2_Rel1/bin/../lib/gcc/arm-none-eabi/14.2.1/thumb/v6-m/nofp\libg.a(libc_a-callocr.o) (_malloc_r)
C:/Users/Chervelle/.pico-sdk/toolchain/14_2_Rel1/bin/../lib/gcc/arm-none-eabi/14.2.1/thumb/v6-m/nofp\libg.a(libc_a-mlock.o)
                              C:/Users/Chervelle/.pico-sdk/toolchain/14_2_Rel1/bin/../lib/gcc/arm-none-eabi/14.2.1/thumb/v6-m/nofp\libg.a(libc_a-mallocr.o) (__malloc_lock)
C:/Users/Chervelle/.pico-sdk/toolchain/14_2_Rel1/bin/../lib/gcc/arm-none-eabi/14.2.1/thumb/v6-m/nofp\libg.a(libc_a-realloc.o)
                              CMakeFiles/Ultrasonic.dir/C_/Users/Chervelle/.pico-sdk/sdk/2.2.0/src/rp2_common/pico_malloc/malloc.c.obj (realloc)
C:/Users/Chervelle/.pico-sdk/toolchain/14_2_Rel1/bin/../lib/gcc/arm-none-eabi/14.2.1/thumb/v6-m/nofp\libg.a(libc_a-reallocr.o)
                              C:/Users/Chervelle/.pico-sdk/toolchain/14_2_Rel1/bin/../lib/gcc/arm-none-eabi/14.2.1/thumb/v6-m/nofp\libg.a(libc_a-realloc.o) (_realloc_r)
C:/Users/Chervelle/.pico-sdk/toolchain/14_2_Rel1/bin/../lib/gcc/arm-none-eabi/14.2.1/thumb/v6-m/nofp\libg.a(libc_a-ctype_.o)
                              CMakeFiles/Ultrasonic.dir/C_/Users/Chervelle/.pico-sdk/sdk/2.2.0/lib/tinyusb/src/tusb.c.obj (_ctype_)
C:/Users/Chervelle/.pico-sdk/toolchain/14_2_Rel1/bin/../lib/gcc/arm-none-eabi/14.2.1/thumb/v6-m/nofp\libg.a(libc_a-memcmp.o)
                              CMakeFiles/Ultrasonic.dir/C_/Users/Chervelle/.pico-sdk/sdk/2.2.0/src/rp2_common/pico_atomic/atomic.c.obj (memcmp)
C:/Users/Chervelle/.pico-sdk/toolchain/14_2_Rel1/bin/../lib/gcc/arm-none-eabi/14.2.1/thumb/v6-m/nofp\libg.a(libc_a-memmove.o)
                              C:/Users/Chervelle/.pico-sdk/toolchain/14_2_Rel1/bin/../lib/gcc/arm-none-eabi/14.2.1/thumb/v6-m/nofp\libg.a(libc_a-reallocr.o) (memmove)
C:/Users/Chervelle/.pico-sdk/toolchain/14_2_Rel1/bin/../lib/gcc/arm-none-eabi/14.2.1/thumb/v6-m/nofp\libg.a(libc_a-lcltime_r.o)
                              CMakeFiles/Ultrasonic.dir/C_/Users/Chervelle/.pico-sdk/sdk/2.2.0/src/common/pico_util/datetime.c.obj (localtime_r)
C:/Users/Chervelle/.pico-sdk/toolchain/14_2_Rel1/bin/../lib/gcc/arm-none-eabi/14.2.1/thumb/v6-m/nofp\libg.a(libc_a-mktime.o)
                              CMakeFiles/Ultrasonic.dir/C_/Users/Chervelle/.pico-sdk/sdk/2.2.0/src/common/pico_util/datetime.c.obj (mktime)
C:/Users/Chervelle/.pico-sdk/toolchain/14_2_Rel1/bin/../lib/gcc/arm-none-eabi/14.2.1/thumb/v6-m/nofp\libg.a(libc_a-month_lengths.o)
                              C:/Users/Chervelle/.pico-sdk/toolchain/14_2_Rel1/bin/../lib/gcc/arm-none-eabi/14.2.1/thumb/v6-m/nofp\libg.a(libc_a-lcltime_r.o) (__month_lengths)
C:/Users/Chervelle/.pico-sdk/toolchain/14_2_Rel1/bin/../lib/gcc/arm-none-eabi/14.2.1/thumb/v6-m/nofp\libg.a(libc_a-tzcalc_limits.o)
                              C:/Users/Chervelle/.pico-sdk/toolchain/14_2_Rel1/bin/../lib/gcc/arm-none-eabi/14.2.1/thumb/v6-m/nofp\libg.a(libc_a-lcltime_r.o) (__tzcalc_limits)
C:/Users/Chervelle/.pico-sdk/toolchain/14_2_Rel1/bin/../lib/gcc/arm-none-eabi/14.2.1/thumb/v6-m/nofp\libg.a(libc_a-tzlock.o)
                              C:/Users/Chervelle/.pico-sdk/toolchain/14_2_Rel1/bin/../lib/gcc/arm-none-eabi/14.2.1/thumb/v6-m/nofp\libg.a(libc_a-lcltime_r.o) (__tz_lock)
C:/Users/Chervelle/.pico-sdk/toolchain/14_2_Rel1/bin/../lib/gcc/arm-none-eabi/14.2.1/thumb/v6-m/nofp\libg.a(libc_a-tzset.o)
                              C:/Users/Chervelle/.pico-sdk/toolchain/14_2_Rel1/bin/../lib/gcc/arm-none-eabi/14.2.1/thumb/v6-m/nofp\libg.a(libc_a-lcltime_r.o) (_tzset_unlocked)
[...]
Memory Configuration

Name             Origin             Length             Attributes
FLASH            0x10000000         0x00200000         xr
RAM              0x20000000         0x00040000         xrw
SCRATCH_X        0x20040000         0x00001000         xrw
SCRATCH_Y        0x20041000         0x00001000         xrw
*default*        0x00000000         0xffffffff

Linker script and memory map

LOAD C:/Users/Chervelle/.pico-sdk/toolchain/14_2_Rel1/bin/../lib/gcc/arm-none-eabi/14.2.1/thumb/v6-m/nofp/crti.o
LOAD C:/Users/Chervelle/.pico-sdk/toolchain/14_2_Rel1/bin/../lib/gcc/arm-none-eabi/14.2.1/thumb/v6-m/nofp/crtbegin.o
LOAD C:/Users/Chervelle/.pico-sdk/toolchain/14_2_Rel1/bin/../lib/gcc/arm-none-eabi/14.2.1/thumb/v6-m/nofp/crt0.o

.flash_begin    0x10000000        0x0
                0x10000000                        __flash_binary_start = .

.boot2          0x10000000      0x100
                0x10000000                        __boot2_start__ = .
 *(.boot2)
 .boot2         0x10000000      0x100 pico-sdk/src/rp2040/boot_stage2/CMakeFiles/bs2_default_library.dir/./bs2_default_padded_checksummed.S.obj
                0x10000100                        __boot2_end__ = .
                0x00000001                        ASSERT (((__boot2_end__ - __boot2_start__) == 0x100), ERROR: Pico second stage bootloader must be 256 bytes in size)

.text           0x10000100     0x72c4
                0x10000100                        __logical_binary_start = .
 *(.vectors)
 .vectors       0x10000100       0xd4 CMakeFiles/Ultrasonic.dir/C_/Users/Chervelle/.pico-sdk/sdk/2.2.0/src/rp2_common/pico_crt0/crt0.S.obj
                0x10000100                __VECTOR_TABLE
                0x10000100                __vectors
                0x100001c0                isr_irq13
                0x100001c0                isr_irq27
                0x100001c0                isr_irq31
                0x100001c0                isr_irq12
                0x100001c0                isr_irq5
                0x100001c0                isr_irq11
                0x100001c0                isr_irq3
                0x100001c0                isr_irq23
                0x100001c0                __unhandled_user_irq
                0x100001c0                isr_irq26
                0x100001c0                isr_irq28
                0x100001c0                isr_irq19
                0x100001c0                isr_irq0
                0x100001c0                isr_irq6
                0x100001c0                isr_irq29
                0x100001c0                isr_irq16
                0x100001c0                isr_irq22
                0x100001c0                isr_irq18
                0x100001c0                isr_irq17
                0x100001c0                isr_irq14
                0x100001c0                __vectors_end
                0x100001c0                __default_isrs_start
                0x100001c0                isr_irq2
                0x100001c0                isr_irq10
                0x100001c0                isr_irq8
                0x100001c0                isr_irq24
                0x100001c0                isr_irq1
                0x100001c0                isr_irq7
                0x100001c0                isr_irq21
                0x100001c0                isr_irq20
                0x100001c0                isr_irq15
                0x100001c0                isr_irq25
                0x100001c0                isr_irq4
                0x100001c0                isr_irq30
                0x100001c0                isr_irq9
                0x100001c6                unhandled_user_irq_num_in_r0
                0x100001c8                isr_invalid
                0x100001ca                isr_nmi
                0x100001cc                isr_hardfault
                0x100001ce                isr_svcall
                0x100001d0                isr_pendsv
                0x100001d2                isr_systick
                0x100001d4                __default_isrs_end
 *(.binary_info_header)
 .binary_info_header
                0x100001d4       0x14 CMakeFiles/Ultrasonic.dir/C_/Users/Chervelle/.pico-sdk/sdk/2.2.0/src/rp2_common/pico_crt0/crt0.S.obj
                0x100001e8                        __binary_info_header_end = .
 *(.embedded_block)
                0x100001e8                        __embedded_block_end = .
 *(.reset)
 .reset         0x100001e8       0x9c CMakeFiles/Ultrasonic.dir/C_/Users/Chervelle/.pico-sdk/sdk/2.2.0/src/rp2_common/pico_crt0/crt0.S.obj
                0x100001e8                _entry_point
 *(.init)
 .init          0x10000284        0x4 C:/Users/Chervelle/.pico-sdk/toolchain/14_2_Rel1/bin/../lib/gcc/arm-none-eabi/14.2.1/thumb/v6-m/nofp/crti.o
                0x10000284                _init
 *(EXCLUDE_FILE(*libm.a: *libc.a:*lib_a-mem*.o *libgcc.a:) .text*)
 .text.register_tm_clones
                0x10000288       0x28 C:/Users/Chervelle/.pico-sdk/toolchain/14_2_Rel1/bin/../lib/gcc/arm-none-eabi/14.2.1/thumb/v6-m/nofp/crtbegin.o
 .text.frame_dummy
                0x100002b0       0x24 C:/Users/Chervelle/.pico-sdk/toolchain/14_2_Rel1/bin/../lib/gcc/arm-none-eabi/14.2.1/thumb/v6-m/nofp/crtbegin.o
 .text.pwm_set_chan_level
                0x100002d4       0x38 CMakeFiles/Ultrasonic.dir/main.c.obj
 .text.setupUltrasonicPins
                0x1000030c       0x22 CMakeFiles/Ultrasonic.dir/main.c.obj
                0x1000030c                setupUltrasonicPins
 *fill*         0x1000032e        0x2 
 .text.setupServo
                0x10000330       0x74 CMakeFiles/Ultrasonic.dir/main.c.obj
                0x10000330                setupServo
 .text.setServoAngle
                0x100003a4       0x54 CMakeFiles/Ultrasonic.dir/main.c.obj
                0x100003a4                setServoAngle
 .text.getPulse
                0x100003f8       0xa0 CMakeFiles/Ultrasonic.dir/main.c.obj
                0x100003f8                getPulse
 .text.getCm    0x10000498       0x5c CMakeFiles/Ultrasonic.dir/main.c.obj
                0x10000498                getCm
 .text.calculateObstacleWidth
                0x100004f4       0x4c CMakeFiles/Ultrasonic.dir/main.c.obj
                0x100004f4                calculateObstacleWidth
 .text.scanForObstacles
                0x10000540      0x310 CMakeFiles/Ultrasonic.dir/main.c.obj
                0x10000540                scanForObstacles
 .text.main     0x10000850      0x110 CMakeFiles/Ultrasonic.dir/main.c.obj
                0x10000850                main
 .text.gpio_set_function
                0x10000960       0x34 CMakeFiles/Ultrasonic.dir/C_/Users/Chervelle/.pico-sdk/sdk/2.2.0/src/rp2_common/hardware_gpio/gpio.c.obj
                0x10000960                gpio_set_function
 .text.gpio_init
                0x10000994       0x16 CMakeFiles/Ultrasonic.dir/C_/Users/Chervelle/.pico-sdk/sdk/2.2.0/src/rp2_common/hardware_gpio/gpio.c.obj
                0x10000994                gpio_init
 *fill*         0x100009aa        0x2 
 .text.rp2040_chip_version
                0x100009ac       0x54 CMakeFiles/Ultrasonic.dir/C_/Users/Chervelle/.pico-sdk/sdk/2.2.0/src/rp2040/pico_platform/platform.c.obj
                0x100009ac                rp2040_chip_version
 .text.panic    0x10000a00       0x30 CMakeFiles/Ultrasonic.dir/C_/Users/Chervelle/.pico-sdk/sdk/2.2.0/src/rp2_common/pico_platform_panic/panic.c.obj
                0x10000a00                panic
 .text.hw_claim_lock
                0x10000a30       0x18 CMakeFiles/Ultrasonic.dir/C_/Users/Chervelle/.pico-sdk/sdk/2.2.0/src/common/hardware_claim/claim.c.obj
                0x10000a30                hw_claim_lock
 .text.hw_claim_unlock
                0x10000a48       0x14 CMakeFiles/Ultrasonic.dir/C_/Users/Chervelle/.pico-sdk/sdk/2.2.0/src/common/hardware_claim/claim.c.obj
                0x10000a48                hw_claim_unlock
 .text.hw_claim_or_assert
                0x10000a5c       0x32 CMakeFiles/Ultrasonic.dir/C_/Users/Chervelle/.pico-sdk/sdk/2.2.0/src/common/hardware_claim/claim.c.obj
                0x10000a5c                hw_claim_or_assert
 .text.hw_claim_unused_from_range
                0x10000a8e       0x50 CMakeFiles/Ultrasonic.dir/C_/Users/Chervelle/.pico-sdk/sdk/2.2.0/src/common/hardware_claim/claim.c.obj
                0x10000a8e                hw_claim_unused_from_range
 *fill*         0x10000ade        0x2 
 .text.next_striped_spin_lock_num
                0x10000ae0       0x1c CMakeFiles/Ultrasonic.dir/C_/Users/Chervelle/.pico-sdk/sdk/2.2.0/src/rp2_common/hardware_sync/sync.c.obj
                0x10000ae0                next_striped_spin_lock_num
 .text.spin_lock_claim_unused
                0x10000afc       0x24 CMakeFiles/Ultrasonic.dir/C_/Users/Chervelle/.pico-sdk/sdk/2.2.0/src/rp2_common/hardware_sync/sync.c.obj
                0x10000afc                spin_lock_claim_unused
 .text.spin_locks_reset
                0x10000b20       0x20 CMakeFiles/Ultrasonic.dir/C_/Users/Chervelle/.pico-sdk/sdk/2.2.0/src/rp2_common/hardware_sync_spin_lock/sync_spin_lock.c.obj
                0x10000b20                spin_locks_reset
 .text.set_raw_irq_handler_and_unlock
                0x10000b40       0x28 CMakeFiles/Ultrasonic.dir/C_/Users/Chervelle/.pico-sdk/sdk/2.2.0/src/rp2_common/hardware_irq/irq.c.obj
 .text.nvic_ipr0
                0x10000b68        0x8 CMakeFiles/Ultrasonic.dir/C_/Users/Chervelle/.pico-sdk/sdk/2.2.0/src/rp2_common/hardware_irq/irq.c.obj
 .text.runtime_init_per_core_irq_priorities
                0x10000b70       0x1c CMakeFiles/Ultrasonic.dir/C_/Users/Chervelle/.pico-sdk/sdk/2.2.0/src/rp2_common/hardware_irq/irq.c.obj
                0x10000b70                runtime_init_per_core_irq_priorities
 .text.resolve_j_16
                0x10000b8c       0x30 CMakeFiles/Ultrasonic.dir/C_/Users/Chervelle/.pico-sdk/sdk/2.2.0/src/rp2_common/hardware_irq/irq.c.obj
 .text.make_j_16
                0x10000bbc       0x48 CMakeFiles/Ultrasonic.dir/C_/Users/Chervelle/.pico-sdk/sdk/2.2.0/src/rp2_common/hardware_irq/irq.c.obj
 .text.irq_is_enabled
                0x10000c04       0x18 CMakeFiles/Ultrasonic.dir/C_/Users/Chervelle/.pico-sdk/sdk/2.2.0/src/rp2_common/hardware_irq/irq.c.obj
                0x10000c04                irq_is_enabled
 .text.irq_set_mask_n_enabled
                0x10000c1c       0x1c CMakeFiles/Ultrasonic.dir/C_/Users/Chervelle/.pico-sdk/sdk/2.2.0/src/rp2_common/hardware_irq/irq.c.obj
                0x10000c1c                irq_set_mask_n_enabled
 .text.irq_set_enabled
                0x10000c38       0x14 CMakeFiles/Ultrasonic.dir/C_/Users/Chervelle/.pico-sdk/sdk/2.2.0/src/rp2_common/hardware_irq/irq.c.obj
                0x10000c38                irq_set_enabled
 .text.irq_set_pending
                0x10000c4c       0x10 CMakeFiles/Ultrasonic.dir/C_/Users/Chervelle/.pico-sdk/sdk/2.2.0/src/rp2_common/hardware_irq/irq.c.obj
                0x10000c4c                irq_set_pending
 .text.irq_get_vtable_handler
                0x10000c5c       0x10 CMakeFiles/Ultrasonic.dir/C_/Users/Chervelle/.pico-sdk/sdk/2.2.0/src/rp2_common/hardware_irq/irq.c.obj
                0x10000c5c                irq_get_vtable_handler
 .text.irq_has_shared_handler
                0x10000c6c       0x1c CMakeFiles/Ultrasonic.dir/C_/Users/Chervelle/.pico-sdk/sdk/2.2.0/src/rp2_common/hardware_irq/irq.c.obj
                0x10000c6c                irq_has_shared_handler
 .text.irq_set_exclusive_handler
                0x10000c88       0x54 CMakeFiles/Ultrasonic.dir/C_/Users/Chervelle/.pico-sdk/sdk/2.2.0/src/rp2_common/hardware_irq/irq.c.obj
                0x10000c88                irq_set_exclusive_handler
 .text.irq_add_shared_handler
                0x10000cdc      0x218 CMakeFiles/Ultrasonic.dir/C_/Users/Chervelle/.pico-sdk/sdk/2.2.0/src/rp2_common/hardware_irq/irq.c.obj
                0x10000cdc                irq_add_shared_handler
 .text.irq_add_tail_to_free_list
                0x10000ef4       0xf4 CMakeFiles/Ultrasonic.dir/C_/Users/Chervelle/.pico-sdk/sdk/2.2.0/src/rp2_common/hardware_irq/irq.c.obj
                0x10000ef4                irq_add_tail_to_free_list
 .text.user_irq_claim_unused
                0x10000fe8       0x2c CMakeFiles/Ultrasonic.dir/C_/Users/Chervelle/.pico-sdk/sdk/2.2.0/src/rp2_common/hardware_irq/irq.c.obj
                0x10000fe8                user_irq_claim_unused
 .text.lock_init
                0x10001014       0x10 CMakeFiles/Ultrasonic.dir/C_/Users/Chervelle/.pico-sdk/sdk/2.2.0/src/common/pico_sync/lock_core.c.obj
                0x10001014                lock_init
 .text.mutex_init
                0x10001024       0x1a CMakeFiles/Ultrasonic.dir/C_/Users/Chervelle/.pico-sdk/sdk/2.2.0/src/common/pico_sync/mutex.c.obj
                0x10001024                mutex_init
 .text.recursive_mutex_init
                0x1000103e       0x1e CMakeFiles/Ultrasonic.dir/C_/Users/Chervelle/.pico-sdk/sdk/2.2.0/src/common/pico_sync/mutex.c.obj
                0x1000103e                recursive_mutex_init
 .text.runtime_init_mutex
                0x1000105c       0x4c CMakeFiles/Ultrasonic.dir/C_/Users/Chervelle/.pico-sdk/sdk/2.2.0/src/common/pico_sync/mutex.c.obj
                0x1000105c                runtime_init_mutex
 .text.critical_section_init_with_lock_num
                0x100010a8       0x14 CMakeFiles/Ultrasonic.dir/C_/Users/Chervelle/.pico-sdk/sdk/2.2.0/src/common/pico_sync/critical_section.c.obj
                0x100010a8                critical_section_init_with_lock_num
 .text.critical_section_init
                0x100010bc       0x14 CMakeFiles/Ultrasonic.dir/C_/Users/Chervelle/.pico-sdk/sdk/2.2.0/src/common/pico_sync/critical_section.c.obj
                0x100010bc                critical_section_init
 .text.ta_set_timeout
                0x100010d0       0x24 CMakeFiles/Ultrasonic.dir/C_/Users/Chervelle/.pico-sdk/sdk/2.2.0/src/common/pico_time/time.c.obj
 .text.make_alarm_id
                0x100010f4        0x6 CMakeFiles/Ultrasonic.dir/C_/Users/Chervelle/.pico-sdk/sdk/2.2.0/src/common/pico_time/time.c.obj
 *fill*         0x100010fa        0x2 
 .text.sleep_until_callback
                0x100010fc       0x30 CMakeFiles/Ultrasonic.dir/C_/Users/Chervelle/.pico-sdk/sdk/2.2.0/src/common/pico_time/time.c.obj
 .text.alarm_pool_irq_handler
                0x1000112c      0x2f0 CMakeFiles/Ultrasonic.dir/C_/Users/Chervelle/.pico-sdk/sdk/2.2.0/src/common/pico_time/time.c.obj
 .text.ta_enable_irq_handler
                0x1000141c       0x2c CMakeFiles/Ultrasonic.dir/C_/Users/Chervelle/.pico-sdk/sdk/2.2.0/src/common/pico_time/time.c.obj
 .text.alarm_pool_post_alloc_init
                0x10001448       0x78 CMakeFiles/Ultrasonic.dir/C_/Users/Chervelle/.pico-sdk/sdk/2.2.0/src/common/pico_time/time.c.obj
 .text.alarm_pool_get_default
                0x100014c0       0x2c CMakeFiles/Ultrasonic.dir/C_/Users/Chervelle/.pico-sdk/sdk/2.2.0/src/common/pico_time/time.c.obj
                0x100014c0                alarm_pool_get_default
 .text.alarm_pool_add_alarm_at_force_in_context
                0x100014ec       0xa4 CMakeFiles/Ultrasonic.dir/C_/Users/Chervelle/.pico-sdk/sdk/2.2.0/src/common/pico_time/time.c.obj
                0x100014ec                alarm_pool_add_alarm_at_force_in_context
 .text.alarm_pool_add_alarm_at
                0x10001590       0x3c CMakeFiles/Ultrasonic.dir/C_/Users/Chervelle/.pico-sdk/sdk/2.2.0/src/common/pico_time/time.c.obj
                0x10001590                alarm_pool_add_alarm_at
 .text.add_alarm_at
                0x100015cc       0x2e CMakeFiles/Ultrasonic.dir/C_/Users/Chervelle/.pico-sdk/sdk/2.2.0/src/common/pico_time/time.c.obj
 *fill*         0x100015fa        0x2 
 .text.alarm_pool_cancel_alarm
                0x100015fc       0x78 CMakeFiles/Ultrasonic.dir/C_/Users/Chervelle/.pico-sdk/sdk/2.2.0/src/common/pico_time/time.c.obj
                0x100015fc                alarm_pool_cancel_alarm
 .text.cancel_alarm
                0x10001674       0x10 CMakeFiles/Ultrasonic.dir/C_/Users/Chervelle/.pico-sdk/sdk/2.2.0/src/common/pico_time/time.c.obj
 .text.alarm_pool_core_num
                0x10001684        0x4 CMakeFiles/Ultrasonic.dir/C_/Users/Chervelle/.pico-sdk/sdk/2.2.0/src/common/pico_time/time.c.obj
                0x10001684                alarm_pool_core_num
 .text.sleep_until
                0x10001688       0xb0 CMakeFiles/Ultrasonic.dir/C_/Users/Chervelle/.pico-sdk/sdk/2.2.0/src/common/pico_time/time.c.obj
                0x10001688                sleep_until
 .text.sleep_us
                0x10001738       0x24 CMakeFiles/Ultrasonic.dir/C_/Users/Chervelle/.pico-sdk/sdk/2.2.0/src/common/pico_time/time.c.obj
                0x10001738                sleep_us
 .text.sleep_ms
                0x1000175c       0x14 CMakeFiles/Ultrasonic.dir/C_/Users/Chervelle/.pico-sdk/sdk/2.2.0/src/common/pico_time/time.c.obj
                0x1000175c                sleep_ms
 .text.best_effort_wfe_or_timeout
                0x10001770      0x11c CMakeFiles/Ultrasonic.dir/C_/Users/Chervelle/.pico-sdk/sdk/2.2.0/src/common/pico_time/time.c.obj
                0x10001770                best_effort_wfe_or_timeout
 .text.alarm_pool_get_default_timer
                0x1000188c        0x8 CMakeFiles/Ultrasonic.dir/C_/Users/Chervelle/.pico-sdk/sdk/2.2.0/src/common/pico_time/time.c.obj
                0x1000188c                alarm_pool_get_default_timer
 .text.runtime_init_default_alarm_pool
                0x10001894       0x38 CMakeFiles/Ultrasonic.dir/C_/Users/Chervelle/.pico-sdk/sdk/2.2.0/src/common/pico_time/time.c.obj
                0x10001894                runtime_init_default_alarm_pool
 .text.timer_hardware_alarm_claim
                0x100018cc       0x14 CMakeFiles/Ultrasonic.dir/C_/Users/Chervelle/.pico-sdk/sdk/2.2.0/src/rp2_common/hardware_timer/timer.c.obj
                0x100018cc                timer_hardware_alarm_claim
 .text.timer_time_us_64
                0x100018e0       0x10 CMakeFiles/Ultrasonic.dir/C_/Users/Chervelle/.pico-sdk/sdk/2.2.0/src/rp2_common/hardware_timer/timer.c.obj
                0x100018e0                timer_time_us_64
 .text.timer_busy_wait_until
                0x100018f0       0x1a CMakeFiles/Ultrasonic.dir/C_/Users/Chervelle/.pico-sdk/sdk/2.2.0/src/rp2_common/hardware_timer/timer.c.obj
                0x100018f0                timer_busy_wait_until
 *fill*         0x1000190a        0x2 
 .text.time_us_64
                0x1000190c       0x10 CMakeFiles/Ultrasonic.dir/C_/Users/Chervelle/.pico-sdk/sdk/2.2.0/src/rp2_common/hardware_timer/timer.c.obj
                0x1000190c                time_us_64
 .text.busy_wait_until
                0x1000191c       0x14 CMakeFiles/Ultrasonic.dir/C_/Users/Chervelle/.pico-sdk/sdk/2.2.0/src/rp2_common/hardware_timer/timer.c.obj
                0x1000191c                busy_wait_until
 .text.clock_configure_internal
                0x10001930       0xc4 CMakeFiles/Ultrasonic.dir/C_/Users/Chervelle/.pico-sdk/sdk/2.2.0/src/rp2_common/hardware_clocks/clocks.c.obj
 .text.clock_configure_int_divider
                0x100019f4       0x28 CMakeFiles/Ultrasonic.dir/C_/Users/Chervelle/.pico-sdk/sdk/2.2.0/src/rp2_common/hardware_clocks/clocks.c.obj
                0x100019f4                clock_configure_int_divider
 .text.clock_configure_undivided
                0x10001a1c       0x12 CMakeFiles/Ultrasonic.dir/C_/Users/Chervelle/.pico-sdk/sdk/2.2.0/src/rp2_common/hardware_clocks/clocks.c.obj
                0x10001a1c                clock_configure_undivided
 *fill*         0x10001a2e        0x2 
 .text.clock_get_hz
                0x10001a30        0xc CMakeFiles/Ultrasonic.dir/C_/Users/Chervelle/.pico-sdk/sdk/2.2.0/src/rp2_common/hardware_clocks/clocks.c.obj
                0x10001a30                clock_get_hz
 .text.pll_init
                0x10001a3c      0x124 CMakeFiles/Ultrasonic.dir/C_/Users/Chervelle/.pico-sdk/sdk/2.2.0/src/rp2_common/hardware_pll/pll.c.obj
                0x10001a3c                pll_init
 .text.watchdog_update
                0x10001b60       0x14 CMakeFiles/Ultrasonic.dir/C_/Users/Chervelle/.pico-sdk/sdk/2.2.0/src/rp2_common/hardware_watchdog/watchdog.c.obj
                0x10001b60                watchdog_update
 .text._watchdog_enable
                0x10001b74       0x78 CMakeFiles/Ultrasonic.dir/C_/Users/Chervelle/.pico-sdk/sdk/2.2.0/src/rp2_common/hardware_watchdog/watchdog.c.obj
                0x10001b74                _watchdog_enable
 .text.watchdog_reboot
                0x10001bec       0x48 CMakeFiles/Ultrasonic.dir/C_/Users/Chervelle/.pico-sdk/sdk/2.2.0/src/rp2_common/hardware_watchdog/watchdog.c.obj
                0x10001bec                watchdog_reboot
 .text.tick_start
                0x10001c34       0x10 CMakeFiles/Ultrasonic.dir/C_/Users/Chervelle/.pico-sdk/sdk/2.2.0/src/rp2_common/hardware_ticks/ticks.c.obj
                0x10001c34                tick_start
 .text.rom_func_lookup
                0x10001c44       0x10 CMakeFiles/Ultrasonic.dir/C_/Users/Chervelle/.pico-sdk/sdk/2.2.0/src/rp2_common/pico_bootrom/bootrom.c.obj
                0x10001c44                rom_func_lookup
 .text.rom_data_lookup
                0x10001c54       0x10 CMakeFiles/Ultrasonic.dir/C_/Users/Chervelle/.pico-sdk/sdk/2.2.0/src/rp2_common/pico_bootrom/bootrom.c.obj
                0x10001c54                rom_data_lookup
 .text.rom_funcs_lookup
                0x10001c64       0x36 CMakeFiles/Ultrasonic.dir/C_/Users/Chervelle/.pico-sdk/sdk/2.2.0/src/rp2_common/pico_bootrom/bootrom.c.obj
                0x10001c64                rom_funcs_lookup
 *fill*         0x10001c9a        0x2 
 .text.rom_reset_usb_boot_extra
                0x10001c9c       0x24 CMakeFiles/Ultrasonic.dir/C_/Users/Chervelle/.pico-sdk/sdk/2.2.0/src/rp2_common/pico_bootrom/bootrom.c.obj
                0x10001c9c                rom_reset_usb_boot_extra
 .text.xosc_init
                0x10001cc0       0x2c CMakeFiles/Ultrasonic.dir/C_/Users/Chervelle/.pico-sdk/sdk/2.2.0/src/rp2_common/hardware_xosc/xosc.c.obj
                0x10001cc0                xosc_init
 .text.runtime_run_initializers_from
                0x10001cec       0x18 CMakeFiles/Ultrasonic.dir/C_/Users/Chervelle/.pico-sdk/sdk/2.2.0/src/rp2_common/pico_runtime/runtime.c.obj
 .text.first_per_core_initializer
                0x10001d04        0x2 CMakeFiles/Ultrasonic.dir/C_/Users/Chervelle/.pico-sdk/sdk/2.2.0/src/rp2_common/pico_runtime/runtime.c.obj
 *fill*         0x10001d06        0x2 
 .text.runtime_run_initializers
                0x10001d08       0x10 CMakeFiles/Ultrasonic.dir/C_/Users/Chervelle/.pico-sdk/sdk/2.2.0/src/rp2_common/pico_runtime/runtime.c.obj
                0x10001d08                runtime_run_initializers
 .text.runtime_init_early_resets
                0x10001d18       0x2c CMakeFiles/Ultrasonic.dir/C_/Users/Chervelle/.pico-sdk/sdk/2.2.0/src/rp2_common/pico_runtime_init/runtime_init.c.obj
                0x10001d18                runtime_init_early_resets
 .text.runtime_init_usb_power_down
                0x10001d44       0x1c CMakeFiles/Ultrasonic.dir/C_/Users/Chervelle/.pico-sdk/sdk/2.2.0/src/rp2_common/pico_runtime_init/runtime_init.c.obj
                0x10001d44                runtime_init_usb_power_down
 .text.runtime_init_post_clock_resets
                0x10001d60       0x20 CMakeFiles/Ultrasonic.dir/C_/Users/Chervelle/.pico-sdk/sdk/2.2.0/src/rp2_common/pico_runtime_init/runtime_init.c.obj
                0x10001d60                runtime_init_post_clock_resets
 .text.runtime_init_rp2040_gpio_ie_disable
                0x10001d80       0x14 CMakeFiles/Ultrasonic.dir/C_/Users/Chervelle/.pico-sdk/sdk/2.2.0/src/rp2_common/pico_runtime_init/runtime_init.c.obj
                0x10001d80                runtime_init_rp2040_gpio_ie_disable
 .text.runtime_init_spin_locks_reset
                0x10001d94        0x8 CMakeFiles/Ultrasonic.dir/C_/Users/Chervelle/.pico-sdk/sdk/2.2.0/src/rp2_common/pico_runtime_init/runtime_init.c.obj
                0x10001d94                runtime_init_spin_locks_reset
 .text.runtime_init_install_ram_vector_table
                0x10001d9c       0x48 CMakeFiles/Ultrasonic.dir/C_/Users/Chervelle/.pico-sdk/sdk/2.2.0/src/rp2_common/pico_runtime_init/runtime_init.c.obj
                0x10001d9c                runtime_init_install_ram_vector_table
 .text.start_all_ticks
                0x10001de4       0x28 CMakeFiles/Ultrasonic.dir/C_/Users/Chervelle/.pico-sdk/sdk/2.2.0/src/rp2_common/pico_runtime_init/runtime_init_clocks.c.obj
 .text.runtime_init_clocks
                0x10001e0c       0xcc CMakeFiles/Ultrasonic.dir/C_/Users/Chervelle/.pico-sdk/sdk/2.2.0/src/rp2_common/pico_runtime_init/runtime_init_clocks.c.obj
                0x10001e0c                runtime_init_clocks
 .text          0x10001ed8       0x10 CMakeFiles/Ultrasonic.dir/C_/Users/Chervelle/.pico-sdk/sdk/2.2.0/src/rp2_common/pico_bit_ops/bit_ops_aeabi.S.obj
 .text.__wrap___aeabi_idiv
                0x10001ee8       0x50 CMakeFiles/Ultrasonic.dir/C_/Users/Chervelle/.pico-sdk/sdk/2.2.0/src/rp2_common/pico_divider/divider_hardware.S.obj
                0x10001ee8                __wrap___aeabi_idivmod
                0x10001ee8                divmod_s32s32
                0x10001ee8                div_s32s32
                0x10001ee8                __wrap___aeabi_idiv
                0x10001ef0                divmod_s32s32_unsafe
                0x10001f1c                divmod_s32s32_savestate
 .text.__wrap___aeabi_uidiv
                0x10001f38       0x4c CMakeFiles/Ultrasonic.dir/C_/Users/Chervelle/.pico-sdk/sdk/2.2.0/src/rp2_common/pico_divider/divider_hardware.S.obj
                0x10001f38                __wrap___aeabi_uidiv
                0x10001f38                __wrap___aeabi_uidivmod
                0x10001f38                div_u32u32
                0x10001f38                divmod_u32u32
                0x10001f40                divmod_u32u32_unsafe
                0x10001f68                divmod_u32u32_savestate
 .text.__wrap___aeabi_ldiv
                0x10001f84      0x424 CMakeFiles/Ultrasonic.dir/C_/Users/Chervelle/.pico-sdk/sdk/2.2.0/src/rp2_common/pico_divider/divider_hardware.S.obj
                0x10001f84                div_s64s64
                0x10001f84                divmod_s64s64
                0x10001f84                __wrap___aeabi_ldivmod
                0x10001fb4                divmod_u64u64
                0x10001fb4                div_u64u64
                0x10001fb4                __wrap___aeabi_uldivmod
                0x10001fc4                divmod_u64u64_savestate
                0x10001fe4                divmod_s64s64_unsafe
                0x1000206c                divmod_u64u64_unsafe
 .text.__wrap___aeabi_darithmetic
                0x100023a8       0x80 CMakeFiles/Ultrasonic.dir/C_/Users/Chervelle/.pico-sdk/sdk/2.2.0/src/rp2_common/pico_double/double_aeabi_rp2040.S.obj
                0x100023a8                __wrap___aeabi_drsub
                0x100023ae                __wrap___aeabi_dsub
                0x100023c0                __wrap___aeabi_dadd
                0x100023d2                __wrap___aeabi_ddiv
                0x1000240e                __wrap___aeabi_dmul
 .text.__wrap___aeabi_cdcmple
                0x10002428       0x6c CMakeFiles/Ultrasonic.dir/C_/Users/Chervelle/.pico-sdk/sdk/2.2.0/src/rp2_common/pico_double/double_aeabi_rp2040.S.obj
                0x10002428                __wrap___aeabi_cdrcmple
                0x10002438                __wrap___aeabi_cdcmpeq
                0x10002438                __wrap___aeabi_cdcmple
 .text.__wrap___aeabi_dcmplt
                0x10002494        0xc CMakeFiles/Ultrasonic.dir/C_/Users/Chervelle/.pico-sdk/sdk/2.2.0/src/rp2_common/pico_double/double_aeabi_rp2040.S.obj
                0x10002494                __wrap___aeabi_dcmplt
 .text.__wrap___aeabi_dcmple
                0x100024a0       0x10 CMakeFiles/Ultrasonic.dir/C_/Users/Chervelle/.pico-sdk/sdk/2.2.0/src/rp2_common/pico_double/double_aeabi_rp2040.S.obj
                0x100024a0                __wrap___aeabi_dcmple
 .text.__wrap___aeabi_dcmpge
                0x100024b0       0x10 CMakeFiles/Ultrasonic.dir/C_/Users/Chervelle/.pico-sdk/sdk/2.2.0/src/rp2_common/pico_double/double_aeabi_rp2040.S.obj
                0x100024b0                __wrap___aeabi_dcmpge
 .text.__wrap___aeabi_dcmpgt
                0x100024c0        0xa CMakeFiles/Ultrasonic.dir/C_/Users/Chervelle/.pico-sdk/sdk/2.2.0/src/rp2_common/pico_double/double_aeabi_rp2040.S.obj
                0x100024c0                __wrap___aeabi_dcmpgt
 .text.__wrap___aeabi_dcmpun
                0x100024ca       0x18 CMakeFiles/Ultrasonic.dir/C_/Users/Chervelle/.pico-sdk/sdk/2.2.0/src/rp2_common/pico_double/double_aeabi_rp2040.S.obj
                0x100024ca                __wrap___aeabi_dcmpun
 *fill*         0x100024e2        0x2 
 .text.__wrap___aeabi_i2d
                0x100024e4       0x38 CMakeFiles/Ultrasonic.dir/C_/Users/Chervelle/.pico-sdk/sdk/2.2.0/src/rp2_common/pico_double/double_aeabi_rp2040.S.obj
                0x100024e4                uint2double
                0x100024e4                __wrap___aeabi_ui2d
                0x100024ec                int2double
                0x100024ec                __wrap___aeabi_i2d
 .text.__wrap___aeabi_d2iz
                0x1000251c       0x48 CMakeFiles/Ultrasonic.dir/C_/Users/Chervelle/.pico-sdk/sdk/2.2.0/src/rp2_common/pico_double/double_aeabi_rp2040.S.obj
                0x1000251c                double2int_z
                0x1000251c                __wrap___aeabi_d2iz
 .text.__wrap___aeabi_d2uiz
                0x10002564       0x18 CMakeFiles/Ultrasonic.dir/C_/Users/Chervelle/.pico-sdk/sdk/2.2.0/src/rp2_common/pico_double/double_aeabi_rp2040.S.obj
                0x10002564                double2uint
                0x10002564                __wrap___aeabi_d2uiz
                0x10002564                double2uint_z
 .text.__aeabi_double_init
                0x1000257c       0xcc CMakeFiles/Ultrasonic.dir/C_/Users/Chervelle/.pico-sdk/sdk/2.2.0/src/rp2_common/pico_double/double_init_rom_rp2040.c.obj
                0x1000257c                __aeabi_double_init
 .text.double_table_shim_on_use_helper
                0x10002648       0x34 CMakeFiles/Ultrasonic.dir/C_/Users/Chervelle/.pico-sdk/sdk/2.2.0/src/rp2_common/pico_double/double_v1_rom_shim_rp2040.S.obj
                0x10002648                double_table_shim_on_use_helper
 .text.__wrap___aeabi_dsub
                0x1000267c       0x10 CMakeFiles/Ultrasonic.dir/C_/Users/Chervelle/.pico-sdk/sdk/2.2.0/src/rp2_common/pico_double/double_v1_rom_shim_rp2040.S.obj
                0x1000267c                drsub_shim
                0x10002682                dsub_shim
 .text.dadd_shim
                0x1000268c      0x15c CMakeFiles/Ultrasonic.dir/C_/Users/Chervelle/.pico-sdk/sdk/2.2.0/src/rp2_common/pico_double/double_v1_rom_shim_rp2040.S.obj
                0x1000268c                dadd_shim
 .text.dmul_shim
                0x100027e8      0x15c CMakeFiles/Ultrasonic.dir/C_/Users/Chervelle/.pico-sdk/sdk/2.2.0/src/rp2_common/pico_double/double_v1_rom_shim_rp2040.S.obj
                0x100027e8                dmul_shim
 .text.ddiv_shim
                0x10002944      0x1b0 CMakeFiles/Ultrasonic.dir/C_/Users/Chervelle/.pico-sdk/sdk/2.2.0/src/rp2_common/pico_double/double_v1_rom_shim_rp2040.S.obj
                0x10002944                ddiv_shim
 .text.double2uint_shim
                0x10002af4        0xe CMakeFiles/Ultrasonic.dir/C_/Users/Chervelle/.pico-sdk/sdk/2.2.0/src/rp2_common/pico_double/double_v1_rom_shim_rp2040.S.obj
                0x10002af4                double2uint_shim
                0x10002af6                double2ufix_shim
 *fill*         0x10002b02        0x2 
 .text.double2uint64_shim
                0x10002b04       0x70 CMakeFiles/Ultrasonic.dir/C_/Users/Chervelle/.pico-sdk/sdk/2.2.0/src/rp2_common/pico_double/double_v1_rom_shim_rp2040.S.obj
                0x10002b04                double2uint64_shim
                0x10002b06                double2ufix64_shim
                0x10002b26                d2fix_a
 .text.dunpacks
                0x10002b74       0x3c CMakeFiles/Ultrasonic.dir/C_/Users/Chervelle/.pico-sdk/sdk/2.2.0/src/rp2_common/pico_double/double_v1_rom_shim_rp2040.S.obj
                0x10002b74                dunpacks
 .text.__aeabi_lmul
                0x10002bb0       0x32 CMakeFiles/Ultrasonic.dir/C_/Users/Chervelle/.pico-sdk/sdk/2.2.0/src/rp2_common/pico_int64_ops/pico_int64_ops_aeabi.S.obj
                0x10002bb0                __wrap___aeabi_lmul
 *fill*         0x10002be2        0x2 
 .text.__wrap___aeabi_farithmetic
                0x10002be4       0x58 CMakeFiles/Ultrasonic.dir/C_/Users/Chervelle/.pico-sdk/sdk/2.2.0/src/rp2_common/pico_float/float_aeabi_rp2040.S.obj
                0x10002be4                __wrap___aeabi_frsub
                0x10002bea                __wrap___aeabi_fsub
                0x10002bf4                __wrap___aeabi_fadd
                0x10002bfe                __wrap___aeabi_fdiv
                0x10002c2a                __wrap___aeabi_fmul
 .text.__wrap___aeabi_ui2f
                0x10002c3c        0xa CMakeFiles/Ultrasonic.dir/C_/Users/Chervelle/.pico-sdk/sdk/2.2.0/src/rp2_common/pico_float/float_aeabi_rp2040.S.obj
                0x10002c3c                __wrap___aeabi_ui2f
                0x10002c3c                uint2float
 *fill*         0x10002c46        0x2 
 .text.__wrap___aeabi_i2f
                0x10002c48       0x44 CMakeFiles/Ultrasonic.dir/C_/Users/Chervelle/.pico-sdk/sdk/2.2.0/src/rp2_common/pico_float/float_aeabi_rp2040.S.obj
                0x10002c48                __wrap___aeabi_i2f
                0x10002c48                int2float
 .text.fix2float
                0x10002c8c       0x10 CMakeFiles/Ultrasonic.dir/C_/Users/Chervelle/.pico-sdk/sdk/2.2.0/src/rp2_common/pico_float/float_aeabi_rp2040.S.obj
                0x10002c8c                fix2float
 .text.__wrap___aeabi_ul2f
                0x10002c9c       0x20 CMakeFiles/Ultrasonic.dir/C_/Users/Chervelle/.pico-sdk/sdk/2.2.0/src/rp2_common/pico_float/float_aeabi_rp2040.S.obj
                0x10002ca0                uint642float
                0x10002ca0                __wrap___aeabi_ul2f
 .text.__wrap___aeabi_f2d
                0x10002cbc       0x14 CMakeFiles/Ultrasonic.dir/C_/Users/Chervelle/.pico-sdk/sdk/2.2.0/src/rp2_common/pico_float/float_aeabi_rp2040.S.obj
                0x10002cbc                __wrap___aeabi_f2d
 .text.__wrap_sinf
                0x10002cd0       0x28 CMakeFiles/Ultrasonic.dir/C_/Users/Chervelle/.pico-sdk/sdk/2.2.0/src/rp2_common/pico_float/float_aeabi_rp2040.S.obj
                0x10002cd0                __wrap_sinf
 .text.__aeabi_float_init
                0x10002cf8       0xfc CMakeFiles/Ultrasonic.dir/C_/Users/Chervelle/.pico-sdk/sdk/2.2.0/src/rp2_common/pico_float/float_init_rom_rp2040.c.obj
                0x10002cf8                __aeabi_float_init
 .text.frem_0   0x10002df4       0x7c CMakeFiles/Ultrasonic.dir/C_/Users/Chervelle/.pico-sdk/sdk/2.2.0/src/rp2_common/pico_float/float_math.c.obj
 .text.__wrap_remquof
                0x10002e70       0xda CMakeFiles/Ultrasonic.dir/C_/Users/Chervelle/.pico-sdk/sdk/2.2.0/src/rp2_common/pico_float/float_math.c.obj
                0x10002e70                __wrap_remquof
 .text.__wrap_remainderf
                0x10002f4a        0xa CMakeFiles/Ultrasonic.dir/C_/Users/Chervelle/.pico-sdk/sdk/2.2.0/src/rp2_common/pico_float/float_math.c.obj
                0x10002f4a                __wrap_remainderf
 .text.float_table_shim_on_use_helper
                0x10002f54       0x34 CMakeFiles/Ultrasonic.dir/C_/Users/Chervelle/.pico-sdk/sdk/2.2.0/src/rp2_common/pico_float/float_v1_rom_shim_rp2040.S.obj
                0x10002f54                float_table_shim_on_use_helper
 .text.642float_shims
                0x10002f88       0x44 CMakeFiles/Ultrasonic.dir/C_/Users/Chervelle/.pico-sdk/sdk/2.2.0/src/rp2_common/pico_float/float_v1_rom_shim_rp2040.S.obj
                0x10002f88                uint642float_shim
                0x10002f8a                ufix642float_shim
                0x10002f9a                int642float_shim
                0x10002f9c                fix642float_shim
 .text.float2double_shim
                0x10002fcc       0x30 CMakeFiles/Ultrasonic.dir/C_/Users/Chervelle/.pico-sdk/sdk/2.2.0/src/rp2_common/pico_float/float_v1_rom_shim_rp2040.S.obj
                0x10002fcc                float2double_shim
 .text          0x10002ffc       0x10 CMakeFiles/Ultrasonic.dir/C_/Users/Chervelle/.pico-sdk/sdk/2.2.0/src/rp2_common/pico_mem_ops/mem_ops_aeabi.S.obj
                0x10002ffc                __aeabi_mem_init
 .text.memset   0x1000300c        0xc CMakeFiles/Ultrasonic.dir/C_/Users/Chervelle/.pico-sdk/sdk/2.2.0/src/rp2_common/pico_mem_ops/mem_ops_aeabi.S.obj
                0x1000300c                __wrap_memset
 .text.memcpy   0x10003018        0xc CMakeFiles/Ultrasonic.dir/C_/Users/Chervelle/.pico-sdk/sdk/2.2.0/src/rp2_common/pico_mem_ops/mem_ops_aeabi.S.obj
                0x10003018                __wrap_memcpy
                0x10003018                __wrap___aeabi_memcpy
 .text._out_null
                0x10003024        0x2 CMakeFiles/Ultrasonic.dir/C_/Users/Chervelle/.pico-sdk/sdk/2.2.0/src/rp2_common/pico_printf/printf.c.obj
 .text._out_fct
                0x10003026        0xe CMakeFiles/Ultrasonic.dir/C_/Users/Chervelle/.pico-sdk/sdk/2.2.0/src/rp2_common/pico_printf/printf.c.obj
 .text._atoi    0x10003034       0x24 CMakeFiles/Ultrasonic.dir/C_/Users/Chervelle/.pico-sdk/sdk/2.2.0/src/rp2_common/pico_printf/printf.c.obj
 .text._out_rev
                0x10003058       0xb0 CMakeFiles/Ultrasonic.dir/C_/Users/Chervelle/.pico-sdk/sdk/2.2.0/src/rp2_common/pico_printf/printf.c.obj
 .text._ntoa_format
                0x10003108      0x10e CMakeFiles/Ultrasonic.dir/C_/Users/Chervelle/.pico-sdk/sdk/2.2.0/src/rp2_common/pico_printf/printf.c.obj
 .text._ntoa_long
                0x10003216       0xbc CMakeFiles/Ultrasonic.dir/C_/Users/Chervelle/.pico-sdk/sdk/2.2.0/src/rp2_common/pico_printf/printf.c.obj
 .text._ntoa_long_long
                0x100032d2      0x10e CMakeFiles/Ultrasonic.dir/C_/Users/Chervelle/.pico-sdk/sdk/2.2.0/src/rp2_common/pico_printf/printf.c.obj
 .text._etoa    0x100033e0      0x424 CMakeFiles/Ultrasonic.dir/C_/Users/Chervelle/.pico-sdk/sdk/2.2.0/src/rp2_common/pico_printf/printf.c.obj
 .text._ftoa    0x10003804      0x348 CMakeFiles/Ultrasonic.dir/C_/Users/Chervelle/.pico-sdk/sdk/2.2.0/src/rp2_common/pico_printf/printf.c.obj
 .text._vsnprintf
                0x10003b4c      0x6a4 CMakeFiles/Ultrasonic.dir/C_/Users/Chervelle/.pico-sdk/sdk/2.2.0/src/rp2_common/pico_printf/printf.c.obj
 .text.vfctprintf
                0x100041f0       0x24 CMakeFiles/Ultrasonic.dir/C_/Users/Chervelle/.pico-sdk/sdk/2.2.0/src/rp2_common/pico_printf/printf.c.obj
                0x100041f0                vfctprintf
 .text._exit    0x10004214        0x4 CMakeFiles/Ultrasonic.dir/C_/Users/Chervelle/.pico-sdk/sdk/2.2.0/src/rp2_common/pico_clib_interface/newlib_interface.c.obj
                0x10004214                _exit
 .text.exit     0x10004218        0x6 CMakeFiles/Ultrasonic.dir/C_/Users/Chervelle/.pico-sdk/sdk/2.2.0/src/rp2_common/pico_clib_interface/newlib_interface.c.obj
                0x10004218                exit
 *fill*         0x1000421e        0x2 
 .text.__assert_func
                0x10004220       0x38 CMakeFiles/Ultrasonic.dir/C_/Users/Chervelle/.pico-sdk/sdk/2.2.0/src/rp2_common/pico_clib_interface/newlib_interface.c.obj
                0x10004220                __assert_func
 .text.runtime_init
                0x10004258       0x28 CMakeFiles/Ultrasonic.dir/C_/Users/Chervelle/.pico-sdk/sdk/2.2.0/src/rp2_common/pico_clib_interface/newlib_interface.c.obj
                0x10004258                runtime_init
 .text.stdio_out_chars_no_crlf
                0x10004280        0xe CMakeFiles/Ultrasonic.dir/C_/Users/Chervelle/.pico-sdk/sdk/2.2.0/src/rp2_common/pico_stdio/stdio.c.obj
 *fill*         0x1000428e        0x2 
 .text.stdio_out_chars_crlf
                0x10004290       0x80 CMakeFiles/Ultrasonic.dir/C_/Users/Chervelle/.pico-sdk/sdk/2.2.0/src/rp2_common/pico_stdio/stdio.c.obj
 .text.stdio_stack_buffer_flush
                0x10004310       0x44 CMakeFiles/Ultrasonic.dir/C_/Users/Chervelle/.pico-sdk/sdk/2.2.0/src/rp2_common/pico_stdio/stdio.c.obj
 .text.stdio_buffered_printer
                0x10004354       0x20 CMakeFiles/Ultrasonic.dir/C_/Users/Chervelle/.pico-sdk/sdk/2.2.0/src/rp2_common/pico_stdio/stdio.c.obj
 .text.stdout_serialize_begin
                0x10004374       0x30 CMakeFiles/Ultrasonic.dir/C_/Users/Chervelle/.pico-sdk/sdk/2.2.0/src/rp2_common/pico_stdio/stdio.c.obj
                0x10004374                stdout_serialize_begin
 .text.stdout_serialize_end
                0x100043a4       0x10 CMakeFiles/Ultrasonic.dir/C_/Users/Chervelle/.pico-sdk/sdk/2.2.0/src/rp2_common/pico_stdio/stdio.c.obj
                0x100043a4                stdout_serialize_end
 .text.stdio_put_string
                0x100043b4       0x94 CMakeFiles/Ultrasonic.dir/C_/Users/Chervelle/.pico-sdk/sdk/2.2.0/src/rp2_common/pico_stdio/stdio.c.obj
                0x100043b4                stdio_put_string
 .text.stdio_set_driver_enabled
                0x10004448       0x30 CMakeFiles/Ultrasonic.dir/C_/Users/Chervelle/.pico-sdk/sdk/2.2.0/src/rp2_common/pico_stdio/stdio.c.obj
                0x10004448                stdio_set_driver_enabled
 .text.stdio_flush
                0x10004478       0x20 CMakeFiles/Ultrasonic.dir/C_/Users/Chervelle/.pico-sdk/sdk/2.2.0/src/rp2_common/pico_stdio/stdio.c.obj
                0x10004478                stdio_flush
 .text.stdio_init_all
                0x10004498        0x8 CMakeFiles/Ultrasonic.dir/C_/Users/Chervelle/.pico-sdk/sdk/2.2.0/src/rp2_common/pico_stdio/stdio.c.obj
                0x10004498                stdio_init_all
 .text.__wrap_puts
                0x100044a0       0x1e CMakeFiles/Ultrasonic.dir/C_/Users/Chervelle/.pico-sdk/sdk/2.2.0/src/rp2_common/pico_stdio/stdio.c.obj
                0x100044a0                stdio_puts
                0x100044a0                __wrap_puts
 *fill*         0x100044be        0x2 
 .text.__wrap_vprintf
                0x100044c0       0x40 CMakeFiles/Ultrasonic.dir/C_/Users/Chervelle/.pico-sdk/sdk/2.2.0/src/rp2_common/pico_stdio/stdio.c.obj
                0x100044c0                stdio_vprintf
                0x100044c0                __wrap_vprintf
 .text.__wrap_printf
                0x10004500       0x18 CMakeFiles/Ultrasonic.dir/C_/Users/Chervelle/.pico-sdk/sdk/2.2.0/src/rp2_common/pico_stdio/stdio.c.obj
                0x10004500                __wrap_printf
                0x10004500                stdio_printf
 .text.resetd_init
                0x10004518        0x2 CMakeFiles/Ultrasonic.dir/C_/Users/Chervelle/.pico-sdk/sdk/2.2.0/src/rp2_common/pico_stdio_usb/reset_interface.c.obj
 *fill*         0x1000451a        0x2 
 .text.resetd_reset
                0x1000451c        0xc CMakeFiles/Ultrasonic.dir/C_/Users/Chervelle/.pico-sdk/sdk/2.2.0/src/rp2_common/pico_stdio_usb/reset_interface.c.obj
 .text.resetd_open
                0x10004528       0x34 CMakeFiles/Ultrasonic.dir/C_/Users/Chervelle/.pico-sdk/sdk/2.2.0/src/rp2_common/pico_stdio_usb/reset_interface.c.obj
 .text.resetd_xfer_cb
                0x1000455c        0x4 CMakeFiles/Ultrasonic.dir/C_/Users/Chervelle/.pico-sdk/sdk/2.2.0/src/rp2_common/pico_stdio_usb/reset_interface.c.obj
 .text.resetd_control_xfer_cb
                0x10004560       0x60 CMakeFiles/Ultrasonic.dir/C_/Users/Chervelle/.pico-sdk/sdk/2.2.0/src/rp2_common/pico_stdio_usb/reset_interface.c.obj
 .text.tud_descriptor_bos_cb
                0x100045c0        0x8 CMakeFiles/Ultrasonic.dir/C_/Users/Chervelle/.pico-sdk/sdk/2.2.0/src/rp2_common/pico_stdio_usb/reset_interface.c.obj
                0x100045c0                tud_descriptor_bos_cb
 .text.tud_vendor_control_xfer_cb
                0x100045c8       0x38 CMakeFiles/Ultrasonic.dir/C_/Users/Chervelle/.pico-sdk/sdk/2.2.0/src/rp2_common/pico_stdio_usb/reset_interface.c.obj
                0x100045c8                tud_vendor_control_xfer_cb
 .text.usbd_app_driver_get_cb
                0x10004600        0xc CMakeFiles/Ultrasonic.dir/C_/Users/Chervelle/.pico-sdk/sdk/2.2.0/src/rp2_common/pico_stdio_usb/reset_interface.c.obj
                0x10004600                usbd_app_driver_get_cb
 .text.tud_cdc_line_coding_cb
                0x1000460c       0x2c CMakeFiles/Ultrasonic.dir/C_/Users/Chervelle/.pico-sdk/sdk/2.2.0/src/rp2_common/pico_stdio_usb/reset_interface.c.obj
                0x1000460c                tud_cdc_line_coding_cb
 .text.stdio_usb_set_chars_available_callback
                0x10004638       0x14 CMakeFiles/Ultrasonic.dir/C_/Users/Chervelle/.pico-sdk/sdk/2.2.0/src/rp2_common/pico_stdio_usb/stdio_usb.c.obj
                0x10004638                stdio_usb_set_chars_available_callback
 .text.stdio_usb_out_flush
                0x1000464c       0x4c CMakeFiles/Ultrasonic.dir/C_/Users/Chervelle/.pico-sdk/sdk/2.2.0/src/rp2_common/pico_stdio_usb/stdio_usb.c.obj
 .text.usb_irq  0x10004698       0x10 CMakeFiles/Ultrasonic.dir/C_/Users/Chervelle/.pico-sdk/sdk/2.2.0/src/rp2_common/pico_stdio_usb/stdio_usb.c.obj
 .text.timer_task
                0x100046a8       0x6c CMakeFiles/Ultrasonic.dir/C_/Users/Chervelle/.pico-sdk/sdk/2.2.0/src/rp2_common/pico_stdio_usb/stdio_usb.c.obj
 .text.alarm_pool_add_alarm_in_us
                0x10004714       0x40 CMakeFiles/Ultrasonic.dir/C_/Users/Chervelle/.pico-sdk/sdk/2.2.0/src/rp2_common/pico_stdio_usb/stdio_usb.c.obj
 .text.add_alarm_in_us
                0x10004754       0x2e CMakeFiles/Ultrasonic.dir/C_/Users/Chervelle/.pico-sdk/sdk/2.2.0/src/rp2_common/pico_stdio_usb/stdio_usb.c.obj
 *fill*         0x10004782        0x2 
 .text.low_priority_worker_irq
                0x10004784       0xa8 CMakeFiles/Ultrasonic.dir/C_/Users/Chervelle/.pico-sdk/sdk/2.2.0/src/rp2_common/pico_stdio_usb/stdio_usb.c.obj
 .text.stdio_usb_init
                0x1000482c       0xe0 CMakeFiles/Ultrasonic.dir/C_/Users/Chervelle/.pico-sdk/sdk/2.2.0/src/rp2_common/pico_stdio_usb/stdio_usb.c.obj
                0x1000482c                stdio_usb_init
 .text.stdio_usb_connected
                0x1000490c        0xa CMakeFiles/Ultrasonic.dir/C_/Users/Chervelle/.pico-sdk/sdk/2.2.0/src/rp2_common/pico_stdio_usb/stdio_usb.c.obj
                0x1000490c                stdio_usb_connected
 *fill*         0x10004916        0x2 
 .text.stdio_usb_in_chars
                0x10004918       0x98 CMakeFiles/Ultrasonic.dir/C_/Users/Chervelle/.pico-sdk/sdk/2.2.0/src/rp2_common/pico_stdio_usb/stdio_usb.c.obj
                0x10004918                stdio_usb_in_chars
 .text.stdio_usb_out_chars
                0x100049b0       0xe8 CMakeFiles/Ultrasonic.dir/C_/Users/Chervelle/.pico-sdk/sdk/2.2.0/src/rp2_common/pico_stdio_usb/stdio_usb.c.obj
 .text.tud_descriptor_device_cb
                0x10004a98        0x8 CMakeFiles/Ultrasonic.dir/C_/Users/Chervelle/.pico-sdk/sdk/2.2.0/src/rp2_common/pico_stdio_usb/stdio_usb_descriptors.c.obj
                0x10004a98                tud_descriptor_device_cb
 .text.tud_descriptor_configuration_cb
                0x10004aa0        0x8 CMakeFiles/Ultrasonic.dir/C_/Users/Chervelle/.pico-sdk/sdk/2.2.0/src/rp2_common/pico_stdio_usb/stdio_usb_descriptors.c.obj
                0x10004aa0                tud_descriptor_configuration_cb
 .text.tud_descriptor_string_cb
                0x10004aa8       0x6c CMakeFiles/Ultrasonic.dir/C_/Users/Chervelle/.pico-sdk/sdk/2.2.0/src/rp2_common/pico_stdio_usb/stdio_usb_descriptors.c.obj
                0x10004aa8                tud_descriptor_string_cb
 .text._retrieve_unique_id_on_boot
                0x10004b14       0x10 CMakeFiles/Ultrasonic.dir/C_/Users/Chervelle/.pico-sdk/sdk/2.2.0/src/rp2_common/pico_unique_id/unique_id.c.obj
 .text.pico_get_unique_board_id_string
                0x10004b24       0x58 CMakeFiles/Ultrasonic.dir/C_/Users/Chervelle/.pico-sdk/sdk/2.2.0/src/rp2_common/pico_unique_id/unique_id.c.obj
                0x10004b24                pico_get_unique_board_id_string
 .text.flash_get_unique_id
                0x10004b7c       0x40 CMakeFiles/Ultrasonic.dir/C_/Users/Chervelle/.pico-sdk/sdk/2.2.0/src/rp2_common/hardware_flash/flash.c.obj
                0x10004b7c                flash_get_unique_id
 .text.hw_endpoint_init
                0x10004bbc       0xc0 CMakeFiles/Ultrasonic.dir/C_/Users/Chervelle/.pico-sdk/sdk/2.2.0/lib/tinyusb/src/portable/raspberrypi/rp2040/dcd_rp2040.c.obj
 .text.hw_endpoint_alloc
                0x10004c7c       0x48 CMakeFiles/Ultrasonic.dir/C_/Users/Chervelle/.pico-sdk/sdk/2.2.0/lib/tinyusb/src/portable/raspberrypi/rp2040/dcd_rp2040.c.obj
 .text.hw_endpoint_open
                0x10004cc4       0x50 CMakeFiles/Ultrasonic.dir/C_/Users/Chervelle/.pico-sdk/sdk/2.2.0/lib/tinyusb/src/portable/raspberrypi/rp2040/dcd_rp2040.c.obj
 .text.hw_endpoint_xfer
                0x10004d14       0x20 CMakeFiles/Ultrasonic.dir/C_/Users/Chervelle/.pico-sdk/sdk/2.2.0/lib/tinyusb/src/portable/raspberrypi/rp2040/dcd_rp2040.c.obj
 .text.dcd_int_enable
                0x10004d34       0x2c CMakeFiles/Ultrasonic.dir/C_/Users/Chervelle/.pico-sdk/sdk/2.2.0/lib/tinyusb/src/portable/raspberrypi/rp2040/dcd_rp2040.c.obj
                0x10004d34                dcd_int_enable
 .text.dcd_set_address
                0x10004d60       0x2c CMakeFiles/Ultrasonic.dir/C_/Users/Chervelle/.pico-sdk/sdk/2.2.0/lib/tinyusb/src/portable/raspberrypi/rp2040/dcd_rp2040.c.obj
                0x10004d60                dcd_set_address
 .text.dcd_connect
                0x10004d8c       0x10 CMakeFiles/Ultrasonic.dir/C_/Users/Chervelle/.pico-sdk/sdk/2.2.0/lib/tinyusb/src/portable/raspberrypi/rp2040/dcd_rp2040.c.obj
                0x10004d8c                dcd_connect
 .text.dcd_init
                0x10004d9c       0x80 CMakeFiles/Ultrasonic.dir/C_/Users/Chervelle/.pico-sdk/sdk/2.2.0/lib/tinyusb/src/portable/raspberrypi/rp2040/dcd_rp2040.c.obj
                0x10004d9c                dcd_init
 .text.dcd_sof_enable
                0x10004e1c       0x1c CMakeFiles/Ultrasonic.dir/C_/Users/Chervelle/.pico-sdk/sdk/2.2.0/lib/tinyusb/src/portable/raspberrypi/rp2040/dcd_rp2040.c.obj
                0x10004e1c                dcd_sof_enable
 .text.dcd_edpt0_status_complete
                0x10004e38       0x1c CMakeFiles/Ultrasonic.dir/C_/Users/Chervelle/.pico-sdk/sdk/2.2.0/lib/tinyusb/src/portable/raspberrypi/rp2040/dcd_rp2040.c.obj
                0x10004e38                dcd_edpt0_status_complete
 .text.dcd_edpt_open
                0x10004e54       0x26 CMakeFiles/Ultrasonic.dir/C_/Users/Chervelle/.pico-sdk/sdk/2.2.0/lib/tinyusb/src/portable/raspberrypi/rp2040/dcd_rp2040.c.obj
                0x10004e54                dcd_edpt_open
 .text.dcd_edpt_close_all
                0x10004e7a        0x8 CMakeFiles/Ultrasonic.dir/C_/Users/Chervelle/.pico-sdk/sdk/2.2.0/lib/tinyusb/src/portable/raspberrypi/rp2040/dcd_rp2040.c.obj
                0x10004e7a                dcd_edpt_close_all
 *fill*         0x10004e82        0x2 
 .text.dcd_edpt_xfer
                0x10004e84       0x30 CMakeFiles/Ultrasonic.dir/C_/Users/Chervelle/.pico-sdk/sdk/2.2.0/lib/tinyusb/src/portable/raspberrypi/rp2040/dcd_rp2040.c.obj
                0x10004e84                dcd_edpt_xfer
 .text.dcd_edpt_stall
                0x10004eb4       0x3c CMakeFiles/Ultrasonic.dir/C_/Users/Chervelle/.pico-sdk/sdk/2.2.0/lib/tinyusb/src/portable/raspberrypi/rp2040/dcd_rp2040.c.obj
                0x10004eb4                dcd_edpt_stall
 .text.dcd_edpt_clear_stall
                0x10004ef0       0x30 CMakeFiles/Ultrasonic.dir/C_/Users/Chervelle/.pico-sdk/sdk/2.2.0/lib/tinyusb/src/portable/raspberrypi/rp2040/dcd_rp2040.c.obj
                0x10004ef0                dcd_edpt_clear_stall
 .text.unaligned_memcpy
                0x10004f20       0x14 CMakeFiles/Ultrasonic.dir/C_/Users/Chervelle/.pico-sdk/sdk/2.2.0/lib/tinyusb/src/portable/raspberrypi/rp2040/rp2040_usb.c.obj
 .text.rp2040_usb_init
                0x10004f34       0x44 CMakeFiles/Ultrasonic.dir/C_/Users/Chervelle/.pico-sdk/sdk/2.2.0/lib/tinyusb/src/portable/raspberrypi/rp2040/rp2040_usb.c.obj
                0x10004f34                rp2040_usb_init
 .text.hw_endpoint_xfer_start
                0x10004f78       0x60 CMakeFiles/Ultrasonic.dir/C_/Users/Chervelle/.pico-sdk/sdk/2.2.0/lib/tinyusb/src/portable/raspberrypi/rp2040/rp2040_usb.c.obj
                0x10004f78                hw_endpoint_xfer_start
 .text.configuration_reset
                0x10004fd8       0x84 CMakeFiles/Ultrasonic.dir/C_/Users/Chervelle/.pico-sdk/sdk/2.2.0/lib/tinyusb/src/device/usbd.c.obj
 .text.usbd_reset
                0x1000505c        0xc CMakeFiles/Ultrasonic.dir/C_/Users/Chervelle/.pico-sdk/sdk/2.2.0/lib/tinyusb/src/device/usbd.c.obj
 .text.invoke_class_control
                0x10005068       0x1a CMakeFiles/Ultrasonic.dir/C_/Users/Chervelle/.pico-sdk/sdk/2.2.0/lib/tinyusb/src/device/usbd.c.obj
 *fill*         0x10005082        0x2 
 .text.process_set_config
                0x10005084      0x1b0 CMakeFiles/Ultrasonic.dir/C_/Users/Chervelle/.pico-sdk/sdk/2.2.0/lib/tinyusb/src/device/usbd.c.obj
 .text.tud_event_hook_cb
                0x10005234        0x2 CMakeFiles/Ultrasonic.dir/C_/Users/Chervelle/.pico-sdk/sdk/2.2.0/lib/tinyusb/src/device/usbd.c.obj
                0x10005234                tud_event_hook_cb
 .text.tud_sof_cb
                0x10005236        0x2 CMakeFiles/Ultrasonic.dir/C_/Users/Chervelle/.pico-sdk/sdk/2.2.0/lib/tinyusb/src/device/usbd.c.obj
                0x10005236                tud_sof_cb
 .text.tud_descriptor_device_qualifier_cb
                0x10005238        0x4 CMakeFiles/Ultrasonic.dir/C_/Users/Chervelle/.pico-sdk/sdk/2.2.0/lib/tinyusb/src/device/usbd.c.obj
                0x10005238                tud_descriptor_device_qualifier_cb
 .text.tud_descriptor_other_speed_configuration_cb
                0x1000523c        0x4 CMakeFiles/Ultrasonic.dir/C_/Users/Chervelle/.pico-sdk/sdk/2.2.0/lib/tinyusb/src/device/usbd.c.obj
                0x1000523c                tud_descriptor_other_speed_configuration_cb
 .text.process_get_descriptor
                0x10005240       0xe0 CMakeFiles/Ultrasonic.dir/C_/Users/Chervelle/.pico-sdk/sdk/2.2.0/lib/tinyusb/src/device/usbd.c.obj
 .text.tud_mount_cb
                0x10005320        0x2 CMakeFiles/Ultrasonic.dir/C_/Users/Chervelle/.pico-sdk/sdk/2.2.0/lib/tinyusb/src/device/usbd.c.obj
                0x10005320                tud_mount_cb
 .text.tud_umount_cb
                0x10005322        0x2 CMakeFiles/Ultrasonic.dir/C_/Users/Chervelle/.pico-sdk/sdk/2.2.0/lib/tinyusb/src/device/usbd.c.obj
                0x10005322                tud_umount_cb
 .text.tud_suspend_cb
                0x10005324        0x2 CMakeFiles/Ultrasonic.dir/C_/Users/Chervelle/.pico-sdk/sdk/2.2.0/lib/tinyusb/src/device/usbd.c.obj
                0x10005324                tud_suspend_cb
 .text.tud_resume_cb
                0x10005326        0x2 CMakeFiles/Ultrasonic.dir/C_/Users/Chervelle/.pico-sdk/sdk/2.2.0/lib/tinyusb/src/device/usbd.c.obj
                0x10005326                tud_resume_cb
 .text.tud_mounted
                0x10005328       0x10 CMakeFiles/Ultrasonic.dir/C_/Users/Chervelle/.pico-sdk/sdk/2.2.0/lib/tinyusb/src/device/usbd.c.obj
                0x10005328                tud_mounted
 .text.tud_suspended
                0x10005338       0x10 CMakeFiles/Ultrasonic.dir/C_/Users/Chervelle/.pico-sdk/sdk/2.2.0/lib/tinyusb/src/device/usbd.c.obj
                0x10005338                tud_suspended
 .text.tud_inited
                0x10005348       0x14 CMakeFiles/Ultrasonic.dir/C_/Users/Chervelle/.pico-sdk/sdk/2.2.0/lib/tinyusb/src/device/usbd.c.obj
                0x10005348                tud_inited
 .text.tud_rhport_init
                0x1000535c      0x100 CMakeFiles/Ultrasonic.dir/C_/Users/Chervelle/.pico-sdk/sdk/2.2.0/lib/tinyusb/src/device/usbd.c.obj
                0x1000535c                tud_rhport_init
 .text.usbd_edpt_open
                0x1000545c       0x60 CMakeFiles/Ultrasonic.dir/C_/Users/Chervelle/.pico-sdk/sdk/2.2.0/lib/tinyusb/src/device/usbd.c.obj
                0x1000545c                usbd_edpt_open
 .text.usbd_open_edpt_pair
                0x100054bc       0x88 CMakeFiles/Ultrasonic.dir/C_/Users/Chervelle/.pico-sdk/sdk/2.2.0/lib/tinyusb/src/device/usbd.c.obj
                0x100054bc                usbd_open_edpt_pair
 .text.usbd_edpt_claim
                0x10005544       0x28 CMakeFiles/Ultrasonic.dir/C_/Users/Chervelle/.pico-sdk/sdk/2.2.0/lib/tinyusb/src/device/usbd.c.obj
                0x10005544                usbd_edpt_claim
 .text.usbd_edpt_release
                0x1000556c       0x28 CMakeFiles/Ultrasonic.dir/C_/Users/Chervelle/.pico-sdk/sdk/2.2.0/lib/tinyusb/src/device/usbd.c.obj
                0x1000556c                usbd_edpt_release
 .text.usbd_edpt_xfer
                0x10005594       0x88 CMakeFiles/Ultrasonic.dir/C_/Users/Chervelle/.pico-sdk/sdk/2.2.0/lib/tinyusb/src/device/usbd.c.obj
                0x10005594                usbd_edpt_xfer
 .text.usbd_edpt_stall
                0x1000561c       0x34 CMakeFiles/Ultrasonic.dir/C_/Users/Chervelle/.pico-sdk/sdk/2.2.0/lib/tinyusb/src/device/usbd.c.obj
                0x1000561c                usbd_edpt_stall
 .text.usbd_edpt_clear_stall
                0x10005650       0x34 CMakeFiles/Ultrasonic.dir/C_/Users/Chervelle/.pico-sdk/sdk/2.2.0/lib/tinyusb/src/device/usbd.c.obj
                0x10005650                usbd_edpt_clear_stall
 .text.usbd_edpt_stalled
                0x10005684       0x1c CMakeFiles/Ultrasonic.dir/C_/Users/Chervelle/.pico-sdk/sdk/2.2.0/lib/tinyusb/src/device/usbd.c.obj
                0x10005684                usbd_edpt_stalled
 .text.process_control_request
                0x100056a0      0x384 CMakeFiles/Ultrasonic.dir/C_/Users/Chervelle/.pico-sdk/sdk/2.2.0/lib/tinyusb/src/device/usbd.c.obj
 .text.tud_task_ext
                0x10005a24      0x1d0 CMakeFiles/Ultrasonic.dir/C_/Users/Chervelle/.pico-sdk/sdk/2.2.0/lib/tinyusb/src/device/usbd.c.obj
                0x10005a24                tud_task_ext
 .text.status_stage_xact
                0x10005bf4       0x1a CMakeFiles/Ultrasonic.dir/C_/Users/Chervelle/.pico-sdk/sdk/2.2.0/lib/tinyusb/src/device/usbd_control.c.obj
 *fill*         0x10005c0e        0x2 
 .text.data_stage_xact
                0x10005c10       0x60 CMakeFiles/Ultrasonic.dir/C_/Users/Chervelle/.pico-sdk/sdk/2.2.0/lib/tinyusb/src/device/usbd_control.c.obj
 .text.tud_control_status
                0x10005c70       0x28 CMakeFiles/Ultrasonic.dir/C_/Users/Chervelle/.pico-sdk/sdk/2.2.0/lib/tinyusb/src/device/usbd_control.c.obj
                0x10005c70                tud_control_status
 .text.tud_control_xfer
                0x10005c98       0x98 CMakeFiles/Ultrasonic.dir/C_/Users/Chervelle/.pico-sdk/sdk/2.2.0/lib/tinyusb/src/device/usbd_control.c.obj
                0x10005c98                tud_control_xfer
 .text.usbd_control_reset
                0x10005d30       0x14 CMakeFiles/Ultrasonic.dir/C_/Users/Chervelle/.pico-sdk/sdk/2.2.0/lib/tinyusb/src/device/usbd_control.c.obj
                0x10005d30                usbd_control_reset
 .text.usbd_control_set_complete_callback
                0x10005d44        0xc CMakeFiles/Ultrasonic.dir/C_/Users/Chervelle/.pico-sdk/sdk/2.2.0/lib/tinyusb/src/device/usbd_control.c.obj
                0x10005d44                usbd_control_set_complete_callback
 .text.usbd_control_set_request
                0x10005d50       0x1c CMakeFiles/Ultrasonic.dir/C_/Users/Chervelle/.pico-sdk/sdk/2.2.0/lib/tinyusb/src/device/usbd_control.c.obj
                0x10005d50                usbd_control_set_request
 .text.usbd_control_xfer_cb
                0x10005d6c       0xe0 CMakeFiles/Ultrasonic.dir/C_/Users/Chervelle/.pico-sdk/sdk/2.2.0/lib/tinyusb/src/device/usbd_control.c.obj
                0x10005d6c                usbd_control_xfer_cb
 .text._prep_out_transaction
                0x10005e4c       0x94 CMakeFiles/Ultrasonic.dir/C_/Users/Chervelle/.pico-sdk/sdk/2.2.0/lib/tinyusb/src/class/cdc/cdc_device.c.obj
 .text.tud_cdc_n_connected
                0x10005ee0       0x38 CMakeFiles/Ultrasonic.dir/C_/Users/Chervelle/.pico-sdk/sdk/2.2.0/lib/tinyusb/src/class/cdc/cdc_device.c.obj
                0x10005ee0                tud_cdc_n_connected
 .text.tud_cdc_n_available
                0x10005f18       0x18 CMakeFiles/Ultrasonic.dir/C_/Users/Chervelle/.pico-sdk/sdk/2.2.0/lib/tinyusb/src/class/cdc/cdc_device.c.obj
                0x10005f18                tud_cdc_n_available
 .text.tud_cdc_n_read
                0x10005f30       0x38 CMakeFiles/Ultrasonic.dir/C_/Users/Chervelle/.pico-sdk/sdk/2.2.0/lib/tinyusb/src/class/cdc/cdc_device.c.obj
                0x10005f30                tud_cdc_n_read
 .text.tud_cdc_n_write_flush
                0x10005f68       0xb0 CMakeFiles/Ultrasonic.dir/C_/Users/Chervelle/.pico-sdk/sdk/2.2.0/lib/tinyusb/src/class/cdc/cdc_device.c.obj
                0x10005f68                tud_cdc_n_write_flush
 .text.tud_cdc_n_write
                0x10006018       0x48 CMakeFiles/Ultrasonic.dir/C_/Users/Chervelle/.pico-sdk/sdk/2.2.0/lib/tinyusb/src/class/cdc/cdc_device.c.obj
                0x10006018                tud_cdc_n_write
 .text.tud_cdc_n_write_available
                0x10006060       0x18 CMakeFiles/Ultrasonic.dir/C_/Users/Chervelle/.pico-sdk/sdk/2.2.0/lib/tinyusb/src/class/cdc/cdc_device.c.obj
                0x10006060                tud_cdc_n_write_available
 .text.cdcd_init
                0x10006078       0xac CMakeFiles/Ultrasonic.dir/C_/Users/Chervelle/.pico-sdk/sdk/2.2.0/lib/tinyusb/src/class/cdc/cdc_device.c.obj
                0x10006078                cdcd_init
 .text.cdcd_deinit
                0x10006124       0x48 CMakeFiles/Ultrasonic.dir/C_/Users/Chervelle/.pico-sdk/sdk/2.2.0/lib/tinyusb/src/class/cdc/cdc_device.c.obj
                0x10006124                cdcd_deinit
 .text.cdcd_reset
                0x1000616c       0x70 CMakeFiles/Ultrasonic.dir/C_/Users/Chervelle/.pico-sdk/sdk/2.2.0/lib/tinyusb/src/class/cdc/cdc_device.c.obj
                0x1000616c                cdcd_reset
 .text.cdcd_open
                0x100061dc       0xec CMakeFiles/Ultrasonic.dir/C_/Users/Chervelle/.pico-sdk/sdk/2.2.0/lib/tinyusb/src/class/cdc/cdc_device.c.obj
                0x100061dc                cdcd_open
 .text.cdcd_control_xfer_cb
                0x100062c8      0x13c CMakeFiles/Ultrasonic.dir/C_/Users/Chervelle/.pico-sdk/sdk/2.2.0/lib/tinyusb/src/class/cdc/cdc_device.c.obj
                0x100062c8                cdcd_control_xfer_cb
 .text.cdcd_xfer_cb
                0x10006404      0x148 CMakeFiles/Ultrasonic.dir/C_/Users/Chervelle/.pico-sdk/sdk/2.2.0/lib/tinyusb/src/class/cdc/cdc_device.c.obj
                0x10006404                cdcd_xfer_cb
 .text.tud_vendor_n_mounted
                0x1000654c       0x3c CMakeFiles/Ultrasonic.dir/C_/Users/Chervelle/.pico-sdk/sdk/2.2.0/lib/tinyusb/src/class/vendor/vendor_device.c.obj
                0x1000654c                tud_vendor_n_mounted
 .text.tud_vendor_n_write_flush
                0x10006588       0x20 CMakeFiles/Ultrasonic.dir/C_/Users/Chervelle/.pico-sdk/sdk/2.2.0/lib/tinyusb/src/class/vendor/vendor_device.c.obj
                0x10006588                tud_vendor_n_write_flush
 .text.vendord_init
                0x100065a8       0x9c CMakeFiles/Ultrasonic.dir/C_/Users/Chervelle/.pico-sdk/sdk/2.2.0/lib/tinyusb/src/class/vendor/vendor_device.c.obj
                0x100065a8                vendord_init
 .text.vendord_deinit
                0x10006644       0x34 CMakeFiles/Ultrasonic.dir/C_/Users/Chervelle/.pico-sdk/sdk/2.2.0/lib/tinyusb/src/class/vendor/vendor_device.c.obj
                0x10006644                vendord_deinit
 .text.vendord_reset
                0x10006678       0x50 CMakeFiles/Ultrasonic.dir/C_/Users/Chervelle/.pico-sdk/sdk/2.2.0/lib/tinyusb/src/class/vendor/vendor_device.c.obj
                0x10006678                vendord_reset
 .text.vendord_open
                0x100066c8      0x14c CMakeFiles/Ultrasonic.dir/C_/Users/Chervelle/.pico-sdk/sdk/2.2.0/lib/tinyusb/src/class/vendor/vendor_device.c.obj
                0x100066c8                vendord_open
 .text.vendord_xfer_cb
                0x10006814       0xd8 CMakeFiles/Ultrasonic.dir/C_/Users/Chervelle/.pico-sdk/sdk/2.2.0/lib/tinyusb/src/class/vendor/vendor_device.c.obj
                0x10006814                vendord_xfer_cb
 .text.tusb_rhport_init
                0x100068ec       0x78 CMakeFiles/Ultrasonic.dir/C_/Users/Chervelle/.pico-sdk/sdk/2.2.0/lib/tinyusb/src/tusb.c.obj
                0x100068ec                tusb_rhport_init
 .text.tu_edpt_claim
                0x10006964       0x50 CMakeFiles/Ultrasonic.dir/C_/Users/Chervelle/.pico-sdk/sdk/2.2.0/lib/tinyusb/src/tusb.c.obj
                0x10006964                tu_edpt_claim
 .text.tu_edpt_release
                0x100069b4       0x38 CMakeFiles/Ultrasonic.dir/C_/Users/Chervelle/.pico-sdk/sdk/2.2.0/lib/tinyusb/src/tusb.c.obj
                0x100069b4                tu_edpt_release
 .text.tu_edpt_validate
                0x100069ec       0xac CMakeFiles/Ultrasonic.dir/C_/Users/Chervelle/.pico-sdk/sdk/2.2.0/lib/tinyusb/src/tusb.c.obj
                0x100069ec                tu_edpt_validate
 .text.tu_edpt_bind_driver
                0x10006a98       0x26 CMakeFiles/Ultrasonic.dir/C_/Users/Chervelle/.pico-sdk/sdk/2.2.0/lib/tinyusb/src/tusb.c.obj
                0x10006a98                tu_edpt_bind_driver
 .text.tu_edpt_stream_init
                0x10006abe       0x62 CMakeFiles/Ultrasonic.dir/C_/Users/Chervelle/.pico-sdk/sdk/2.2.0/lib/tinyusb/src/tusb.c.obj
                0x10006abe                tu_edpt_stream_init
 .text.tu_edpt_stream_deinit
                0x10006b20        0x4 CMakeFiles/Ultrasonic.dir/C_/Users/Chervelle/.pico-sdk/sdk/2.2.0/lib/tinyusb/src/tusb.c.obj
                0x10006b20                tu_edpt_stream_deinit
 .text.tu_edpt_stream_write_zlp_if_needed
                0x10006b24       0x80 CMakeFiles/Ultrasonic.dir/C_/Users/Chervelle/.pico-sdk/sdk/2.2.0/lib/tinyusb/src/tusb.c.obj
                0x10006b24                tu_edpt_stream_write_zlp_if_needed
 .text.tu_edpt_stream_write_xfer
                0x10006ba4       0x84 CMakeFiles/Ultrasonic.dir/C_/Users/Chervelle/.pico-sdk/sdk/2.2.0/lib/tinyusb/src/tusb.c.obj
                0x10006ba4                tu_edpt_stream_write_xfer
 .text.tu_edpt_stream_read_xfer
                0x10006c28       0xf4 CMakeFiles/Ultrasonic.dir/C_/Users/Chervelle/.pico-sdk/sdk/2.2.0/lib/tinyusb/src/tusb.c.obj
                0x10006c28                tu_edpt_stream_read_xfer
 .text.advance_index
                0x10006d1c       0x1a CMakeFiles/Ultrasonic.dir/C_/Users/Chervelle/.pico-sdk/sdk/2.2.0/lib/tinyusb/src/common/tusb_fifo.c.obj
 .text._tu_fifo_peek
                0x10006d36       0x56 CMakeFiles/Ultrasonic.dir/C_/Users/Chervelle/.pico-sdk/sdk/2.2.0/lib/tinyusb/src/common/tusb_fifo.c.obj
 .text._ff_pull_n
                0x10006d8c       0x68 CMakeFiles/Ultrasonic.dir/C_/Users/Chervelle/.pico-sdk/sdk/2.2.0/lib/tinyusb/src/common/tusb_fifo.c.obj
 .text._tu_fifo_peek_n
                0x10006df4       0x6a CMakeFiles/Ultrasonic.dir/C_/Users/Chervelle/.pico-sdk/sdk/2.2.0/lib/tinyusb/src/common/tusb_fifo.c.obj
 .text._tu_fifo_read_n
                0x10006e5e       0x4e CMakeFiles/Ultrasonic.dir/C_/Users/Chervelle/.pico-sdk/sdk/2.2.0/lib/tinyusb/src/common/tusb_fifo.c.obj
 .text._ff_push_n
                0x10006eac       0x68 CMakeFiles/Ultrasonic.dir/C_/Users/Chervelle/.pico-sdk/sdk/2.2.0/lib/tinyusb/src/common/tusb_fifo.c.obj
 .text._tu_fifo_write_n
                0x10006f14       0xf0 CMakeFiles/Ultrasonic.dir/C_/Users/Chervelle/.pico-sdk/sdk/2.2.0/lib/tinyusb/src/common/tusb_fifo.c.obj
 .text.tu_fifo_config
                0x10007004       0x7c CMakeFiles/Ultrasonic.dir/C_/Users/Chervelle/.pico-sdk/sdk/2.2.0/lib/tinyusb/src/common/tusb_fifo.c.obj
                0x10007004                tu_fifo_config
 .text.tu_fifo_count
                0x10007080       0x2c CMakeFiles/Ultrasonic.dir/C_/Users/Chervelle/.pico-sdk/sdk/2.2.0/lib/tinyusb/src/common/tusb_fifo.c.obj
                0x10007080                tu_fifo_count
 .text.tu_fifo_empty
                0x100070ac        0xe CMakeFiles/Ultrasonic.dir/C_/Users/Chervelle/.pico-sdk/sdk/2.2.0/lib/tinyusb/src/common/tusb_fifo.c.obj
                0x100070ac                tu_fifo_empty
 .text.tu_fifo_full
                0x100070ba       0x2a CMakeFiles/Ultrasonic.dir/C_/Users/Chervelle/.pico-sdk/sdk/2.2.0/lib/tinyusb/src/common/tusb_fifo.c.obj
                0x100070ba                tu_fifo_full
 .text.tu_fifo_remaining
                0x100070e4       0x2e CMakeFiles/Ultrasonic.dir/C_/Users/Chervelle/.pico-sdk/sdk/2.2.0/lib/tinyusb/src/common/tusb_fifo.c.obj
                0x100070e4                tu_fifo_remaining
 .text.tu_fifo_read
                0x10007112       0x42 CMakeFiles/Ultrasonic.dir/C_/Users/Chervelle/.pico-sdk/sdk/2.2.0/lib/tinyusb/src/common/tusb_fifo.c.obj
                0x10007112                tu_fifo_read
 .text.tu_fifo_read_n
                0x10007154        0xa CMakeFiles/Ultrasonic.dir/C_/Users/Chervelle/.pico-sdk/sdk/2.2.0/lib/tinyusb/src/common/tusb_fifo.c.obj
                0x10007154                tu_fifo_read_n
 .text.tu_fifo_write
                0x1000715e       0x64 CMakeFiles/Ultrasonic.dir/C_/Users/Chervelle/.pico-sdk/sdk/2.2.0/lib/tinyusb/src/common/tusb_fifo.c.obj
                0x1000715e                tu_fifo_write
 .text.tu_fifo_write_n
                0x100071c2        0xa CMakeFiles/Ultrasonic.dir/C_/Users/Chervelle/.pico-sdk/sdk/2.2.0/lib/tinyusb/src/common/tusb_fifo.c.obj
                0x100071c2                tu_fifo_write_n
 .text.tu_fifo_clear
                0x100071cc       0x3e CMakeFiles/Ultrasonic.dir/C_/Users/Chervelle/.pico-sdk/sdk/2.2.0/lib/tinyusb/src/common/tusb_fifo.c.obj
                0x100071cc                tu_fifo_clear
 .text.tu_fifo_set_overwritable
                0x1000720a       0x46 CMakeFiles/Ultrasonic.dir/C_/Users/Chervelle/.pico-sdk/sdk/2.2.0/lib/tinyusb/src/common/tusb_fifo.c.obj
                0x1000720a                tu_fifo_set_overwritable
 .text.strlen   0x10007250       0x5c C:/Users/Chervelle/.pico-sdk/toolchain/14_2_Rel1/bin/../lib/gcc/arm-none-eabi/14.2.1/thumb/v6-m/nofp\libg.a(libc_a-strlen-stub.o)
                0x10007250                strlen
 *(.fini)
 .fini          0x100072ac        0x4 C:/Users/Chervelle/.pico-sdk/toolchain/14_2_Rel1/bin/../lib/gcc/arm-none-eabi/14.2.1/thumb/v6-m/nofp/crti.o
                0x100072ac                _fini
 .fini.__stub   0x100072b0       0xd0 linker stubs
 *crtbegin.o(.ctors)
 *crtbegin?.o(.ctors)
 *(EXCLUDE_FILE(*crtend.o *crtend?.o) .ctors)
 *(SORT_BY_NAME(.ctors.*))
 *(.ctors)
 *crtbegin.o(.dtors)
 *crtbegin?.o(.dtors)
 *(EXCLUDE_FILE(*crtend.o *crtend?.o) .dtors)
 *(SORT_BY_NAME(.dtors.*))
 *(.dtors)
                0x10007380                        . = ALIGN (0x4)
                0x10007380                        PROVIDE (__preinit_array_start = .)
 *(SORT_BY_NAME(.preinit_array.*))
 .preinit_array.00100
                0x10007380        0x4 CMakeFiles/Ultrasonic.dir/C_/Users/Chervelle/.pico-sdk/sdk/2.2.0/src/rp2_common/pico_runtime_init/runtime_init.c.obj
                0x10007380                __pre_init_runtime_init_early_resets
 .preinit_array.00101
                0x10007384        0x4 CMakeFiles/Ultrasonic.dir/C_/Users/Chervelle/.pico-sdk/sdk/2.2.0/src/rp2_common/pico_runtime_init/runtime_init.c.obj
                0x10007384                __pre_init_runtime_init_usb_power_down
 .preinit_array.00275
                0x10007388        0x4 CMakeFiles/Ultrasonic.dir/C_/Users/Chervelle/.pico-sdk/sdk/2.2.0/src/rp2_common/pico_bit_ops/bit_ops_aeabi.S.obj
 .preinit_array.00300
                0x1000738c        0x4 CMakeFiles/Ultrasonic.dir/C_/Users/Chervelle/.pico-sdk/sdk/2.2.0/src/rp2_common/pico_mem_ops/mem_ops_aeabi.S.obj
 .preinit_array.00350
                0x10007390        0x4 CMakeFiles/Ultrasonic.dir/C_/Users/Chervelle/.pico-sdk/sdk/2.2.0/src/rp2_common/pico_double/double_aeabi_rp2040.S.obj
 .preinit_array.00350
                0x10007394        0x4 CMakeFiles/Ultrasonic.dir/C_/Users/Chervelle/.pico-sdk/sdk/2.2.0/src/rp2_common/pico_float/float_aeabi_rp2040.S.obj
 .preinit_array.00500
                0x10007398        0x4 CMakeFiles/Ultrasonic.dir/C_/Users/Chervelle/.pico-sdk/sdk/2.2.0/src/rp2_common/pico_runtime_init/runtime_init.c.obj
                0x10007398                __pre_init_runtime_init_clocks
 .preinit_array.00600
                0x1000739c        0x4 CMakeFiles/Ultrasonic.dir/C_/Users/Chervelle/.pico-sdk/sdk/2.2.0/src/rp2_common/pico_runtime_init/runtime_init.c.obj
                0x1000739c                __pre_init_runtime_init_post_clock_resets
 .preinit_array.00700
                0x100073a0        0x4 CMakeFiles/Ultrasonic.dir/C_/Users/Chervelle/.pico-sdk/sdk/2.2.0/src/rp2_common/pico_runtime_init/runtime_init.c.obj
                0x100073a0                __pre_init_runtime_init_rp2040_gpio_ie_disable
 .preinit_array.01000
                0x100073a4        0x4 CMakeFiles/Ultrasonic.dir/C_/Users/Chervelle/.pico-sdk/sdk/2.2.0/src/rp2_common/pico_runtime_init/runtime_init.c.obj
                0x100073a4                __pre_init_runtime_init_spin_locks_reset
 .preinit_array.01100
                0x100073a8        0x4 CMakeFiles/Ultrasonic.dir/C_/Users/Chervelle/.pico-sdk/sdk/2.2.0/src/common/pico_sync/mutex.c.obj
                0x100073a8                __pre_init_runtime_init_mutex
 .preinit_array.10080
                0x100073ac        0x4 CMakeFiles/Ultrasonic.dir/C_/Users/Chervelle/.pico-sdk/sdk/2.2.0/src/rp2_common/pico_runtime_init/runtime_init.c.obj
                0x100073ac                __pre_init_runtime_init_install_ram_vector_table
 .preinit_array.11000
                0x100073b0        0x4 CMakeFiles/Ultrasonic.dir/C_/Users/Chervelle/.pico-sdk/sdk/2.2.0/src/common/pico_time/time.c.obj
                0x100073b0                __pre_init_runtime_init_default_alarm_pool
 .preinit_array.YYYYY
                0x100073b4        0x4 CMakeFiles/Ultrasonic.dir/C_/Users/Chervelle/.pico-sdk/sdk/2.2.0/src/rp2_common/pico_runtime/runtime.c.obj
                0x100073b4                __pre_init_first_per_core_initializer
 .preinit_array.ZZZZZ.01200
                0x100073b8        0x4 CMakeFiles/Ultrasonic.dir/C_/Users/Chervelle/.pico-sdk/sdk/2.2.0/src/rp2_common/hardware_irq/irq.c.obj
                0x100073b8                __pre_init_runtime_init_per_core_irq_priorities
 *(.preinit_array)
                0x100073bc                        PROVIDE (__preinit_array_end = .)
                0x100073bc                        . = ALIGN (0x4)
                0x100073bc                        PROVIDE (__init_array_start = .)
 *(SORT_BY_NAME(.init_array.*))
 .init_array.01000
                0x100073bc        0x4 CMakeFiles/Ultrasonic.dir/C_/Users/Chervelle/.pico-sdk/sdk/2.2.0/src/rp2_common/pico_unique_id/unique_id.c.obj
 *(.init_array)
 .init_array    0x100073c0        0x4 C:/Users/Chervelle/.pico-sdk/toolchain/14_2_Rel1/bin/../lib/gcc/arm-none-eabi/14.2.1/thumb/v6-m/nofp/crtbegin.o
                0x100073c4                        PROVIDE (__init_array_end = .)
                0x100073c4                        . = ALIGN (0x4)
                [!provide]                        PROVIDE (__fini_array_start = .)
 *(SORT_BY_NAME(.fini_array.*))
 *(.fini_array)
                [!provide]                        PROVIDE (__fini_array_end = .)
 *(.eh_frame*)
 .eh_frame      0x100073c4        0x0 C:/Users/Chervelle/.pico-sdk/toolchain/14_2_Rel1/bin/../lib/gcc/arm-none-eabi/14.2.1/thumb/v6-m/nofp/crtbegin.o
                0x100073c4                        . = ALIGN (0x4)

.glue_7         0x100073c4        0x0
 .glue_7        0x100073c4        0x0 linker stubs

.glue_7t        0x100073c4        0x0
 .glue_7t       0x100073c4        0x0 linker stubs

.vfp11_veneer   0x100073c4        0x0
 .vfp11_veneer  0x100073c4        0x0 linker stubs

.v4_bx          0x100073c4        0x0
 .v4_bx         0x100073c4        0x0 linker stubs

.iplt           0x100073c4        0x0
 .iplt          0x100073c4        0x0 C:/Users/Chervelle/.pico-sdk/toolchain/14_2_Rel1/bin/../lib/gcc/arm-none-eabi/14.2.1/thumb/v6-m/nofp/crtbegin.o

.rodata         0x100073c8     0x17d8
 *(EXCLUDE_FILE(*libm.a: *libc.a:*lib_a-mem*.o *libgcc.a:) .rodata*)
 .rodata.scanForObstacles.str1.4
                0x100073c8      0xfcb CMakeFiles/Ultrasonic.dir/main.c.obj
                                0x17a (size before relaxing)
 .rodata.main.str1.4
                0x10008393      0x1fe CMakeFiles/Ultrasonic.dir/main.c.obj
 .rodata.rp2040_chip_version.str1.4
                0x10008393       0x81 CMakeFiles/Ultrasonic.dir/C_/Users/Chervelle/.pico-sdk/sdk/2.2.0/src/rp2040/pico_platform/platform.c.obj
 *fill*         0x10008393        0x1 
 .rodata.__func__.0
                0x10008394       0x14 CMakeFiles/Ultrasonic.dir/C_/Users/Chervelle/.pico-sdk/sdk/2.2.0/src/rp2040/pico_platform/platform.c.obj
 .rodata.panic.str1.4
                0x100083a8       0x12 CMakeFiles/Ultrasonic.dir/C_/Users/Chervelle/.pico-sdk/sdk/2.2.0/src/rp2_common/pico_platform_panic/panic.c.obj
 .rodata.spin_lock_claim_unused.str1.4
                0x100083a8       0x1b CMakeFiles/Ultrasonic.dir/C_/Users/Chervelle/.pico-sdk/sdk/2.2.0/src/rp2_common/hardware_sync/sync.c.obj
 .rodata.resolve_j_16.str1.4
                0x100083a8       0x61 CMakeFiles/Ultrasonic.dir/C_/Users/Chervelle/.pico-sdk/sdk/2.2.0/src/rp2_common/hardware_irq/irq.c.obj
 .rodata.make_j_16.str1.4
                0x100083a8       0x30 CMakeFiles/Ultrasonic.dir/C_/Users/Chervelle/.pico-sdk/sdk/2.2.0/src/rp2_common/hardware_irq/irq.c.obj
 .rodata.irq_set_exclusive_handler.str1.4
                0x100083a8       0x36 CMakeFiles/Ultrasonic.dir/C_/Users/Chervelle/.pico-sdk/sdk/2.2.0/src/rp2_common/hardware_irq/irq.c.obj
 .rodata.irq_add_shared_handler.str1.4
                0x100083a8       0xd2 CMakeFiles/Ultrasonic.dir/C_/Users/Chervelle/.pico-sdk/sdk/2.2.0/src/rp2_common/hardware_irq/irq.c.obj
 .rodata.irq_add_tail_to_free_list.str1.4
                0x100083a8       0x3a CMakeFiles/Ultrasonic.dir/C_/Users/Chervelle/.pico-sdk/sdk/2.2.0/src/rp2_common/hardware_irq/irq.c.obj
 .rodata.user_irq_claim_unused.str1.4
                0x100083a8       0x1b CMakeFiles/Ultrasonic.dir/C_/Users/Chervelle/.pico-sdk/sdk/2.2.0/src/rp2_common/hardware_irq/irq.c.obj
 .rodata.__func__.0
                0x100083a8       0x1a CMakeFiles/Ultrasonic.dir/C_/Users/Chervelle/.pico-sdk/sdk/2.2.0/src/rp2_common/hardware_irq/irq.c.obj
 *fill*         0x100083c2        0x2 
 .rodata.__func__.3
                0x100083c4        0xa CMakeFiles/Ultrasonic.dir/C_/Users/Chervelle/.pico-sdk/sdk/2.2.0/src/rp2_common/hardware_irq/irq.c.obj
 *fill*         0x100083ce        0x2 
 .rodata.__func__.4
                0x100083d0        0xd CMakeFiles/Ultrasonic.dir/C_/Users/Chervelle/.pico-sdk/sdk/2.2.0/src/rp2_common/hardware_irq/irq.c.obj
 *fill*         0x100083dd        0x3 
 .rodata.__func__.5
                0x100083e0       0x17 CMakeFiles/Ultrasonic.dir/C_/Users/Chervelle/.pico-sdk/sdk/2.2.0/src/rp2_common/hardware_irq/irq.c.obj
 *fill*         0x100083f7        0x1 
 .rodata.__func__.6
                0x100083f8       0x1a CMakeFiles/Ultrasonic.dir/C_/Users/Chervelle/.pico-sdk/sdk/2.2.0/src/rp2_common/hardware_irq/irq.c.obj
 .rodata.runtime_init_mutex.str1.4
                0x10008412       0x64 CMakeFiles/Ultrasonic.dir/C_/Users/Chervelle/.pico-sdk/sdk/2.2.0/src/common/pico_sync/mutex.c.obj
 .rodata.str1.4
                0x10008412       0x51 CMakeFiles/Ultrasonic.dir/C_/Users/Chervelle/.pico-sdk/sdk/2.2.0/src/common/pico_sync/mutex.c.obj
 *fill*         0x10008412        0x2 
 .rodata.__func__.1
                0x10008414        0xb CMakeFiles/Ultrasonic.dir/C_/Users/Chervelle/.pico-sdk/sdk/2.2.0/src/common/pico_sync/mutex.c.obj
 *fill*         0x1000841f        0x1 
 .rodata.__func__.3
                0x10008420       0x18 CMakeFiles/Ultrasonic.dir/C_/Users/Chervelle/.pico-sdk/sdk/2.2.0/src/common/pico_sync/mutex.c.obj
 .rodata.__func__.6
                0x10008438       0x13 CMakeFiles/Ultrasonic.dir/C_/Users/Chervelle/.pico-sdk/sdk/2.2.0/src/common/pico_sync/mutex.c.obj
 .rodata.alarm_pool_irq_handler.str1.4
                0x1000844b       0x6f CMakeFiles/Ultrasonic.dir/C_/Users/Chervelle/.pico-sdk/sdk/2.2.0/src/common/pico_time/time.c.obj
 .rodata.alarm_pool_get_default.str1.4
                0x1000844b       0x21 CMakeFiles/Ultrasonic.dir/C_/Users/Chervelle/.pico-sdk/sdk/2.2.0/src/common/pico_time/time.c.obj
 .rodata.sleep_until.str1.4
                0x1000844b       0x4d CMakeFiles/Ultrasonic.dir/C_/Users/Chervelle/.pico-sdk/sdk/2.2.0/src/common/pico_time/time.c.obj
 *fill*         0x1000844b        0x1 
 .rodata.__func__.1
                0x1000844c       0x17 CMakeFiles/Ultrasonic.dir/C_/Users/Chervelle/.pico-sdk/sdk/2.2.0/src/common/pico_time/time.c.obj
 *fill*         0x10008463        0x1 
 .rodata.__func__.2
                0x10008464       0x17 CMakeFiles/Ultrasonic.dir/C_/Users/Chervelle/.pico-sdk/sdk/2.2.0/src/common/pico_time/time.c.obj
 .rodata.timer_hardware_alarm_claim.str1.4
                0x1000847b       0x22 CMakeFiles/Ultrasonic.dir/C_/Users/Chervelle/.pico-sdk/sdk/2.2.0/src/rp2_common/hardware_timer/timer.c.obj
 .rodata.pll_init.str1.4
                0x1000847b      0x120 CMakeFiles/Ultrasonic.dir/C_/Users/Chervelle/.pico-sdk/sdk/2.2.0/src/rp2_common/hardware_pll/pll.c.obj
 *fill*         0x1000847b        0x1 
 .rodata.__func__.0
                0x1000847c        0x9 CMakeFiles/Ultrasonic.dir/C_/Users/Chervelle/.pico-sdk/sdk/2.2.0/src/rp2_common/hardware_pll/pll.c.obj
 .rodata.__aeabi_double_init.str1.4
                0x10008485       0x9f CMakeFiles/Ultrasonic.dir/C_/Users/Chervelle/.pico-sdk/sdk/2.2.0/src/rp2_common/pico_double/double_init_rom_rp2040.c.obj
 *fill*         0x10008485        0x3 
 .rodata.__func__.0
                0x10008488       0x14 CMakeFiles/Ultrasonic.dir/C_/Users/Chervelle/.pico-sdk/sdk/2.2.0/src/rp2_common/pico_double/double_init_rom_rp2040.c.obj
 .rodata.__aeabi_float_init.str1.4
                0x1000849c       0x91 CMakeFiles/Ultrasonic.dir/C_/Users/Chervelle/.pico-sdk/sdk/2.2.0/src/rp2_common/pico_float/float_init_rom_rp2040.c.obj
 .rodata.__func__.0
                0x1000849c       0x13 CMakeFiles/Ultrasonic.dir/C_/Users/Chervelle/.pico-sdk/sdk/2.2.0/src/rp2_common/pico_float/float_init_rom_rp2040.c.obj
 .rodata.str1.4
                0x100084af       0x40 CMakeFiles/Ultrasonic.dir/C_/Users/Chervelle/.pico-sdk/sdk/2.2.0/src/rp2_common/pico_standard_binary_info/standard_binary_info.c.obj
 *fill*         0x100084af        0x1 
 .rodata.__bi_84
                0x100084b0        0xc CMakeFiles/Ultrasonic.dir/C_/Users/Chervelle/.pico-sdk/sdk/2.2.0/src/rp2_common/pico_standard_binary_info/standard_binary_info.c.obj
 .rodata.__bi_78
                0x100084bc        0xc CMakeFiles/Ultrasonic.dir/C_/Users/Chervelle/.pico-sdk/sdk/2.2.0/src/rp2_common/pico_standard_binary_info/standard_binary_info.c.obj
 .rodata.__bi_54
                0x100084c8        0xc CMakeFiles/Ultrasonic.dir/C_/Users/Chervelle/.pico-sdk/sdk/2.2.0/src/rp2_common/pico_standard_binary_info/standard_binary_info.c.obj
 .rodata.__bi_48
                0x100084d4        0xc CMakeFiles/Ultrasonic.dir/C_/Users/Chervelle/.pico-sdk/sdk/2.2.0/src/rp2_common/pico_standard_binary_info/standard_binary_info.c.obj
 .rodata.__bi_42
                0x100084e0        0xc CMakeFiles/Ultrasonic.dir/C_/Users/Chervelle/.pico-sdk/sdk/2.2.0/src/rp2_common/pico_standard_binary_info/standard_binary_info.c.obj
 .rodata.__bi_34
                0x100084ec        0xc CMakeFiles/Ultrasonic.dir/C_/Users/Chervelle/.pico-sdk/sdk/2.2.0/src/rp2_common/pico_standard_binary_info/standard_binary_info.c.obj
 .rodata.__bi_26
                0x100084f8        0xc CMakeFiles/Ultrasonic.dir/C_/Users/Chervelle/.pico-sdk/sdk/2.2.0/src/rp2_common/pico_standard_binary_info/standard_binary_info.c.obj
 .rodata._ftoa.str1.4
                0x10008504       0x15 CMakeFiles/Ultrasonic.dir/C_/Users/Chervelle/.pico-sdk/sdk/2.2.0/src/rp2_common/pico_printf/printf.c.obj
 .rodata._vsnprintf
                0x10008504      0x19c CMakeFiles/Ultrasonic.dir/C_/Users/Chervelle/.pico-sdk/sdk/2.2.0/src/rp2_common/pico_printf/printf.c.obj
 .rodata.pow10.0
                0x100086a0       0x50 CMakeFiles/Ultrasonic.dir/C_/Users/Chervelle/.pico-sdk/sdk/2.2.0/src/rp2_common/pico_printf/printf.c.obj
 .rodata.__assert_func.str1.4
                0x100086f0       0x43 CMakeFiles/Ultrasonic.dir/C_/Users/Chervelle/.pico-sdk/sdk/2.2.0/src/rp2_common/pico_clib_interface/newlib_interface.c.obj
 .rodata.crlf_str.0
                0x100086f0        0x2 CMakeFiles/Ultrasonic.dir/C_/Users/Chervelle/.pico-sdk/sdk/2.2.0/src/rp2_common/pico_stdio/stdio.c.obj
 *fill*         0x100086f2        0x2 
 .rodata._resetd_driver
                0x100086f4       0x20 CMakeFiles/Ultrasonic.dir/C_/Users/Chervelle/.pico-sdk/sdk/2.2.0/src/rp2_common/pico_stdio_usb/reset_interface.c.obj
 .rodata.desc_ms_os_20
                0x10008714       0xa6 CMakeFiles/Ultrasonic.dir/C_/Users/Chervelle/.pico-sdk/sdk/2.2.0/src/rp2_common/pico_stdio_usb/reset_interface.c.obj
 *fill*         0x100087ba        0x2 
 .rodata.desc_bos
                0x100087bc       0x21 CMakeFiles/Ultrasonic.dir/C_/Users/Chervelle/.pico-sdk/sdk/2.2.0/src/rp2_common/pico_stdio_usb/reset_interface.c.obj
                0x100087bc                desc_bos
 .rodata.stdio_usb_init.str1.4
                0x100087dd       0x59 CMakeFiles/Ultrasonic.dir/C_/Users/Chervelle/.pico-sdk/sdk/2.2.0/src/rp2_common/pico_stdio_usb/stdio_usb.c.obj
 .rodata.str1.4
                0x100087dd       0x13 CMakeFiles/Ultrasonic.dir/C_/Users/Chervelle/.pico-sdk/sdk/2.2.0/src/rp2_common/pico_stdio_usb/stdio_usb.c.obj
 *fill*         0x100087dd        0x3 
 .rodata.__bi_202.1
                0x100087e0        0xc CMakeFiles/Ultrasonic.dir/C_/Users/Chervelle/.pico-sdk/sdk/2.2.0/src/rp2_common/pico_stdio_usb/stdio_usb.c.obj
 .rodata.__func__.2
                0x100087ec        0xf CMakeFiles/Ultrasonic.dir/C_/Users/Chervelle/.pico-sdk/sdk/2.2.0/src/rp2_common/pico_stdio_usb/stdio_usb.c.obj
 .rodata.str1.4
                0x100087fb       0x2a CMakeFiles/Ultrasonic.dir/C_/Users/Chervelle/.pico-sdk/sdk/2.2.0/src/rp2_common/pico_stdio_usb/stdio_usb_descriptors.c.obj
 *fill*         0x100087fb        0x1 
 .rodata.usbd_desc_str
                0x100087fc       0x18 CMakeFiles/Ultrasonic.dir/C_/Users/Chervelle/.pico-sdk/sdk/2.2.0/src/rp2_common/pico_stdio_usb/stdio_usb_descriptors.c.obj
 .rodata.usbd_desc_cfg
                0x10008814       0x54 CMakeFiles/Ultrasonic.dir/C_/Users/Chervelle/.pico-sdk/sdk/2.2.0/src/rp2_common/pico_stdio_usb/stdio_usb_descriptors.c.obj
 .rodata.usbd_desc_device
                0x10008868       0x12 CMakeFiles/Ultrasonic.dir/C_/Users/Chervelle/.pico-sdk/sdk/2.2.0/src/rp2_common/pico_stdio_usb/stdio_usb_descriptors.c.obj
 .rodata.pico_get_unique_board_id_string.str1.4
                0x1000887a       0x59 CMakeFiles/Ultrasonic.dir/C_/Users/Chervelle/.pico-sdk/sdk/2.2.0/src/rp2_common/pico_unique_id/unique_id.c.obj
 *fill*         0x1000887a        0x2 
 .rodata.__func__.0
                0x1000887c       0x20 CMakeFiles/Ultrasonic.dir/C_/Users/Chervelle/.pico-sdk/sdk/2.2.0/src/rp2_common/pico_unique_id/unique_id.c.obj
 .rodata.str1.4
                0x1000889c      0x209 CMakeFiles/Ultrasonic.dir/C_/Users/Chervelle/.pico-sdk/sdk/2.2.0/src/rp2_common/hardware_flash/flash.c.obj
 .rodata.__func__.0
                0x1000889c        0xd CMakeFiles/Ultrasonic.dir/C_/Users/Chervelle/.pico-sdk/sdk/2.2.0/src/rp2_common/hardware_flash/flash.c.obj
 .rodata.hw_endpoint_alloc.str1.4
                0x100088a9       0xa4 CMakeFiles/Ultrasonic.dir/C_/Users/Chervelle/.pico-sdk/sdk/2.2.0/lib/tinyusb/src/portable/raspberrypi/rp2040/dcd_rp2040.c.obj
 .rodata.str1.4
                0x100088a9       0x14 CMakeFiles/Ultrasonic.dir/C_/Users/Chervelle/.pico-sdk/sdk/2.2.0/lib/tinyusb/src/portable/raspberrypi/rp2040/dcd_rp2040.c.obj
 .rodata.dcd_int_enable.str1.4
                0x100088a9        0xc CMakeFiles/Ultrasonic.dir/C_/Users/Chervelle/.pico-sdk/sdk/2.2.0/lib/tinyusb/src/portable/raspberrypi/rp2040/dcd_rp2040.c.obj
 *fill*         0x100088a9        0x3 
 .rodata.__func__.0
                0x100088ac        0xe CMakeFiles/Ultrasonic.dir/C_/Users/Chervelle/.pico-sdk/sdk/2.2.0/lib/tinyusb/src/portable/raspberrypi/rp2040/dcd_rp2040.c.obj
 *fill*         0x100088ba        0x2 
 .rodata.__func__.3
                0x100088bc       0x10 CMakeFiles/Ultrasonic.dir/C_/Users/Chervelle/.pico-sdk/sdk/2.2.0/lib/tinyusb/src/portable/raspberrypi/rp2040/dcd_rp2040.c.obj
 .rodata.__func__.5
                0x100088cc        0xf CMakeFiles/Ultrasonic.dir/C_/Users/Chervelle/.pico-sdk/sdk/2.2.0/lib/tinyusb/src/portable/raspberrypi/rp2040/dcd_rp2040.c.obj
 *fill*         0x100088db        0x1 
 .rodata.__func__.6
                0x100088dc       0x12 CMakeFiles/Ultrasonic.dir/C_/Users/Chervelle/.pico-sdk/sdk/2.2.0/lib/tinyusb/src/portable/raspberrypi/rp2040/dcd_rp2040.c.obj
 *fill*         0x100088ee        0x2 
 .rodata.__func__.7
                0x100088f0        0x9 CMakeFiles/Ultrasonic.dir/C_/Users/Chervelle/.pico-sdk/sdk/2.2.0/lib/tinyusb/src/portable/raspberrypi/rp2040/dcd_rp2040.c.obj
 .rodata.str1.4
                0x100088f9       0xe8 CMakeFiles/Ultrasonic.dir/C_/Users/Chervelle/.pico-sdk/sdk/2.2.0/lib/tinyusb/src/portable/raspberrypi/rp2040/rp2040_usb.c.obj
 .rodata.hw_endpoint_xfer_start.str1.4
                0x100088f9       0x38 CMakeFiles/Ultrasonic.dir/C_/Users/Chervelle/.pico-sdk/sdk/2.2.0/lib/tinyusb/src/portable/raspberrypi/rp2040/rp2040_usb.c.obj
 *fill*         0x100088f9        0x3 
 .rodata.__func__.0
                0x100088fc        0xf CMakeFiles/Ultrasonic.dir/C_/Users/Chervelle/.pico-sdk/sdk/2.2.0/lib/tinyusb/src/portable/raspberrypi/rp2040/rp2040_usb.c.obj
 .rodata.configuration_reset.str1.4
                0x1000890b       0x17 CMakeFiles/Ultrasonic.dir/C_/Users/Chervelle/.pico-sdk/sdk/2.2.0/lib/tinyusb/src/device/usbd.c.obj
 *fill*         0x1000890b        0x1 
 .rodata.process_get_descriptor
                0x1000890c       0x40 CMakeFiles/Ultrasonic.dir/C_/Users/Chervelle/.pico-sdk/sdk/2.2.0/lib/tinyusb/src/device/usbd.c.obj
 .rodata        0x1000894c       0x1c CMakeFiles/Ultrasonic.dir/C_/Users/Chervelle/.pico-sdk/sdk/2.2.0/lib/tinyusb/src/device/usbd.c.obj
 .rodata.process_control_request
                0x10008968       0x28 CMakeFiles/Ultrasonic.dir/C_/Users/Chervelle/.pico-sdk/sdk/2.2.0/lib/tinyusb/src/device/usbd.c.obj
 .rodata.tud_task_ext
                0x10008990       0x24 CMakeFiles/Ultrasonic.dir/C_/Users/Chervelle/.pico-sdk/sdk/2.2.0/lib/tinyusb/src/device/usbd.c.obj
 .rodata.__func__.3
                0x100089b4        0xf CMakeFiles/Ultrasonic.dir/C_/Users/Chervelle/.pico-sdk/sdk/2.2.0/lib/tinyusb/src/device/usbd.c.obj
 *fill*         0x100089c3        0x1 
 .rodata.__func__.4
                0x100089c4        0xf CMakeFiles/Ultrasonic.dir/C_/Users/Chervelle/.pico-sdk/sdk/2.2.0/lib/tinyusb/src/device/usbd.c.obj
 *fill*         0x100089d3        0x1 
 .rodata.__func__.5
                0x100089d4       0x14 CMakeFiles/Ultrasonic.dir/C_/Users/Chervelle/.pico-sdk/sdk/2.2.0/lib/tinyusb/src/device/usbd.c.obj
 .rodata.__func__.6
                0x100089e8        0xc CMakeFiles/Ultrasonic.dir/C_/Users/Chervelle/.pico-sdk/sdk/2.2.0/lib/tinyusb/src/device/usbd.c.obj
 .rodata.__func__.7
                0x100089f4       0x17 CMakeFiles/Ultrasonic.dir/C_/Users/Chervelle/.pico-sdk/sdk/2.2.0/lib/tinyusb/src/device/usbd.c.obj
 *fill*         0x10008a0b        0x1 
 .rodata.__func__.8
                0x10008a0c       0x13 CMakeFiles/Ultrasonic.dir/C_/Users/Chervelle/.pico-sdk/sdk/2.2.0/lib/tinyusb/src/device/usbd.c.obj
 *fill*         0x10008a1f        0x1 
 .rodata.__func__.9
                0x10008a20       0x18 CMakeFiles/Ultrasonic.dir/C_/Users/Chervelle/.pico-sdk/sdk/2.2.0/lib/tinyusb/src/device/usbd.c.obj
 .rodata.__func__.10
                0x10008a38       0x14 CMakeFiles/Ultrasonic.dir/C_/Users/Chervelle/.pico-sdk/sdk/2.2.0/lib/tinyusb/src/device/usbd.c.obj
 .rodata.__func__.11
                0x10008a4c        0xd CMakeFiles/Ultrasonic.dir/C_/Users/Chervelle/.pico-sdk/sdk/2.2.0/lib/tinyusb/src/device/usbd.c.obj
 *fill*         0x10008a59        0x3 
 .rodata.__func__.12
                0x10008a5c       0x10 CMakeFiles/Ultrasonic.dir/C_/Users/Chervelle/.pico-sdk/sdk/2.2.0/lib/tinyusb/src/device/usbd.c.obj
 .rodata._usbd_driver
                0x10008a6c       0x40 CMakeFiles/Ultrasonic.dir/C_/Users/Chervelle/.pico-sdk/sdk/2.2.0/lib/tinyusb/src/device/usbd.c.obj
 .rodata.tud_control_xfer.str1.4
                0x10008aac       0x17 CMakeFiles/Ultrasonic.dir/C_/Users/Chervelle/.pico-sdk/sdk/2.2.0/lib/tinyusb/src/device/usbd_control.c.obj
 .rodata.__func__.0
                0x10008aac       0x15 CMakeFiles/Ultrasonic.dir/C_/Users/Chervelle/.pico-sdk/sdk/2.2.0/lib/tinyusb/src/device/usbd_control.c.obj
 *fill*         0x10008ac1        0x3 
 .rodata.__func__.1
                0x10008ac4       0x11 CMakeFiles/Ultrasonic.dir/C_/Users/Chervelle/.pico-sdk/sdk/2.2.0/lib/tinyusb/src/device/usbd_control.c.obj
 .rodata.tud_cdc_n_write_flush.str1.4
                0x10008ad5       0x17 CMakeFiles/Ultrasonic.dir/C_/Users/Chervelle/.pico-sdk/sdk/2.2.0/lib/tinyusb/src/class/cdc/cdc_device.c.obj
 *fill*         0x10008ad5        0x3 
 .rodata.__func__.0
                0x10008ad8        0xd CMakeFiles/Ultrasonic.dir/C_/Users/Chervelle/.pico-sdk/sdk/2.2.0/lib/tinyusb/src/class/cdc/cdc_device.c.obj
 *fill*         0x10008ae5        0x3 
 .rodata.__func__.1
                0x10008ae8        0xa CMakeFiles/Ultrasonic.dir/C_/Users/Chervelle/.pico-sdk/sdk/2.2.0/lib/tinyusb/src/class/cdc/cdc_device.c.obj
 *fill*         0x10008af2        0x2 
 .rodata.__func__.3
                0x10008af4       0x16 CMakeFiles/Ultrasonic.dir/C_/Users/Chervelle/.pico-sdk/sdk/2.2.0/lib/tinyusb/src/class/cdc/cdc_device.c.obj
 .rodata.vendord_open.str1.4
                0x10008b0a       0x17 CMakeFiles/Ultrasonic.dir/C_/Users/Chervelle/.pico-sdk/sdk/2.2.0/lib/tinyusb/src/class/vendor/vendor_device.c.obj
 *fill*         0x10008b0a        0x2 
 .rodata.__func__.0
                0x10008b0c        0xd CMakeFiles/Ultrasonic.dir/C_/Users/Chervelle/.pico-sdk/sdk/2.2.0/lib/tinyusb/src/class/vendor/vendor_device.c.obj